Archive member included to satisfy reference by file (symbol)

/usr/lib/gcc/arm-none-eabi/9.2.1/thumb/v6-m/nofp/libgcc.a(_dvmd_tls.o)
                              CMakeFiles/Chasis.dir/home/jose/pico/pico-sdk/src/rp2_common/pico_divider/divider.S.obj (__aeabi_idiv0)
/usr/lib/gcc/arm-none-eabi/9.2.1/../../../arm-none-eabi/lib/thumb/v6-m/nofp/libc.a(lib_a-atexit.o)
                              /usr/lib/gcc/arm-none-eabi/9.2.1/../../../arm-none-eabi/lib/thumb/v6-m/nofp/crt0.o (atexit)
/usr/lib/gcc/arm-none-eabi/9.2.1/../../../arm-none-eabi/lib/thumb/v6-m/nofp/libc.a(lib_a-calloc.o)
                              CMakeFiles/Chasis.dir/home/jose/pico/pico-sdk/src/rp2_common/pico_malloc/pico_malloc.c.obj (calloc)
/usr/lib/gcc/arm-none-eabi/9.2.1/../../../arm-none-eabi/lib/thumb/v6-m/nofp/libc.a(lib_a-callocr.o)
                              /usr/lib/gcc/arm-none-eabi/9.2.1/../../../arm-none-eabi/lib/thumb/v6-m/nofp/libc.a(lib_a-calloc.o) (_calloc_r)
/usr/lib/gcc/arm-none-eabi/9.2.1/../../../arm-none-eabi/lib/thumb/v6-m/nofp/libc.a(lib_a-fini.o)
                              /usr/lib/gcc/arm-none-eabi/9.2.1/../../../arm-none-eabi/lib/thumb/v6-m/nofp/crt0.o (__libc_fini_array)
/usr/lib/gcc/arm-none-eabi/9.2.1/../../../arm-none-eabi/lib/thumb/v6-m/nofp/libc.a(lib_a-impure.o)
                              /usr/lib/gcc/arm-none-eabi/9.2.1/../../../arm-none-eabi/lib/thumb/v6-m/nofp/libc.a(lib_a-calloc.o) (_impure_ptr)
/usr/lib/gcc/arm-none-eabi/9.2.1/../../../arm-none-eabi/lib/thumb/v6-m/nofp/libc.a(lib_a-init.o)
                              /usr/lib/gcc/arm-none-eabi/9.2.1/../../../arm-none-eabi/lib/thumb/v6-m/nofp/crt0.o (__libc_init_array)
/usr/lib/gcc/arm-none-eabi/9.2.1/../../../arm-none-eabi/lib/thumb/v6-m/nofp/libc.a(lib_a-malloc.o)
                              CMakeFiles/Chasis.dir/home/jose/pico/pico-sdk/src/rp2_common/pico_malloc/pico_malloc.c.obj (malloc)
/usr/lib/gcc/arm-none-eabi/9.2.1/../../../arm-none-eabi/lib/thumb/v6-m/nofp/libc.a(lib_a-mallocr.o)
                              /usr/lib/gcc/arm-none-eabi/9.2.1/../../../arm-none-eabi/lib/thumb/v6-m/nofp/libc.a(lib_a-callocr.o) (_malloc_r)
/usr/lib/gcc/arm-none-eabi/9.2.1/../../../arm-none-eabi/lib/thumb/v6-m/nofp/libc.a(lib_a-mlock.o)
                              /usr/lib/gcc/arm-none-eabi/9.2.1/../../../arm-none-eabi/lib/thumb/v6-m/nofp/libc.a(lib_a-mallocr.o) (__malloc_lock)
/usr/lib/gcc/arm-none-eabi/9.2.1/../../../arm-none-eabi/lib/thumb/v6-m/nofp/libc.a(lib_a-realloc.o)
                              CMakeFiles/Chasis.dir/home/jose/pico/pico-sdk/src/rp2_common/pico_malloc/pico_malloc.c.obj (realloc)
/usr/lib/gcc/arm-none-eabi/9.2.1/../../../arm-none-eabi/lib/thumb/v6-m/nofp/libc.a(lib_a-reallocr.o)
                              /usr/lib/gcc/arm-none-eabi/9.2.1/../../../arm-none-eabi/lib/thumb/v6-m/nofp/libc.a(lib_a-realloc.o) (_realloc_r)
/usr/lib/gcc/arm-none-eabi/9.2.1/../../../arm-none-eabi/lib/thumb/v6-m/nofp/libc.a(lib_a-sbrkr.o)
                              /usr/lib/gcc/arm-none-eabi/9.2.1/../../../arm-none-eabi/lib/thumb/v6-m/nofp/libc.a(lib_a-mallocr.o) (_sbrk_r)
/usr/lib/gcc/arm-none-eabi/9.2.1/../../../arm-none-eabi/lib/thumb/v6-m/nofp/libc.a(lib_a-strlen-stub.o)
                              CMakeFiles/Chasis.dir/home/jose/pico/pico-sdk/src/rp2_common/pico_stdio/stdio.c.obj (strlen)
/usr/lib/gcc/arm-none-eabi/9.2.1/../../../arm-none-eabi/lib/thumb/v6-m/nofp/libc.a(lib_a-strtol.o)
                              CMakeFiles/Chasis.dir/Chasis.c.obj (strtol)
/usr/lib/gcc/arm-none-eabi/9.2.1/../../../arm-none-eabi/lib/thumb/v6-m/nofp/libc.a(lib_a-__atexit.o)
                              /usr/lib/gcc/arm-none-eabi/9.2.1/../../../arm-none-eabi/lib/thumb/v6-m/nofp/libc.a(lib_a-atexit.o) (__register_exitproc)
/usr/lib/gcc/arm-none-eabi/9.2.1/../../../arm-none-eabi/lib/thumb/v6-m/nofp/libc.a(lib_a-ctype_.o)
                              /usr/lib/gcc/arm-none-eabi/9.2.1/../../../arm-none-eabi/lib/thumb/v6-m/nofp/libc.a(lib_a-strtol.o) (_ctype_)
/usr/lib/gcc/arm-none-eabi/9.2.1/../../../arm-none-eabi/lib/thumb/v6-m/nofp/libc.a(lib_a-errno.o)
                              /usr/lib/gcc/arm-none-eabi/9.2.1/../../../arm-none-eabi/lib/thumb/v6-m/nofp/libc.a(lib_a-strtol.o) (__errno)
/usr/lib/gcc/arm-none-eabi/9.2.1/../../../arm-none-eabi/lib/thumb/v6-m/nofp/libc.a(lib_a-freer.o)
                              /usr/lib/gcc/arm-none-eabi/9.2.1/../../../arm-none-eabi/lib/thumb/v6-m/nofp/libc.a(lib_a-malloc.o) (_free_r)
/usr/lib/gcc/arm-none-eabi/9.2.1/../../../arm-none-eabi/lib/thumb/v6-m/nofp/libc.a(lib_a-memmove.o)
                              /usr/lib/gcc/arm-none-eabi/9.2.1/../../../arm-none-eabi/lib/thumb/v6-m/nofp/libc.a(lib_a-reallocr.o) (memmove)
/usr/lib/gcc/arm-none-eabi/9.2.1/../../../arm-none-eabi/lib/thumb/v6-m/nofp/libc.a(lib_a-reent.o)
                              /usr/lib/gcc/arm-none-eabi/9.2.1/../../../arm-none-eabi/lib/thumb/v6-m/nofp/libc.a(lib_a-sbrkr.o) (errno)

Allocating common symbols
Common symbol       size              file

[...]
Memory Configuration

Name             Origin             Length             Attributes
FLASH            0x0000000010000000 0x0000000000200000 xr
RAM              0x0000000020000000 0x0000000000040000 xrw
SCRATCH_X        0x0000000020040000 0x0000000000001000 xrw
SCRATCH_Y        0x0000000020041000 0x0000000000001000 xrw
*default*        0x0000000000000000 0xffffffffffffffff

Linker script and memory map

LOAD /usr/lib/gcc/arm-none-eabi/9.2.1/thumb/v6-m/nofp/crti.o
LOAD /usr/lib/gcc/arm-none-eabi/9.2.1/thumb/v6-m/nofp/crtbegin.o
LOAD /usr/lib/gcc/arm-none-eabi/9.2.1/../../../arm-none-eabi/lib/thumb/v6-m/nofp/crt0.o

.flash_begin    0x0000000010000000        0x0
                0x0000000010000000                __flash_binary_start = .

.boot2          0x0000000010000000      0x100
                0x0000000010000000                __boot2_start__ = .
 *(.boot2)
 .boot2         0x0000000010000000      0x100 /tmp/ccxAoGRO.o
                0x0000000010000100                __boot2_end__ = .
                0x0000000000000001                ASSERT (((__boot2_end__ - __boot2_start__) == 0x100), ERROR: Pico second stage bootloader must be 256 bytes in size)

.text           0x0000000010000100     0x7d30
                0x0000000010000100                __logical_binary_start = .
 *(.vectors)
 .vectors       0x0000000010000100       0xd4 CMakeFiles/Chasis.dir/home/jose/pico/pico-sdk/src/rp2_common/pico_standard_link/crt0.S.obj
                0x0000000010000100                __vectors
                0x0000000010000100                __VECTOR_TABLE
                0x00000000100001c0                isr_invalid
                0x00000000100001c0                __default_isrs_start
                0x00000000100001c2                isr_nmi
                0x00000000100001c4                isr_hardfault
                0x00000000100001c6                isr_svcall
                0x00000000100001c8                isr_pendsv
                0x00000000100001ca                isr_systick
                0x00000000100001cc                isr_irq30
                0x00000000100001cc                __unhandled_user_irq
                0x00000000100001cc                isr_irq13
                0x00000000100001cc                isr_irq27
                0x00000000100001cc                isr_irq31
                0x00000000100001cc                isr_irq5
                0x00000000100001cc                isr_irq11
                0x00000000100001cc                isr_irq23
                0x00000000100001cc                isr_irq18
                0x00000000100001cc                isr_irq28
                0x00000000100001cc                isr_irq19
                0x00000000100001cc                isr_irq0
                0x00000000100001cc                isr_irq6
                0x00000000100001cc                isr_irq22
                0x00000000100001cc                isr_irq17
                0x00000000100001cc                isr_irq14
                0x00000000100001cc                isr_irq2
                0x00000000100001cc                isr_irq10
                0x00000000100001cc                isr_irq8
                0x00000000100001cc                isr_irq24
                0x00000000100001cc                isr_irq1
                0x00000000100001cc                isr_irq7
                0x00000000100001cc                isr_irq21
                0x00000000100001cc                isr_irq20
                0x00000000100001cc                isr_irq15
                0x00000000100001cc                isr_irq25
                0x00000000100001cc                isr_irq4
                0x00000000100001cc                isr_irq16
                0x00000000100001cc                isr_irq29
                0x00000000100001cc                isr_irq26
                0x00000000100001cc                __default_isrs_end
                0x00000000100001cc                isr_irq3
                0x00000000100001cc                isr_irq12
                0x00000000100001cc                isr_irq9
                0x00000000100001d2                unhandled_user_irq_num_in_r0
 *(.binary_info_header)
 .binary_info_header
                0x00000000100001d4       0x14 CMakeFiles/Chasis.dir/home/jose/pico/pico-sdk/src/rp2_common/pico_standard_link/crt0.S.obj
                0x00000000100001e8                __binary_info_header_end = .
 *(.reset)
 .reset         0x00000000100001e8       0xa0 CMakeFiles/Chasis.dir/home/jose/pico/pico-sdk/src/rp2_common/pico_standard_link/crt0.S.obj
                0x00000000100001e8                _entry_point
 .reset         0x0000000010000288       0x30 CMakeFiles/Chasis.dir/home/jose/pico/pico-sdk/src/rp2_common/pico_standard_link/binary_info.c.obj
 *(.init)
 .init          0x00000000100002b8        0x4 /usr/lib/gcc/arm-none-eabi/9.2.1/thumb/v6-m/nofp/crti.o
                0x00000000100002b8                _init
 *(EXCLUDE_FILE(*libm.a: *libc.a:*lib_a-mem*.o *libgcc.a:) .text*)
 .text          0x00000000100002bc       0x98 /usr/lib/gcc/arm-none-eabi/9.2.1/thumb/v6-m/nofp/crtbegin.o
 .text.uart_task1_receive
                0x0000000010000354       0xec CMakeFiles/Chasis.dir/Chasis.c.obj
                0x0000000010000354                uart_task1_receive
 .text.uart_task2_receive
                0x0000000010000440      0x174 CMakeFiles/Chasis.dir/Chasis.c.obj
                0x0000000010000440                uart_task2_receive
 .text.vBlinkTask
                0x00000000100005b4       0x20 CMakeFiles/Chasis.dir/Chasis.c.obj
                0x00000000100005b4                vBlinkTask
 .text.steeringLogic
                0x00000000100005d4       0xa0 CMakeFiles/Chasis.dir/Chasis.c.obj
                0x00000000100005d4                steeringLogic
 .text.frontLightLogic
                0x0000000010000674       0x60 CMakeFiles/Chasis.dir/Chasis.c.obj
                0x0000000010000674                frontLightLogic
 .text.hornLogic
                0x00000000100006d4       0x4c CMakeFiles/Chasis.dir/Chasis.c.obj
                0x00000000100006d4                hornLogic
 .text.uart_task1_send
                0x0000000010000720       0xf0 CMakeFiles/Chasis.dir/Chasis.c.obj
                0x0000000010000720                uart_task1_send
 .text.uart_task2_send
                0x0000000010000810       0xec CMakeFiles/Chasis.dir/Chasis.c.obj
                0x0000000010000810                uart_task2_send
 .text.rearLightLogic
                0x00000000100008fc      0x230 CMakeFiles/Chasis.dir/Chasis.c.obj
                0x00000000100008fc                rearLightLogic
 .text.initUART1
                0x0000000010000b2c       0x50 CMakeFiles/Chasis.dir/Chasis.c.obj
                0x0000000010000b2c                initUART1
 .text.initUART2
                0x0000000010000b7c       0x50 CMakeFiles/Chasis.dir/Chasis.c.obj
                0x0000000010000b7c                initUART2
 .text.startup.main
                0x0000000010000bcc      0x1fc CMakeFiles/Chasis.dir/Chasis.c.obj
                0x0000000010000bcc                main
 .text.gpio_set_function
                0x0000000010000dc8       0x30 CMakeFiles/Chasis.dir/home/jose/pico/pico-sdk/src/rp2_common/hardware_gpio/gpio.c.obj
                0x0000000010000dc8                gpio_set_function
 .text.gpio_init
                0x0000000010000df8       0x3c CMakeFiles/Chasis.dir/home/jose/pico/pico-sdk/src/rp2_common/hardware_gpio/gpio.c.obj
                0x0000000010000df8                gpio_init
 .text.gpio_init_mask
                0x0000000010000e34       0x68 CMakeFiles/Chasis.dir/home/jose/pico/pico-sdk/src/rp2_common/hardware_gpio/gpio.c.obj
                0x0000000010000e34                gpio_init_mask
 .text.running_on_fpga
                0x0000000010000e9c       0x10 CMakeFiles/Chasis.dir/home/jose/pico/pico-sdk/src/rp2_common/pico_platform/platform.c.obj
                0x0000000010000e9c                running_on_fpga
 .text.hw_claim_or_assert
                0x0000000010000eac       0x48 CMakeFiles/Chasis.dir/home/jose/pico/pico-sdk/src/rp2_common/hardware_claim/claim.c.obj
                0x0000000010000eac                hw_claim_or_assert
 .text.spin_locks_reset
                0x0000000010000ef4       0x1c CMakeFiles/Chasis.dir/home/jose/pico/pico-sdk/src/rp2_common/hardware_sync/sync.c.obj
                0x0000000010000ef4                spin_locks_reset
 .text.next_striped_spin_lock_num
                0x0000000010000f10       0x18 CMakeFiles/Chasis.dir/home/jose/pico/pico-sdk/src/rp2_common/hardware_sync/sync.c.obj
                0x0000000010000f10                next_striped_spin_lock_num
 .text.irq_set_enabled
                0x0000000010000f28       0x24 CMakeFiles/Chasis.dir/home/jose/pico/pico-sdk/src/rp2_common/hardware_irq/irq.c.obj
                0x0000000010000f28                irq_set_enabled
 .text.irq_get_vtable_handler
                0x0000000010000f4c       0x10 CMakeFiles/Chasis.dir/home/jose/pico/pico-sdk/src/rp2_common/hardware_irq/irq.c.obj
                0x0000000010000f4c                irq_get_vtable_handler
 .text.irq_set_exclusive_handler
                0x0000000010000f5c       0x54 CMakeFiles/Chasis.dir/home/jose/pico/pico-sdk/src/rp2_common/hardware_irq/irq.c.obj
                0x0000000010000f5c                irq_set_exclusive_handler
 .text.irq_remove_handler
                0x0000000010000fb0      0x1b4 CMakeFiles/Chasis.dir/home/jose/pico/pico-sdk/src/rp2_common/hardware_irq/irq.c.obj
                0x0000000010000fb0                irq_remove_handler
 .text.irq_add_tail_to_free_list
                0x0000000010001164       0xb4 CMakeFiles/Chasis.dir/home/jose/pico/pico-sdk/src/rp2_common/hardware_irq/irq.c.obj
                0x0000000010001164                irq_add_tail_to_free_list
 .text.irq_init_priorities
                0x0000000010001218       0x24 CMakeFiles/Chasis.dir/home/jose/pico/pico-sdk/src/rp2_common/hardware_irq/irq.c.obj
                0x0000000010001218                irq_init_priorities
 .text.lock_init
                0x000000001000123c       0x10 CMakeFiles/Chasis.dir/home/jose/pico/pico-sdk/src/common/pico_sync/lock_core.c.obj
                0x000000001000123c                lock_init
 .text.mutex_init
                0x000000001000124c       0x1c CMakeFiles/Chasis.dir/home/jose/pico/pico-sdk/src/common/pico_sync/mutex.c.obj
                0x000000001000124c                mutex_init
 .text.recursive_mutex_init
                0x0000000010001268       0x20 CMakeFiles/Chasis.dir/home/jose/pico/pico-sdk/src/common/pico_sync/mutex.c.obj
                0x0000000010001268                recursive_mutex_init
 .text.timer_pool_entry_comparator
                0x0000000010001288       0x34 CMakeFiles/Chasis.dir/home/jose/pico/pico-sdk/src/common/pico_time/time.c.obj
                0x0000000010001288                timer_pool_entry_comparator
 .text.sleep_until_callback
                0x00000000100012bc       0x24 CMakeFiles/Chasis.dir/home/jose/pico/pico-sdk/src/common/pico_time/time.c.obj
 .text.add_alarm_under_lock
                0x00000000100012e0      0x108 CMakeFiles/Chasis.dir/home/jose/pico/pico-sdk/src/common/pico_time/time.c.obj
 .text.alarm_pool_alarm_callback
                0x00000000100013e8      0x1b8 CMakeFiles/Chasis.dir/home/jose/pico/pico-sdk/src/common/pico_time/time.c.obj
 .text.alarm_pool_init_default
                0x00000000100015a0       0x6c CMakeFiles/Chasis.dir/home/jose/pico/pico-sdk/src/common/pico_time/time.c.obj
                0x00000000100015a0                alarm_pool_init_default
 .text.alarm_pool_add_alarm_at
                0x000000001000160c      0x190 CMakeFiles/Chasis.dir/home/jose/pico/pico-sdk/src/common/pico_time/time.c.obj
                0x000000001000160c                alarm_pool_add_alarm_at
 .text.alarm_pool_cancel_alarm
                0x000000001000179c       0x70 CMakeFiles/Chasis.dir/home/jose/pico/pico-sdk/src/common/pico_time/time.c.obj
                0x000000001000179c                alarm_pool_cancel_alarm
 .text.best_effort_wfe_or_timeout
                0x000000001000180c       0x60 CMakeFiles/Chasis.dir/home/jose/pico/pico-sdk/src/common/pico_time/time.c.obj
                0x000000001000180c                best_effort_wfe_or_timeout
 .text.hardware_alarm_irq_handler
                0x000000001000186c       0xbc CMakeFiles/Chasis.dir/home/jose/pico/pico-sdk/src/rp2_common/hardware_timer/timer.c.obj
 .text.hardware_alarm_claim
                0x0000000010001928       0x18 CMakeFiles/Chasis.dir/home/jose/pico/pico-sdk/src/rp2_common/hardware_timer/timer.c.obj
                0x0000000010001928                hardware_alarm_claim
 .text.time_us_64
                0x0000000010001940       0x14 CMakeFiles/Chasis.dir/home/jose/pico/pico-sdk/src/rp2_common/hardware_timer/timer.c.obj
                0x0000000010001940                time_us_64
 .text.hardware_alarm_set_callback
                0x0000000010001954       0x8c CMakeFiles/Chasis.dir/home/jose/pico/pico-sdk/src/rp2_common/hardware_timer/timer.c.obj
                0x0000000010001954                hardware_alarm_set_callback
 .text.hardware_alarm_set_target
                0x00000000100019e0       0xe4 CMakeFiles/Chasis.dir/home/jose/pico/pico-sdk/src/rp2_common/hardware_timer/timer.c.obj
                0x00000000100019e0                hardware_alarm_set_target
 .text.hardware_alarm_cancel
                0x0000000010001ac4       0x40 CMakeFiles/Chasis.dir/home/jose/pico/pico-sdk/src/rp2_common/hardware_timer/timer.c.obj
                0x0000000010001ac4                hardware_alarm_cancel
 .text.ph_merge_nodes
                0x0000000010001b04       0x68 CMakeFiles/Chasis.dir/home/jose/pico/pico-sdk/src/common/pico_util/pheap.c.obj
 .text.ph_post_alloc_init
                0x0000000010001b6c       0x3c CMakeFiles/Chasis.dir/home/jose/pico/pico-sdk/src/common/pico_util/pheap.c.obj
                0x0000000010001b6c                ph_post_alloc_init
 .text.ph_merge_two_pass
                0x0000000010001ba8       0x90 CMakeFiles/Chasis.dir/home/jose/pico/pico-sdk/src/common/pico_util/pheap.c.obj
                0x0000000010001ba8                ph_merge_two_pass
 .text.ph_remove_any_head
                0x0000000010001c38      0x100 CMakeFiles/Chasis.dir/home/jose/pico/pico-sdk/src/common/pico_util/pheap.c.obj
 .text.ph_remove_head
                0x0000000010001d38      0x144 CMakeFiles/Chasis.dir/home/jose/pico/pico-sdk/src/common/pico_util/pheap.c.obj
                0x0000000010001d38                ph_remove_head
 .text.ph_remove_and_free_node
                0x0000000010001e7c       0x7c CMakeFiles/Chasis.dir/home/jose/pico/pico-sdk/src/common/pico_util/pheap.c.obj
                0x0000000010001e7c                ph_remove_and_free_node
 .text.uart_init
                0x0000000010001ef8       0xe4 CMakeFiles/Chasis.dir/home/jose/pico/pico-sdk/src/rp2_common/hardware_uart/uart.c.obj
                0x0000000010001ef8                uart_init
 .text.clocks_init
                0x0000000010001fdc      0x2bc CMakeFiles/Chasis.dir/home/jose/pico/pico-sdk/src/rp2_common/hardware_clocks/clocks.c.obj
                0x0000000010001fdc                clocks_init
 .text.clock_get_hz
                0x0000000010002298        0xc CMakeFiles/Chasis.dir/home/jose/pico/pico-sdk/src/rp2_common/hardware_clocks/clocks.c.obj
                0x0000000010002298                clock_get_hz
 .text.pll_init
                0x00000000100022a4       0xa8 CMakeFiles/Chasis.dir/home/jose/pico/pico-sdk/src/rp2_common/hardware_pll/pll.c.obj
                0x00000000100022a4                pll_init
 .text.watchdog_start_tick
                0x000000001000234c       0x10 CMakeFiles/Chasis.dir/home/jose/pico/pico-sdk/src/rp2_common/hardware_watchdog/watchdog.c.obj
                0x000000001000234c                watchdog_start_tick
 .text.xosc_init
                0x000000001000235c       0x28 CMakeFiles/Chasis.dir/home/jose/pico/pico-sdk/src/rp2_common/hardware_xosc/xosc.c.obj
                0x000000001000235c                xosc_init
 .text.runtime_init
                0x0000000010002384       0xf0 CMakeFiles/Chasis.dir/home/jose/pico/pico-sdk/src/rp2_common/pico_runtime/runtime.c.obj
                0x0000000010002384                runtime_init
 .text._exit    0x0000000010002474        0x4 CMakeFiles/Chasis.dir/home/jose/pico/pico-sdk/src/rp2_common/pico_runtime/runtime.c.obj
                0x0000000010002474                _exit
 .text._sbrk    0x0000000010002478       0x34 CMakeFiles/Chasis.dir/home/jose/pico/pico-sdk/src/rp2_common/pico_runtime/runtime.c.obj
                0x0000000010002478                _sbrk
 .text.exit     0x00000000100024ac        0x8 CMakeFiles/Chasis.dir/home/jose/pico/pico-sdk/src/rp2_common/pico_runtime/runtime.c.obj
                0x00000000100024ac                exit
 .text.panic    0x00000000100024b4       0x30 CMakeFiles/Chasis.dir/home/jose/pico/pico-sdk/src/rp2_common/pico_runtime/runtime.c.obj
                0x00000000100024b4                panic
 .text.panic_unsupported
                0x00000000100024e4        0xc CMakeFiles/Chasis.dir/home/jose/pico/pico-sdk/src/rp2_common/pico_runtime/runtime.c.obj
                0x00000000100024e4                panic_unsupported
 .text.hard_assertion_failure
                0x00000000100024f0        0xc CMakeFiles/Chasis.dir/home/jose/pico/pico-sdk/src/rp2_common/pico_runtime/runtime.c.obj
                0x00000000100024f0                hard_assertion_failure
 .text._out_buffer
                0x00000000100024fc        0x8 CMakeFiles/Chasis.dir/home/jose/pico/pico-sdk/src/rp2_common/pico_printf/printf.c.obj
 .text._out_null
                0x0000000010002504        0x4 CMakeFiles/Chasis.dir/home/jose/pico/pico-sdk/src/rp2_common/pico_printf/printf.c.obj
 .text._out_rev
                0x0000000010002508       0xd0 CMakeFiles/Chasis.dir/home/jose/pico/pico-sdk/src/rp2_common/pico_printf/printf.c.obj
 .text._ntoa_format
                0x00000000100025d8      0x1d0 CMakeFiles/Chasis.dir/home/jose/pico/pico-sdk/src/rp2_common/pico_printf/printf.c.obj
 .text._out_char
                0x00000000100027a8       0x10 CMakeFiles/Chasis.dir/home/jose/pico/pico-sdk/src/rp2_common/pico_printf/printf.c.obj
 .text._etoa    0x00000000100027b8      0x478 CMakeFiles/Chasis.dir/home/jose/pico/pico-sdk/src/rp2_common/pico_printf/printf.c.obj
 .text._ftoa    0x0000000010002c30      0x3e0 CMakeFiles/Chasis.dir/home/jose/pico/pico-sdk/src/rp2_common/pico_printf/printf.c.obj
 .text._vsnprintf
                0x0000000010003010      0xb08 CMakeFiles/Chasis.dir/home/jose/pico/pico-sdk/src/rp2_common/pico_printf/printf.c.obj
 .text.__wrap_sprintf
                0x0000000010003b18       0x28 CMakeFiles/Chasis.dir/home/jose/pico/pico-sdk/src/rp2_common/pico_printf/printf.c.obj
                0x0000000010003b18                __wrap_sprintf
 .text.weak_raw_vprintf
                0x0000000010003b40       0x30 CMakeFiles/Chasis.dir/home/jose/pico/pico-sdk/src/rp2_common/pico_printf/printf.c.obj
                0x0000000010003b40                weak_raw_vprintf
 .text          0x0000000010003b70       0x10 CMakeFiles/Chasis.dir/home/jose/pico/pico-sdk/src/rp2_common/pico_bit_ops/bit_ops_aeabi.S.obj
 .text.rom_func_lookup
                0x0000000010003b80       0x10 CMakeFiles/Chasis.dir/home/jose/pico/pico-sdk/src/rp2_common/pico_bootrom/bootrom.c.obj
                0x0000000010003b80                rom_func_lookup
 .text.rom_data_lookup
                0x0000000010003b90       0x10 CMakeFiles/Chasis.dir/home/jose/pico/pico-sdk/src/rp2_common/pico_bootrom/bootrom.c.obj
                0x0000000010003b90                rom_data_lookup
 .text.rom_funcs_lookup
                0x0000000010003ba0       0x3c CMakeFiles/Chasis.dir/home/jose/pico/pico-sdk/src/rp2_common/pico_bootrom/bootrom.c.obj
                0x0000000010003ba0                rom_funcs_lookup
 .text.__wrap___aeabi_idiv
                0x0000000010003bdc       0x50 CMakeFiles/Chasis.dir/home/jose/pico/pico-sdk/src/rp2_common/pico_divider/divider.S.obj
                0x0000000010003bdc                __wrap___aeabi_idivmod
                0x0000000010003bdc                divmod_s32s32
                0x0000000010003bdc                div_s32s32
                0x0000000010003bdc                __wrap___aeabi_idiv
                0x0000000010003be4                divmod_s32s32_unsafe
                0x0000000010003c10                divmod_s32s32_savestate
 .text.__wrap___aeabi_uidiv
                0x0000000010003c2c       0x4c CMakeFiles/Chasis.dir/home/jose/pico/pico-sdk/src/rp2_common/pico_divider/divider.S.obj
                0x0000000010003c2c                __wrap___aeabi_uidiv
                0x0000000010003c2c                __wrap___aeabi_uidivmod
                0x0000000010003c2c                div_u32u32
                0x0000000010003c2c                divmod_u32u32
                0x0000000010003c34                divmod_u32u32_unsafe
                0x0000000010003c5c                divmod_u32u32_savestate
 .text.__wrap___aeabi_ldiv
                0x0000000010003c78      0x424 CMakeFiles/Chasis.dir/home/jose/pico/pico-sdk/src/rp2_common/pico_divider/divider.S.obj
                0x0000000010003c78                div_s64s64
                0x0000000010003c78                divmod_s64s64
                0x0000000010003c78                __wrap___aeabi_ldivmod
                0x0000000010003ca8                div_u64u64
                0x0000000010003ca8                divmod_u64u64
                0x0000000010003ca8                __wrap___aeabi_uldivmod
                0x0000000010003cb8                divmod_u64u64_savestate
                0x0000000010003cd8                divmod_s64s64_unsafe
                0x0000000010003d60                divmod_u64u64_unsafe
 .text.__wrap___aeabi_darithmetic
                0x000000001000409c       0x80 CMakeFiles/Chasis.dir/home/jose/pico/pico-sdk/src/rp2_common/pico_double/double_aeabi.S.obj
                0x000000001000409c                __wrap___aeabi_drsub
                0x00000000100040a2                __wrap___aeabi_dsub
                0x00000000100040b4                __wrap___aeabi_dadd
                0x00000000100040c6                __wrap___aeabi_ddiv
                0x0000000010004102                __wrap___aeabi_dmul
 .text.__wrap___aeabi_cdcmple
                0x000000001000411c       0x6c CMakeFiles/Chasis.dir/home/jose/pico/pico-sdk/src/rp2_common/pico_double/double_aeabi.S.obj
                0x000000001000411c                __wrap___aeabi_cdrcmple
                0x000000001000412c                __wrap___aeabi_cdcmple
                0x000000001000412c                __wrap___aeabi_cdcmpeq
 .text.__wrap___aeabi_dcmplt
                0x0000000010004188        0xc CMakeFiles/Chasis.dir/home/jose/pico/pico-sdk/src/rp2_common/pico_double/double_aeabi.S.obj
                0x0000000010004188                __wrap___aeabi_dcmplt
 .text.__wrap___aeabi_dcmple
                0x0000000010004194       0x10 CMakeFiles/Chasis.dir/home/jose/pico/pico-sdk/src/rp2_common/pico_double/double_aeabi.S.obj
                0x0000000010004194                __wrap___aeabi_dcmple
 .text.__wrap___aeabi_dcmpge
                0x00000000100041a4       0x10 CMakeFiles/Chasis.dir/home/jose/pico/pico-sdk/src/rp2_common/pico_double/double_aeabi.S.obj
                0x00000000100041a4                __wrap___aeabi_dcmpge
 .text.__wrap___aeabi_dcmpgt
                0x00000000100041b4        0xa CMakeFiles/Chasis.dir/home/jose/pico/pico-sdk/src/rp2_common/pico_double/double_aeabi.S.obj
                0x00000000100041b4                __wrap___aeabi_dcmpgt
 .text.__wrap___aeabi_dcmpun
                0x00000000100041be       0x1c CMakeFiles/Chasis.dir/home/jose/pico/pico-sdk/src/rp2_common/pico_double/double_aeabi.S.obj
                0x00000000100041be                __wrap___aeabi_dcmpun
 *fill*         0x00000000100041da        0x2 
 .text.__wrap___aeabi_i2d
                0x00000000100041dc       0x38 CMakeFiles/Chasis.dir/home/jose/pico/pico-sdk/src/rp2_common/pico_double/double_aeabi.S.obj
                0x00000000100041dc                __wrap___aeabi_ui2d
                0x00000000100041e4                __wrap___aeabi_i2d
 .text.__wrap___aeabi_d2iz
                0x0000000010004214       0x48 CMakeFiles/Chasis.dir/home/jose/pico/pico-sdk/src/rp2_common/pico_double/double_aeabi.S.obj
                0x0000000010004214                __wrap___aeabi_d2iz
                0x0000000010004214                double2int_z
 .text.__wrap___aeabi_d2uiz
                0x000000001000425c       0x18 CMakeFiles/Chasis.dir/home/jose/pico/pico-sdk/src/rp2_common/pico_double/double_aeabi.S.obj
                0x000000001000425c                double2uint
                0x000000001000425c                __wrap___aeabi_d2uiz
 .text.__aeabi_double_init
                0x0000000010004274       0xc0 CMakeFiles/Chasis.dir/home/jose/pico/pico-sdk/src/rp2_common/pico_double/double_init_rom.c.obj
                0x0000000010004274                __aeabi_double_init
 .text.double_table_shim_on_use_helper
                0x0000000010004334       0x2c CMakeFiles/Chasis.dir/home/jose/pico/pico-sdk/src/rp2_common/pico_double/double_v1_rom_shim.S.obj
                0x0000000010004334                double_table_shim_on_use_helper
 .text.__wrap___aeabi_dsub
                0x0000000010004360       0x10 CMakeFiles/Chasis.dir/home/jose/pico/pico-sdk/src/rp2_common/pico_double/double_v1_rom_shim.S.obj
                0x0000000010004360                drsub_shim
                0x0000000010004366                dsub_shim
 .text.dadd_shim
                0x0000000010004370      0x15c CMakeFiles/Chasis.dir/home/jose/pico/pico-sdk/src/rp2_common/pico_double/double_v1_rom_shim.S.obj
                0x0000000010004370                dadd_shim
 .text.dmul_shim
                0x00000000100044cc      0x15c CMakeFiles/Chasis.dir/home/jose/pico/pico-sdk/src/rp2_common/pico_double/double_v1_rom_shim.S.obj
                0x00000000100044cc                dmul_shim
 .text.ddiv_shim
                0x0000000010004628      0x1b0 CMakeFiles/Chasis.dir/home/jose/pico/pico-sdk/src/rp2_common/pico_double/double_v1_rom_shim.S.obj
                0x0000000010004628                ddiv_shim
 .text.double2uint_shim
                0x00000000100047d8        0xe CMakeFiles/Chasis.dir/home/jose/pico/pico-sdk/src/rp2_common/pico_double/double_v1_rom_shim.S.obj
                0x00000000100047d8                double2uint_shim
                0x00000000100047da                double2ufix_shim
 *fill*         0x00000000100047e6        0x2 
 .text.double2uint64_shim
                0x00000000100047e8       0x70 CMakeFiles/Chasis.dir/home/jose/pico/pico-sdk/src/rp2_common/pico_double/double_v1_rom_shim.S.obj
                0x00000000100047e8                double2uint64_shim
                0x00000000100047ea                double2ufix64_shim
                0x000000001000480a                d2fix_a
 .text.dunpacks
                0x0000000010004858       0x3c CMakeFiles/Chasis.dir/home/jose/pico/pico-sdk/src/rp2_common/pico_double/double_v1_rom_shim.S.obj
                0x0000000010004858                dunpacks
 .text.__aeabi_float_init
                0x0000000010004894       0x64 CMakeFiles/Chasis.dir/home/jose/pico/pico-sdk/src/rp2_common/pico_float/float_init_rom.c.obj
                0x0000000010004894                __aeabi_float_init
 .text.float_table_shim_on_use_helper
                0x00000000100048f8       0x2c CMakeFiles/Chasis.dir/home/jose/pico/pico-sdk/src/rp2_common/pico_float/float_v1_rom_shim.S.obj
                0x00000000100048f8                float_table_shim_on_use_helper
 .text.__wrap_malloc
                0x0000000010004924       0x3c CMakeFiles/Chasis.dir/home/jose/pico/pico-sdk/src/rp2_common/pico_malloc/pico_malloc.c.obj
                0x0000000010004924                __wrap_malloc
 .text.__wrap_free
                0x0000000010004960       0x20 CMakeFiles/Chasis.dir/home/jose/pico/pico-sdk/src/rp2_common/pico_malloc/pico_malloc.c.obj
                0x0000000010004960                __wrap_free
 .text          0x0000000010004980       0x10 CMakeFiles/Chasis.dir/home/jose/pico/pico-sdk/src/rp2_common/pico_mem_ops/mem_ops_aeabi.S.obj
                0x0000000010004980                __aeabi_mem_init
 .text.memset   0x0000000010004990        0xc CMakeFiles/Chasis.dir/home/jose/pico/pico-sdk/src/rp2_common/pico_mem_ops/mem_ops_aeabi.S.obj
                0x0000000010004990                __wrap_memset
 .text.memcpy   0x000000001000499c        0xc CMakeFiles/Chasis.dir/home/jose/pico/pico-sdk/src/rp2_common/pico_mem_ops/mem_ops_aeabi.S.obj
                0x000000001000499c                __wrap___aeabi_memcpy
                0x000000001000499c                __wrap_memcpy
 .text.stdio_out_chars_no_crlf
                0x00000000100049a8       0x10 CMakeFiles/Chasis.dir/home/jose/pico/pico-sdk/src/rp2_common/pico_stdio/stdio.c.obj
 .text.stdio_out_chars_crlf
                0x00000000100049b8       0x94 CMakeFiles/Chasis.dir/home/jose/pico/pico-sdk/src/rp2_common/pico_stdio/stdio.c.obj
 .text.stdio_put_string
                0x0000000010004a4c      0x104 CMakeFiles/Chasis.dir/home/jose/pico/pico-sdk/src/rp2_common/pico_stdio/stdio.c.obj
 .text.__wrap_putchar
                0x0000000010004b50       0x98 CMakeFiles/Chasis.dir/home/jose/pico/pico-sdk/src/rp2_common/pico_stdio/stdio.c.obj
                0x0000000010004b50                __wrap_putchar
 .text.__wrap_puts
                0x0000000010004be8       0x3c CMakeFiles/Chasis.dir/home/jose/pico/pico-sdk/src/rp2_common/pico_stdio/stdio.c.obj
                0x0000000010004be8                __wrap_puts
 .text.stdio_set_driver_enabled
                0x0000000010004c24       0x30 CMakeFiles/Chasis.dir/home/jose/pico/pico-sdk/src/rp2_common/pico_stdio/stdio.c.obj
                0x0000000010004c24                stdio_set_driver_enabled
 .text.stdio_init_all
                0x0000000010004c54        0xc CMakeFiles/Chasis.dir/home/jose/pico/pico-sdk/src/rp2_common/pico_stdio/stdio.c.obj
                0x0000000010004c54                stdio_init_all
 .text.stdio_uart_out_chars
                0x0000000010004c60       0x4c CMakeFiles/Chasis.dir/home/jose/pico/pico-sdk/src/rp2_common/pico_stdio_uart/stdio_uart.c.obj
 .text.stdio_uart_in_chars
                0x0000000010004cac       0x84 CMakeFiles/Chasis.dir/home/jose/pico/pico-sdk/src/rp2_common/pico_stdio_uart/stdio_uart.c.obj
                0x0000000010004cac                stdio_uart_in_chars
 .text.on_uart_rx
                0x0000000010004d30       0x28 CMakeFiles/Chasis.dir/home/jose/pico/pico-sdk/src/rp2_common/pico_stdio_uart/stdio_uart.c.obj
 .text.stdio_uart_set_chars_available_callback
                0x0000000010004d58       0x8c CMakeFiles/Chasis.dir/home/jose/pico/pico-sdk/src/rp2_common/pico_stdio_uart/stdio_uart.c.obj
 .text.stdio_uart_init
                0x0000000010004de4       0x48 CMakeFiles/Chasis.dir/home/jose/pico/pico-sdk/src/rp2_common/pico_stdio_uart/stdio_uart.c.obj
                0x0000000010004de4                stdio_uart_init
 .text.vPortSVCHandler
                0x0000000010004e2c        0x4 CMakeFiles/Chasis.dir/home/jose/pico/FreeRTOS/FreeRTOS/Source/portable/ThirdParty/GCC/RP2040/port.c.obj
                0x0000000010004e2c                vPortSVCHandler
 .text.vPortStartFirstTask
                0x0000000010004e30       0x34 CMakeFiles/Chasis.dir/home/jose/pico/FreeRTOS/FreeRTOS/Source/portable/ThirdParty/GCC/RP2040/port.c.obj
 *fill*         0x0000000010004e64        0xc 
 .text.xPortPendSVHandler
                0x0000000010004e70       0x64 CMakeFiles/Chasis.dir/home/jose/pico/FreeRTOS/FreeRTOS/Source/portable/ThirdParty/GCC/RP2040/port.c.obj
                0x0000000010004e70                xPortPendSVHandler
 .text.prvTaskExitError
                0x0000000010004ed4        0x8 CMakeFiles/Chasis.dir/home/jose/pico/FreeRTOS/FreeRTOS/Source/portable/ThirdParty/GCC/RP2040/port.c.obj
 .text.pxPortInitialiseStack
                0x0000000010004edc       0x20 CMakeFiles/Chasis.dir/home/jose/pico/FreeRTOS/FreeRTOS/Source/portable/ThirdParty/GCC/RP2040/port.c.obj
                0x0000000010004edc                pxPortInitialiseStack
 .text.vPortYield
                0x0000000010004efc       0x18 CMakeFiles/Chasis.dir/home/jose/pico/FreeRTOS/FreeRTOS/Source/portable/ThirdParty/GCC/RP2040/port.c.obj
                0x0000000010004efc                vPortYield
 .text.vPortEnterCritical
                0x0000000010004f14       0x18 CMakeFiles/Chasis.dir/home/jose/pico/FreeRTOS/FreeRTOS/Source/portable/ThirdParty/GCC/RP2040/port.c.obj
                0x0000000010004f14                vPortEnterCritical
 .text.vPortExitCritical
                0x0000000010004f2c       0x34 CMakeFiles/Chasis.dir/home/jose/pico/FreeRTOS/FreeRTOS/Source/portable/ThirdParty/GCC/RP2040/port.c.obj
                0x0000000010004f2c                vPortExitCritical
 .text.ulSetInterruptMaskFromISR
                0x0000000010004f60        0x8 CMakeFiles/Chasis.dir/home/jose/pico/FreeRTOS/FreeRTOS/Source/portable/ThirdParty/GCC/RP2040/port.c.obj
                0x0000000010004f60                ulSetInterruptMaskFromISR
 .text.vClearInterruptMaskFromISR
                0x0000000010004f68        0x8 CMakeFiles/Chasis.dir/home/jose/pico/FreeRTOS/FreeRTOS/Source/portable/ThirdParty/GCC/RP2040/port.c.obj
                0x0000000010004f68                vClearInterruptMaskFromISR
 .text.xPortSysTickHandler
                0x0000000010004f70       0x24 CMakeFiles/Chasis.dir/home/jose/pico/FreeRTOS/FreeRTOS/Source/portable/ThirdParty/GCC/RP2040/port.c.obj
                0x0000000010004f70                xPortSysTickHandler
 .text.vPortSetupTimerInterrupt
                0x0000000010004f94       0x34 CMakeFiles/Chasis.dir/home/jose/pico/FreeRTOS/FreeRTOS/Source/portable/ThirdParty/GCC/RP2040/port.c.obj
                0x0000000010004f94                vPortSetupTimerInterrupt
 .text.xPortStartScheduler
                0x0000000010004fc8       0x70 CMakeFiles/Chasis.dir/home/jose/pico/FreeRTOS/FreeRTOS/Source/portable/ThirdParty/GCC/RP2040/port.c.obj
                0x0000000010004fc8                xPortStartScheduler
 .text.ulPortLockGetCurrentOwnerId
                0x0000000010005038       0x2c CMakeFiles/Chasis.dir/home/jose/pico/FreeRTOS/FreeRTOS/Source/portable/ThirdParty/GCC/RP2040/port.c.obj
                0x0000000010005038                ulPortLockGetCurrentOwnerId
 .text.vPortLockInternalSpinUnlockWithWait
                0x0000000010005064       0x68 CMakeFiles/Chasis.dir/home/jose/pico/FreeRTOS/FreeRTOS/Source/portable/ThirdParty/GCC/RP2040/port.c.obj
                0x0000000010005064                vPortLockInternalSpinUnlockWithWait
 .text.vPortLockInternalSpinUnlockWithNotify
                0x00000000100050cc       0x84 CMakeFiles/Chasis.dir/home/jose/pico/FreeRTOS/FreeRTOS/Source/portable/ThirdParty/GCC/RP2040/port.c.obj
                0x00000000100050cc                vPortLockInternalSpinUnlockWithNotify
 .text.xPortLockInternalSpinUnlockWithBestEffortWaitOrTimeout
                0x0000000010005150       0xfc CMakeFiles/Chasis.dir/home/jose/pico/FreeRTOS/FreeRTOS/Source/portable/ThirdParty/GCC/RP2040/port.c.obj
                0x0000000010005150                xPortLockInternalSpinUnlockWithBestEffortWaitOrTimeout
 .text.startup.prvRuntimeInitializer
                0x000000001000524c       0x10 CMakeFiles/Chasis.dir/home/jose/pico/FreeRTOS/FreeRTOS/Source/portable/ThirdParty/GCC/RP2040/port.c.obj
 .text.vEventGroupSetBitsCallback
                0x000000001000525c       0x8c CMakeFiles/Chasis.dir/home/jose/pico/FreeRTOS/FreeRTOS/Source/event_groups.c.obj
                0x000000001000525c                vEventGroupSetBitsCallback
 .text.xEventGroupCreate
                0x00000000100052e8       0x18 CMakeFiles/Chasis.dir/home/jose/pico/FreeRTOS/FreeRTOS/Source/event_groups.c.obj
                0x00000000100052e8                xEventGroupCreate
 .text.xEventGroupWaitBits
                0x0000000010005300       0xb8 CMakeFiles/Chasis.dir/home/jose/pico/FreeRTOS/FreeRTOS/Source/event_groups.c.obj
                0x0000000010005300                xEventGroupWaitBits
 .text.xEventGroupSetBits
                0x00000000100053b8       0x90 CMakeFiles/Chasis.dir/home/jose/pico/FreeRTOS/FreeRTOS/Source/event_groups.c.obj
                0x00000000100053b8                xEventGroupSetBits
 .text.xEventGroupSetBitsFromISR
                0x0000000010005448       0x14 CMakeFiles/Chasis.dir/home/jose/pico/FreeRTOS/FreeRTOS/Source/event_groups.c.obj
                0x0000000010005448                xEventGroupSetBitsFromISR
 .text.vListInitialise
                0x000000001000545c       0x18 CMakeFiles/Chasis.dir/home/jose/pico/FreeRTOS/FreeRTOS/Source/list.c.obj
                0x000000001000545c                vListInitialise
 .text.vListInitialiseItem
                0x0000000010005474        0x8 CMakeFiles/Chasis.dir/home/jose/pico/FreeRTOS/FreeRTOS/Source/list.c.obj
                0x0000000010005474                vListInitialiseItem
 .text.vListInsert
                0x000000001000547c       0x30 CMakeFiles/Chasis.dir/home/jose/pico/FreeRTOS/FreeRTOS/Source/list.c.obj
                0x000000001000547c                vListInsert
 .text.uxListRemove
                0x00000000100054ac       0x24 CMakeFiles/Chasis.dir/home/jose/pico/FreeRTOS/FreeRTOS/Source/list.c.obj
                0x00000000100054ac                uxListRemove
 .text.prvUnlockQueue
                0x00000000100054d0      0x148 CMakeFiles/Chasis.dir/home/jose/pico/FreeRTOS/FreeRTOS/Source/queue.c.obj
 .text.prvNotifyQueueSetContainer
                0x0000000010005618       0x9c CMakeFiles/Chasis.dir/home/jose/pico/FreeRTOS/FreeRTOS/Source/queue.c.obj
 .text.xQueueGenericCreate
                0x00000000100056b4       0xa0 CMakeFiles/Chasis.dir/home/jose/pico/FreeRTOS/FreeRTOS/Source/queue.c.obj
                0x00000000100056b4                xQueueGenericCreate
 .text.xQueueGenericSend
                0x0000000010005754      0x1cc CMakeFiles/Chasis.dir/home/jose/pico/FreeRTOS/FreeRTOS/Source/queue.c.obj
                0x0000000010005754                xQueueGenericSend
 .text.xQueueCreateMutex
                0x0000000010005920       0x6c CMakeFiles/Chasis.dir/home/jose/pico/FreeRTOS/FreeRTOS/Source/queue.c.obj
                0x0000000010005920                xQueueCreateMutex
 .text.xQueueGenericSendFromISR
                0x000000001000598c      0x134 CMakeFiles/Chasis.dir/home/jose/pico/FreeRTOS/FreeRTOS/Source/queue.c.obj
                0x000000001000598c                xQueueGenericSendFromISR
 .text.xQueueReceive
                0x0000000010005ac0      0x124 CMakeFiles/Chasis.dir/home/jose/pico/FreeRTOS/FreeRTOS/Source/queue.c.obj
                0x0000000010005ac0                xQueueReceive
 .text.xQueueSemaphoreTake
                0x0000000010005be4      0x150 CMakeFiles/Chasis.dir/home/jose/pico/FreeRTOS/FreeRTOS/Source/queue.c.obj
                0x0000000010005be4                xQueueSemaphoreTake
 .text.vQueueAddToRegistry
                0x0000000010005d34       0xec CMakeFiles/Chasis.dir/home/jose/pico/FreeRTOS/FreeRTOS/Source/queue.c.obj
                0x0000000010005d34                vQueueAddToRegistry
 .text.vQueueWaitForMessageRestricted
                0x0000000010005e20       0x48 CMakeFiles/Chasis.dir/home/jose/pico/FreeRTOS/FreeRTOS/Source/queue.c.obj
                0x0000000010005e20                vQueueWaitForMessageRestricted
 .text.prvIdleTask
                0x0000000010005e68       0x60 CMakeFiles/Chasis.dir/home/jose/pico/FreeRTOS/FreeRTOS/Source/tasks.c.obj
 .text.xTaskIncrementTick.part.0
                0x0000000010005ec8      0x1a0 CMakeFiles/Chasis.dir/home/jose/pico/FreeRTOS/FreeRTOS/Source/tasks.c.obj
 .text.xTaskCreate
                0x0000000010006068      0x280 CMakeFiles/Chasis.dir/home/jose/pico/FreeRTOS/FreeRTOS/Source/tasks.c.obj
                0x0000000010006068                xTaskCreate
 .text.vTaskStartScheduler
                0x00000000100062e8      0x1e0 CMakeFiles/Chasis.dir/home/jose/pico/FreeRTOS/FreeRTOS/Source/tasks.c.obj
                0x00000000100062e8                vTaskStartScheduler
 .text.vTaskSuspendAll
                0x00000000100064c8       0x10 CMakeFiles/Chasis.dir/home/jose/pico/FreeRTOS/FreeRTOS/Source/tasks.c.obj
                0x00000000100064c8                vTaskSuspendAll
 .text.xTaskResumeAll
                0x00000000100064d8      0x190 CMakeFiles/Chasis.dir/home/jose/pico/FreeRTOS/FreeRTOS/Source/tasks.c.obj
                0x00000000100064d8                xTaskResumeAll
 .text.vTaskDelay
                0x0000000010006668       0x78 CMakeFiles/Chasis.dir/home/jose/pico/FreeRTOS/FreeRTOS/Source/tasks.c.obj
                0x0000000010006668                vTaskDelay
 .text.xTaskGetTickCount
                0x00000000100066e0        0xc CMakeFiles/Chasis.dir/home/jose/pico/FreeRTOS/FreeRTOS/Source/tasks.c.obj
                0x00000000100066e0                xTaskGetTickCount
 .text.uxTaskGetNumberOfTasks
                0x00000000100066ec        0xc CMakeFiles/Chasis.dir/home/jose/pico/FreeRTOS/FreeRTOS/Source/tasks.c.obj
                0x00000000100066ec                uxTaskGetNumberOfTasks
 .text.xTaskIncrementTick
                0x00000000100066f8       0x24 CMakeFiles/Chasis.dir/home/jose/pico/FreeRTOS/FreeRTOS/Source/tasks.c.obj
                0x00000000100066f8                xTaskIncrementTick
 .text.vTaskSwitchContext
                0x000000001000671c       0x6c CMakeFiles/Chasis.dir/home/jose/pico/FreeRTOS/FreeRTOS/Source/tasks.c.obj
                0x000000001000671c                vTaskSwitchContext
 .text.vTaskPlaceOnEventList
                0x0000000010006788       0x98 CMakeFiles/Chasis.dir/home/jose/pico/FreeRTOS/FreeRTOS/Source/tasks.c.obj
                0x0000000010006788                vTaskPlaceOnEventList
 .text.vTaskPlaceOnUnorderedEventList
                0x0000000010006820       0xbc CMakeFiles/Chasis.dir/home/jose/pico/FreeRTOS/FreeRTOS/Source/tasks.c.obj
                0x0000000010006820                vTaskPlaceOnUnorderedEventList
 .text.vTaskPlaceOnEventListRestricted
                0x00000000100068dc       0xc4 CMakeFiles/Chasis.dir/home/jose/pico/FreeRTOS/FreeRTOS/Source/tasks.c.obj
                0x00000000100068dc                vTaskPlaceOnEventListRestricted
 .text.xTaskRemoveFromEventList
                0x00000000100069a0       0xd8 CMakeFiles/Chasis.dir/home/jose/pico/FreeRTOS/FreeRTOS/Source/tasks.c.obj
                0x00000000100069a0                xTaskRemoveFromEventList
 .text.vTaskRemoveFromUnorderedEventList
                0x0000000010006a78       0x98 CMakeFiles/Chasis.dir/home/jose/pico/FreeRTOS/FreeRTOS/Source/tasks.c.obj
                0x0000000010006a78                vTaskRemoveFromUnorderedEventList
 .text.vTaskInternalSetTimeOutState
                0x0000000010006b10       0x18 CMakeFiles/Chasis.dir/home/jose/pico/FreeRTOS/FreeRTOS/Source/tasks.c.obj
                0x0000000010006b10                vTaskInternalSetTimeOutState
 .text.xTaskCheckForTimeOut
                0x0000000010006b28       0x74 CMakeFiles/Chasis.dir/home/jose/pico/FreeRTOS/FreeRTOS/Source/tasks.c.obj
                0x0000000010006b28                xTaskCheckForTimeOut
 .text.vTaskMissedYield
                0x0000000010006b9c        0xc CMakeFiles/Chasis.dir/home/jose/pico/FreeRTOS/FreeRTOS/Source/tasks.c.obj
                0x0000000010006b9c                vTaskMissedYield
 .text.xTaskGetCurrentTaskHandle
                0x0000000010006ba8        0xc CMakeFiles/Chasis.dir/home/jose/pico/FreeRTOS/FreeRTOS/Source/tasks.c.obj
                0x0000000010006ba8                xTaskGetCurrentTaskHandle
 .text.xTaskPriorityInherit
                0x0000000010006bb4       0x94 CMakeFiles/Chasis.dir/home/jose/pico/FreeRTOS/FreeRTOS/Source/tasks.c.obj
                0x0000000010006bb4                xTaskPriorityInherit
 .text.xTaskPriorityDisinherit
                0x0000000010006c48       0x64 CMakeFiles/Chasis.dir/home/jose/pico/FreeRTOS/FreeRTOS/Source/tasks.c.obj
                0x0000000010006c48                xTaskPriorityDisinherit
 .text.vTaskPriorityDisinheritAfterTimeout
                0x0000000010006cac       0x80 CMakeFiles/Chasis.dir/home/jose/pico/FreeRTOS/FreeRTOS/Source/tasks.c.obj
                0x0000000010006cac                vTaskPriorityDisinheritAfterTimeout
 .text.uxTaskResetEventItemValue
                0x0000000010006d2c       0x18 CMakeFiles/Chasis.dir/home/jose/pico/FreeRTOS/FreeRTOS/Source/tasks.c.obj
                0x0000000010006d2c                uxTaskResetEventItemValue
 .text.pvTaskIncrementMutexHeldCount
                0x0000000010006d44       0x18 CMakeFiles/Chasis.dir/home/jose/pico/FreeRTOS/FreeRTOS/Source/tasks.c.obj
                0x0000000010006d44                pvTaskIncrementMutexHeldCount
 .text.prvTimerTask
                0x0000000010006d5c      0x360 CMakeFiles/Chasis.dir/home/jose/pico/FreeRTOS/FreeRTOS/Source/timers.c.obj
 .text.xTimerCreateTimerTask
                0x00000000100070bc       0x8c CMakeFiles/Chasis.dir/home/jose/pico/FreeRTOS/FreeRTOS/Source/timers.c.obj
                0x00000000100070bc                xTimerCreateTimerTask
 .text.xTimerPendFunctionCallFromISR
                0x0000000010007148       0x28 CMakeFiles/Chasis.dir/home/jose/pico/FreeRTOS/FreeRTOS/Source/timers.c.obj
                0x0000000010007148                xTimerPendFunctionCallFromISR
 .text.exception_set_exclusive_handler
                0x0000000010007170       0x48 CMakeFiles/Chasis.dir/home/jose/pico/pico-sdk/src/rp2_common/hardware_exception/exception.c.obj
                0x0000000010007170                exception_set_exclusive_handler
 .text.pvPortMalloc
                0x00000000100071b8      0x144 CMakeFiles/Chasis.dir/home/jose/pico/FreeRTOS/FreeRTOS/Source/portable/MemMang/heap_4.c.obj
                0x00000000100071b8                pvPortMalloc
 .text.vPortFree
                0x00000000100072fc       0x8c CMakeFiles/Chasis.dir/home/jose/pico/FreeRTOS/FreeRTOS/Source/portable/MemMang/heap_4.c.obj
                0x00000000100072fc                vPortFree
 .text          0x0000000010007388       0x28 /usr/lib/gcc/arm-none-eabi/9.2.1/../../../arm-none-eabi/lib/thumb/v6-m/nofp/libc.a(lib_a-malloc.o)
                0x0000000010007388                malloc
                0x000000001000739c                free
 .text          0x00000000100073b0      0x58c /usr/lib/gcc/arm-none-eabi/9.2.1/../../../arm-none-eabi/lib/thumb/v6-m/nofp/libc.a(lib_a-mallocr.o)
                0x00000000100073b0                _malloc_r
 .text          0x000000001000793c        0x8 /usr/lib/gcc/arm-none-eabi/9.2.1/../../../arm-none-eabi/lib/thumb/v6-m/nofp/libc.a(lib_a-mlock.o)
                0x000000001000793c                __malloc_lock
                0x0000000010007940                __malloc_unlock
 .text          0x0000000010007944       0x24 /usr/lib/gcc/arm-none-eabi/9.2.1/../../../arm-none-eabi/lib/thumb/v6-m/nofp/libc.a(lib_a-sbrkr.o)
                0x0000000010007944                _sbrk_r
 .text          0x0000000010007968       0x68 /usr/lib/gcc/arm-none-eabi/9.2.1/../../../arm-none-eabi/lib/thumb/v6-m/nofp/libc.a(lib_a-strlen-stub.o)
                0x0000000010007968                strlen
 .text          0x00000000100079d0      0x184 /usr/lib/gcc/arm-none-eabi/9.2.1/../../../arm-none-eabi/lib/thumb/v6-m/nofp/libc.a(lib_a-strtol.o)
                0x0000000010007b1c                _strtol_r
                0x0000000010007b24                strtol_l
                0x0000000010007b3c                strtol
 .text          0x0000000010007b54        0xc /usr/lib/gcc/arm-none-eabi/9.2.1/../../../arm-none-eabi/lib/thumb/v6-m/nofp/libc.a(lib_a-errno.o)
                0x0000000010007b54                __errno
 .text          0x0000000010007b60      0x27c /usr/lib/gcc/arm-none-eabi/9.2.1/../../../arm-none-eabi/lib/thumb/v6-m/nofp/libc.a(lib_a-freer.o)
                0x0000000010007b60                _malloc_trim_r
                0x0000000010007c00                _free_r
 *(.fini)
 .fini          0x0000000010007ddc        0x4 /usr/lib/gcc/arm-none-eabi/9.2.1/thumb/v6-m/nofp/crti.o
                0x0000000010007ddc                _fini
 .fini.__stub   0x0000000010007de0       0x50 linker stubs
 *crtbegin.o(.ctors)
 *crtbegin?.o(.ctors)
 *(EXCLUDE_FILE(*crtend.o *crtend?.o) .ctors)
 *(SORT_BY_NAME(.ctors.*))
 *(.ctors)
 *crtbegin.o(.dtors)
 *crtbegin?.o(.dtors)
 *(EXCLUDE_FILE(*crtend.o *crtend?.o) .dtors)
 *(SORT_BY_NAME(.dtors.*))
 *(.dtors)
 *(.eh_frame*)
 .eh_frame      0x0000000010007e30        0x0 /usr/lib/gcc/arm-none-eabi/9.2.1/thumb/v6-m/nofp/crtbegin.o
                0x0000000010007e30                . = ALIGN (0x4)

.glue_7         0x0000000010007e30        0x0
 .glue_7        0x0000000010007e30        0x0 linker stubs

.glue_7t        0x0000000010007e30        0x0
 .glue_7t       0x0000000010007e30        0x0 linker stubs

.vfp11_veneer   0x0000000010007e30        0x0
 .vfp11_veneer  0x0000000010007e30        0x0 linker stubs

.v4_bx          0x0000000010007e30        0x0
 .v4_bx         0x0000000010007e30        0x0 linker stubs

.iplt           0x0000000010007e30        0x0
 .iplt          0x0000000010007e30        0x0 /usr/lib/gcc/arm-none-eabi/9.2.1/thumb/v6-m/nofp/crtbegin.o

.rodata         0x0000000010007e30      0x568
 *(EXCLUDE_FILE(*libm.a: *libc.a:*lib_a-mem*.o *libgcc.a:) .rodata*)
 .rodata.uart_task1_send.str1.4
                0x0000000010007e30        0x9 CMakeFiles/Chasis.dir/Chasis.c.obj
 *fill*         0x0000000010007e39        0x3 
 .rodata.uart_task2_send.str1.4
                0x0000000010007e3c        0x9 CMakeFiles/Chasis.dir/Chasis.c.obj
 *fill*         0x0000000010007e45        0x3 
 .rodata.main.str1.4
                0x0000000010007e48       0xbf CMakeFiles/Chasis.dir/Chasis.c.obj
 *fill*         0x0000000010007f07        0x1 
 .rodata.hardware_alarm_claim.str1.4
                0x0000000010007f08       0x22 CMakeFiles/Chasis.dir/home/jose/pico/pico-sdk/src/rp2_common/hardware_timer/timer.c.obj
 *fill*         0x0000000010007f2a        0x2 
 .rodata.panic.str1.4
                0x0000000010007f2c       0x12 CMakeFiles/Chasis.dir/home/jose/pico/pico-sdk/src/rp2_common/pico_runtime/runtime.c.obj
 *fill*         0x0000000010007f3e        0x2 
 .rodata.panic_unsupported.str1.4
                0x0000000010007f40        0xe CMakeFiles/Chasis.dir/home/jose/pico/pico-sdk/src/rp2_common/pico_runtime/runtime.c.obj
 *fill*         0x0000000010007f4e        0x2 
 .rodata.hard_assertion_failure.str1.4
                0x0000000010007f50        0xc CMakeFiles/Chasis.dir/home/jose/pico/pico-sdk/src/rp2_common/pico_runtime/runtime.c.obj
 .rodata._ftoa.str1.4
                0x0000000010007f5c       0x15 CMakeFiles/Chasis.dir/home/jose/pico/pico-sdk/src/rp2_common/pico_printf/printf.c.obj
 *fill*         0x0000000010007f71        0x3 
 .rodata._vsnprintf
                0x0000000010007f74      0x1e0 CMakeFiles/Chasis.dir/home/jose/pico/pico-sdk/src/rp2_common/pico_printf/printf.c.obj
 *fill*         0x0000000010008154        0x4 
 .rodata.pow10.5483
                0x0000000010008158       0x50 CMakeFiles/Chasis.dir/home/jose/pico/pico-sdk/src/rp2_common/pico_printf/printf.c.obj
 .rodata.__wrap_malloc.str1.4
                0x00000000100081a8        0xe CMakeFiles/Chasis.dir/home/jose/pico/pico-sdk/src/rp2_common/pico_malloc/pico_malloc.c.obj
 *fill*         0x00000000100081b6        0x2 
 .rodata.str1.4
                0x00000000100081b8       0x3c CMakeFiles/Chasis.dir/home/jose/pico/pico-sdk/src/rp2_common/pico_standard_link/binary_info.c.obj
 .rodata.__bi_44
                0x00000000100081f4        0xc CMakeFiles/Chasis.dir/home/jose/pico/pico-sdk/src/rp2_common/pico_standard_link/binary_info.c.obj
 .rodata.__bi_75
                0x0000000010008200        0xc CMakeFiles/Chasis.dir/home/jose/pico/pico-sdk/src/rp2_common/pico_standard_link/binary_info.c.obj
 .rodata.__bi_81
                0x000000001000820c        0xc CMakeFiles/Chasis.dir/home/jose/pico/pico-sdk/src/rp2_common/pico_standard_link/binary_info.c.obj
 .rodata.crlf_str.6263
                0x0000000010008218        0x2 CMakeFiles/Chasis.dir/home/jose/pico/pico-sdk/src/rp2_common/pico_stdio/stdio.c.obj
 *fill*         0x000000001000821a        0x2 
 .rodata.str1.4
                0x000000001000821c       0x2c CMakeFiles/Chasis.dir/home/jose/pico/pico-sdk/src/rp2_common/pico_stdio_uart/stdio_uart.c.obj
 .rodata.__bi_33.4909
                0x0000000010008248        0xc CMakeFiles/Chasis.dir/home/jose/pico/pico-sdk/src/rp2_common/pico_stdio_uart/stdio_uart.c.obj
 .rodata.__bi_34.4913
                0x0000000010008254        0x8 CMakeFiles/Chasis.dir/home/jose/pico/pico-sdk/src/rp2_common/pico_stdio_uart/stdio_uart.c.obj
 .rodata.prvTimerTask
                0x000000001000825c       0x28 CMakeFiles/Chasis.dir/home/jose/pico/FreeRTOS/FreeRTOS/Source/timers.c.obj
 .rodata.xTimerCreateTimerTask.str1.4
                0x0000000010008284       0x10 CMakeFiles/Chasis.dir/home/jose/pico/FreeRTOS/FreeRTOS/Source/timers.c.obj
 .rodata        0x0000000010008294      0x101 /usr/lib/gcc/arm-none-eabi/9.2.1/../../../arm-none-eabi/lib/thumb/v6-m/nofp/libc.a(lib_a-ctype_.o)
                0x0000000010008294                _ctype_
                0x0000000010008398                . = ALIGN (0x4)
 *fill*         0x0000000010008395        0x3 
 *(SORT_BY_ALIGNMENT(SORT_BY_NAME(.flashdata*)))
                0x0000000010008398                . = ALIGN (0x4)

.rel.dyn        0x0000000010008398        0x0
 .rel.iplt      0x0000000010008398        0x0 /usr/lib/gcc/arm-none-eabi/9.2.1/thumb/v6-m/nofp/crtbegin.o

.ARM.extab
 *(.ARM.extab* .gnu.linkonce.armextab.*)
                0x0000000010008398                __exidx_start = .

.ARM.exidx
 *(.ARM.exidx* .gnu.linkonce.armexidx.*)
                0x0000000010008398                __exidx_end = .
                0x0000000010008398                . = ALIGN (0x4)
                0x0000000010008398                __binary_info_start = .

.binary_info    0x0000000010008398       0x24
 *(.binary_info.keep.*)
 .binary_info.keep.__bi_ptr22
                0x0000000010008398        0x4 CMakeFiles/Chasis.dir/home/jose/pico/pico-sdk/src/rp2_common/pico_standard_link/binary_info.c.obj
 .binary_info.keep.__bi_ptr30
                0x000000001000839c        0x4 CMakeFiles/Chasis.dir/home/jose/pico/pico-sdk/src/rp2_common/pico_standard_link/binary_info.c.obj
 .binary_info.keep.__bi_ptr38
                0x00000000100083a0        0x4 CMakeFiles/Chasis.dir/home/jose/pico/pico-sdk/src/rp2_common/pico_standard_link/binary_info.c.obj
 .binary_info.keep.__bi_ptr44
                0x00000000100083a4        0x4 CMakeFiles/Chasis.dir/home/jose/pico/pico-sdk/src/rp2_common/pico_standard_link/binary_info.c.obj
 .binary_info.keep.__bi_ptr50
                0x00000000100083a8        0x4 CMakeFiles/Chasis.dir/home/jose/pico/pico-sdk/src/rp2_common/pico_standard_link/binary_info.c.obj
 .binary_info.keep.__bi_ptr75
                0x00000000100083ac        0x4 CMakeFiles/Chasis.dir/home/jose/pico/pico-sdk/src/rp2_common/pico_standard_link/binary_info.c.obj
 .binary_info.keep.__bi_ptr81
                0x00000000100083b0        0x4 CMakeFiles/Chasis.dir/home/jose/pico/pico-sdk/src/rp2_common/pico_standard_link/binary_info.c.obj
 *(.binary_info.*)
 .binary_info.__bi_ptr33
                0x00000000100083b4        0x4 CMakeFiles/Chasis.dir/home/jose/pico/pico-sdk/src/rp2_common/pico_stdio_uart/stdio_uart.c.obj
 .binary_info.__bi_ptr34
                0x00000000100083b8        0x4 CMakeFiles/Chasis.dir/home/jose/pico/pico-sdk/src/rp2_common/pico_stdio_uart/stdio_uart.c.obj
                0x00000000100083bc                __binary_info_end = .
                0x00000000100083bc                . = ALIGN (0x4)
                0x00000000100083bc                __etext = .

.ram_vector_table
                0x0000000020000000       0xc0
 *(.ram_vector_table)
 .ram_vector_table
                0x0000000020000000       0xc0 CMakeFiles/Chasis.dir/home/jose/pico/pico-sdk/src/rp2_common/pico_runtime/runtime.c.obj
                0x0000000020000000                ram_vector_table

.data           0x00000000200000c0      0xa68 load address 0x00000000100083bc
                0x00000000200000c0                __data_start__ = .
 *(vtable)
 *(.time_critical*)
 .time_critical.mutex_enter_blocking
                0x00000000200000c0       0x3c CMakeFiles/Chasis.dir/home/jose/pico/pico-sdk/src/common/pico_sync/mutex.c.obj
                0x00000000200000c0                mutex_enter_blocking
 .time_critical.mutex_try_enter_block_until
                0x00000000200000fc       0x9c CMakeFiles/Chasis.dir/home/jose/pico/pico-sdk/src/common/pico_sync/mutex.c.obj
                0x00000000200000fc                mutex_try_enter_block_until
 .time_critical.mutex_exit
                0x0000000020000198       0x20 CMakeFiles/Chasis.dir/home/jose/pico/pico-sdk/src/common/pico_sync/mutex.c.obj
                0x0000000020000198                mutex_exit
 *(.text*)
 .text          0x00000000200001b8        0x4 /usr/lib/gcc/arm-none-eabi/9.2.1/thumb/v6-m/nofp/libgcc.a(_dvmd_tls.o)
                0x00000000200001b8                __aeabi_ldiv0
                0x00000000200001b8                __aeabi_idiv0
 *fill*         0x00000000200001bc        0x4 
 .text.__stub   0x00000000200001c0       0x40 linker stubs
                0x0000000020000200                . = ALIGN (0x4)
 *(.rodata*)
                0x0000000020000200                . = ALIGN (0x4)
 *(.data*)
 .data.calculated_speed
                0x0000000020000200        0x4 CMakeFiles/Chasis.dir/Chasis.c.obj
 .data.engine_state
                0x0000000020000204        0x1 CMakeFiles/Chasis.dir/Chasis.c.obj
 *fill*         0x0000000020000205        0x3 
 .data.speed    0x0000000020000208        0x4 CMakeFiles/Chasis.dir/Chasis.c.obj
 .data.striped_spin_lock_num
                0x000000002000020c        0x1 CMakeFiles/Chasis.dir/home/jose/pico/pico-sdk/src/rp2_common/hardware_sync/sync.c.obj
 *fill*         0x000000002000020d        0x3 
 .data          0x0000000020000210       0x48 CMakeFiles/Chasis.dir/home/jose/pico/pico-sdk/src/rp2_common/hardware_irq/irq_handler_chain.S.obj
                0x0000000020000210                irq_handler_chain_slots
                0x0000000020000240                irq_handler_chain_first_slot
                0x000000002000024a                irq_handler_chain_remove_tail
 .data.default_alarm_pool
                0x0000000020000258       0x18 CMakeFiles/Chasis.dir/home/jose/pico/pico-sdk/src/common/pico_time/time.c.obj
 .data.default_alarm_pool_heap
                0x0000000020000270       0x10 CMakeFiles/Chasis.dir/home/jose/pico/pico-sdk/src/common/pico_time/time.c.obj
 *fill*         0x0000000020000280        0x0 
 .data.aeabi_bits_funcs
                0x0000000020000280       0x10 CMakeFiles/Chasis.dir/home/jose/pico/pico-sdk/src/rp2_common/pico_bit_ops/bit_ops_aeabi.S.obj
                0x0000000020000280                aeabi_bits_funcs
                0x0000000020000290                aeabi_bits_funcs_end
 .data.aeabi_mem_funcs
                0x0000000020000290       0x10 CMakeFiles/Chasis.dir/home/jose/pico/pico-sdk/src/rp2_common/pico_mem_ops/mem_ops_aeabi.S.obj
                0x0000000020000290                aeabi_mem_funcs
                0x00000000200002a0                aeabi_mem_funcs_end
 .data.stdio_uart
                0x00000000200002a0       0x18 CMakeFiles/Chasis.dir/home/jose/pico/pico-sdk/src/rp2_common/pico_stdio_uart/stdio_uart.c.obj
                0x00000000200002a0                stdio_uart
 .data.ucLaunchCoreNum
                0x00000000200002b8        0x1 CMakeFiles/Chasis.dir/home/jose/pico/FreeRTOS/FreeRTOS/Source/portable/ThirdParty/GCC/RP2040/port.c.obj
 *fill*         0x00000000200002b9        0x3 
 .data.uxTopUsedPriority
                0x00000000200002bc        0x4 CMakeFiles/Chasis.dir/home/jose/pico/FreeRTOS/FreeRTOS/Source/tasks.c.obj
                0x00000000200002bc                uxTopUsedPriority
 .data          0x00000000200002c0      0x430 /usr/lib/gcc/arm-none-eabi/9.2.1/../../../arm-none-eabi/lib/thumb/v6-m/nofp/libc.a(lib_a-impure.o)
                0x00000000200002c0                _impure_ptr
 .data          0x00000000200006f0      0x410 /usr/lib/gcc/arm-none-eabi/9.2.1/../../../arm-none-eabi/lib/thumb/v6-m/nofp/libc.a(lib_a-mallocr.o)
                0x00000000200006f0                __malloc_sbrk_base
                0x00000000200006f4                __malloc_trim_threshold
                0x00000000200006f8                __malloc_av_
                0x0000000020000b00                . = ALIGN (0x4)
 *(.after_data.*)
                0x0000000020000b00                . = ALIGN (0x4)
                0x0000000020000b00                PROVIDE (__mutex_array_start = .)
 *(SORT_BY_NAME(.mutex_array.*))
 *(.mutex_array)
 .mutex_array   0x0000000020000b00        0x8 CMakeFiles/Chasis.dir/home/jose/pico/pico-sdk/src/rp2_common/pico_malloc/pico_malloc.c.obj
 .mutex_array   0x0000000020000b08        0x8 CMakeFiles/Chasis.dir/home/jose/pico/pico-sdk/src/rp2_common/pico_stdio/stdio.c.obj
                0x0000000020000b10                PROVIDE (__mutex_array_end = .)
                0x0000000020000b10                . = ALIGN (0x4)
                0x0000000020000b10                PROVIDE (__preinit_array_start = .)
 *(SORT_BY_NAME(.preinit_array.*))
 .preinit_array.00001
                0x0000000020000b10        0x4 CMakeFiles/Chasis.dir/home/jose/pico/pico-sdk/src/rp2_common/pico_mem_ops/mem_ops_aeabi.S.obj
 .preinit_array.00010
                0x0000000020000b14        0x4 CMakeFiles/Chasis.dir/home/jose/pico/pico-sdk/src/rp2_common/pico_bit_ops/bit_ops_aeabi.S.obj
 .preinit_array.00020
                0x0000000020000b18        0x4 CMakeFiles/Chasis.dir/home/jose/pico/pico-sdk/src/rp2_common/pico_double/double_aeabi.S.obj
 .preinit_array.00020
                0x0000000020000b1c        0x4 CMakeFiles/Chasis.dir/home/jose/pico/pico-sdk/src/rp2_common/pico_float/float_aeabi.S.obj
 *(.preinit_array)
                0x0000000020000b20                PROVIDE (__preinit_array_end = .)
                0x0000000020000b20                . = ALIGN (0x4)
                0x0000000020000b20                PROVIDE (__init_array_start = .)
 *(SORT_BY_NAME(.init_array.*))
 *(.init_array)
 .init_array    0x0000000020000b20        0x4 /usr/lib/gcc/arm-none-eabi/9.2.1/thumb/v6-m/nofp/crtbegin.o
 .init_array    0x0000000020000b24        0x4 CMakeFiles/Chasis.dir/home/jose/pico/FreeRTOS/FreeRTOS/Source/portable/ThirdParty/GCC/RP2040/port.c.obj
                0x0000000020000b28                PROVIDE (__init_array_end = .)
                0x0000000020000b28                . = ALIGN (0x4)
                0x0000000020000b28                PROVIDE (__fini_array_start = .)
 *(SORT_BY_NAME(.fini_array.*))
 *(.fini_array)
                0x0000000020000b28                PROVIDE (__fini_array_end = .)
 *(.jcr)
                0x0000000020000b28                . = ALIGN (0x4)
                0x0000000020000b28                __data_end__ = .

.tm_clone_table
                0x0000000020000b28        0x0 load address 0x0000000010008e24
 .tm_clone_table
                0x0000000020000b28        0x0 /usr/lib/gcc/arm-none-eabi/9.2.1/thumb/v6-m/nofp/crtbegin.o
 .tm_clone_table
                0x0000000020000b28        0x0 /usr/lib/gcc/arm-none-eabi/9.2.1/thumb/v6-m/nofp/crtend.o

.igot.plt       0x0000000020000b28        0x0 load address 0x0000000010008e24
 .igot.plt      0x0000000020000b28        0x0 /usr/lib/gcc/arm-none-eabi/9.2.1/thumb/v6-m/nofp/crtbegin.o

.uninitialized_data
                0x0000000020000b28        0x0 load address 0x0000000010008e24
                0x0000000020000b28                . = ALIGN (0x4)
 *(.uninitialized_data*)

.scratch_x      0x0000000020040000        0x0 load address 0x0000000010008e24
                0x0000000020040000                __scratch_x_start__ = .
 *(.scratch_x.*)
                0x0000000020040000                . = ALIGN (0x4)
                0x0000000020040000                __scratch_x_end__ = .
                0x0000000010008e24                __scratch_x_source__ = LOADADDR (.scratch_x)

.scratch_y      0x0000000020041000        0x0 load address 0x0000000010008e24
                0x0000000020041000                __scratch_y_start__ = .
 *(.scratch_y.*)
                0x0000000020041000                . = ALIGN (0x4)
                0x0000000020041000                __scratch_y_end__ = .
                0x0000000010008e24                __scratch_y_source__ = LOADADDR (.scratch_y)

.bss            0x0000000020000b28    0x20804
                0x0000000020000b28                . = ALIGN (0x4)
                0x0000000020000b28                __bss_start__ = .
 *(SORT_BY_ALIGNMENT(SORT_BY_NAME(.bss*)))
 .bss.default_alarm_pool_entries
                0x0000000020000b28      0x100 CMakeFiles/Chasis.dir/home/jose/pico/pico-sdk/src/common/pico_time/time.c.obj
 .bss           0x0000000020000c28       0x1c /usr/lib/gcc/arm-none-eabi/9.2.1/thumb/v6-m/nofp/crtbegin.o
 .bss           0x0000000020000c44       0x34 /usr/lib/gcc/arm-none-eabi/9.2.1/../../../arm-none-eabi/lib/thumb/v6-m/nofp/libc.a(lib_a-mallocr.o)
                0x0000000020000c44                __malloc_top_pad
                0x0000000020000c48                __malloc_current_mallinfo
                0x0000000020000c70                __malloc_max_sbrked_mem
                0x0000000020000c74                __malloc_max_total_mem
 .bss.alarm_callbacks
                0x0000000020000c78       0x10 CMakeFiles/Chasis.dir/home/jose/pico/pico-sdk/src/rp2_common/hardware_timer/timer.c.obj
 .bss.buttons   0x0000000020000c88        0x4 CMakeFiles/Chasis.dir/Chasis.c.obj
 .bss.chars_available_callback
                0x0000000020000c8c        0x4 CMakeFiles/Chasis.dir/home/jose/pico/pico-sdk/src/rp2_common/pico_stdio_uart/stdio_uart.c.obj
 .bss.chars_available_param
                0x0000000020000c90        0x4 CMakeFiles/Chasis.dir/home/jose/pico/pico-sdk/src/rp2_common/pico_stdio_uart/stdio_uart.c.obj
 .bss.configured_freq
                0x0000000020000c94       0x28 CMakeFiles/Chasis.dir/home/jose/pico/pico-sdk/src/rp2_common/hardware_clocks/clocks.c.obj
 .bss.default_alarm_pool_entry_ids_high
                0x0000000020000cbc       0x10 CMakeFiles/Chasis.dir/home/jose/pico/pico-sdk/src/common/pico_time/time.c.obj
 .bss.default_alarm_pool_heap_nodes
                0x0000000020000ccc       0x30 CMakeFiles/Chasis.dir/home/jose/pico/pico-sdk/src/common/pico_time/time.c.obj
 .bss.direction
                0x0000000020000cfc        0x4 CMakeFiles/Chasis.dir/Chasis.c.obj
 .bss.drivers   0x0000000020000d00        0x4 CMakeFiles/Chasis.dir/home/jose/pico/pico-sdk/src/rp2_common/pico_stdio/stdio.c.obj
 .bss.filter    0x0000000020000d04        0x4 CMakeFiles/Chasis.dir/home/jose/pico/pico-sdk/src/rp2_common/pico_stdio/stdio.c.obj
 .bss.heap_end.6445
                0x0000000020000d08        0x4 CMakeFiles/Chasis.dir/home/jose/pico/pico-sdk/src/rp2_common/pico_runtime/runtime.c.obj
 .bss.lazy_vsnprintf
                0x0000000020000d0c        0x4 CMakeFiles/Chasis.dir/home/jose/pico/pico-sdk/src/rp2_common/pico_printf/printf.c.obj
 .bss.mileage   0x0000000020000d10        0x4 CMakeFiles/Chasis.dir/Chasis.c.obj
 .bss.mutex_buttons_state
                0x0000000020000d14        0x4 CMakeFiles/Chasis.dir/Chasis.c.obj
 .bss.mutex_calculated_speed
                0x0000000020000d18        0x4 CMakeFiles/Chasis.dir/Chasis.c.obj
 .bss.mutex_direction
                0x0000000020000d1c        0x4 CMakeFiles/Chasis.dir/Chasis.c.obj
 .bss.mutex_engine_state
                0x0000000020000d20        0x4 CMakeFiles/Chasis.dir/Chasis.c.obj
 .bss.mutex_mileage
                0x0000000020000d24        0x4 CMakeFiles/Chasis.dir/Chasis.c.obj
 .bss.mutex_speed
                0x0000000020000d28        0x4 CMakeFiles/Chasis.dir/Chasis.c.obj
 .bss.pools     0x0000000020000d2c       0x10 CMakeFiles/Chasis.dir/home/jose/pico/pico-sdk/src/common/pico_time/time.c.obj
 .bss.pxCurrentTCB
                0x0000000020000d3c        0x4 CMakeFiles/Chasis.dir/home/jose/pico/FreeRTOS/FreeRTOS/Source/tasks.c.obj
                0x0000000020000d3c                pxCurrentTCB
 .bss.pxCurrentTimerList
                0x0000000020000d40        0x4 CMakeFiles/Chasis.dir/home/jose/pico/FreeRTOS/FreeRTOS/Source/timers.c.obj
 .bss.pxDelayedTaskList
                0x0000000020000d44        0x4 CMakeFiles/Chasis.dir/home/jose/pico/FreeRTOS/FreeRTOS/Source/tasks.c.obj
 .bss.pxEnd     0x0000000020000d48        0x4 CMakeFiles/Chasis.dir/home/jose/pico/FreeRTOS/FreeRTOS/Source/portable/MemMang/heap_4.c.obj
 .bss.pxOverflowDelayedTaskList
                0x0000000020000d4c        0x4 CMakeFiles/Chasis.dir/home/jose/pico/FreeRTOS/FreeRTOS/Source/tasks.c.obj
 .bss.pxOverflowTimerList
                0x0000000020000d50        0x4 CMakeFiles/Chasis.dir/home/jose/pico/FreeRTOS/FreeRTOS/Source/timers.c.obj
 .bss.pxReadyTasksLists
                0x0000000020000d54      0x280 CMakeFiles/Chasis.dir/home/jose/pico/FreeRTOS/FreeRTOS/Source/tasks.c.obj
 .bss.pxYieldSpinLock
                0x0000000020000fd4        0x4 CMakeFiles/Chasis.dir/home/jose/pico/FreeRTOS/FreeRTOS/Source/portable/ThirdParty/GCC/RP2040/port.c.obj
 .bss.sf_clz_func
                0x0000000020000fd8        0x4 CMakeFiles/Chasis.dir/home/jose/pico/pico-sdk/src/rp2_common/pico_double/double_init_rom.c.obj
                0x0000000020000fd8                sf_clz_func
 .bss.sleep_notifier
                0x0000000020000fdc        0x4 CMakeFiles/Chasis.dir/home/jose/pico/pico-sdk/src/common/pico_time/time.c.obj
 .bss.target_hi
                0x0000000020000fe0       0x10 CMakeFiles/Chasis.dir/home/jose/pico/pico-sdk/src/rp2_common/hardware_timer/timer.c.obj
 .bss.uart_instance
                0x0000000020000ff0        0x4 CMakeFiles/Chasis.dir/home/jose/pico/pico-sdk/src/rp2_common/pico_stdio_uart/stdio_uart.c.obj
 .bss.ucHeap    0x0000000020000ff4    0x20000 CMakeFiles/Chasis.dir/home/jose/pico/FreeRTOS/FreeRTOS/Source/portable/MemMang/heap_4.c.obj
 .bss.ulYieldSpinLockSaveValue
                0x0000000020020ff4        0x4 CMakeFiles/Chasis.dir/home/jose/pico/FreeRTOS/FreeRTOS/Source/portable/ThirdParty/GCC/RP2040/port.c.obj
 .bss.uxCriticalNesting
                0x0000000020020ff8        0x4 CMakeFiles/Chasis.dir/home/jose/pico/FreeRTOS/FreeRTOS/Source/portable/ThirdParty/GCC/RP2040/port.c.obj
 .bss.uxCurrentNumberOfTasks
                0x0000000020020ffc        0x4 CMakeFiles/Chasis.dir/home/jose/pico/FreeRTOS/FreeRTOS/Source/tasks.c.obj
 .bss.uxDeletedTasksWaitingCleanUp
                0x0000000020021000        0x4 CMakeFiles/Chasis.dir/home/jose/pico/FreeRTOS/FreeRTOS/Source/tasks.c.obj
 .bss.uxSchedulerSuspended
                0x0000000020021004        0x4 CMakeFiles/Chasis.dir/home/jose/pico/FreeRTOS/FreeRTOS/Source/tasks.c.obj
 .bss.uxTaskNumber
                0x0000000020021008        0x4 CMakeFiles/Chasis.dir/home/jose/pico/FreeRTOS/FreeRTOS/Source/tasks.c.obj
 .bss.uxTopReadyPriority
                0x000000002002100c        0x4 CMakeFiles/Chasis.dir/home/jose/pico/FreeRTOS/FreeRTOS/Source/tasks.c.obj
 .bss.xActiveTimerList1
                0x0000000020021010       0x14 CMakeFiles/Chasis.dir/home/jose/pico/FreeRTOS/FreeRTOS/Source/timers.c.obj
 .bss.xActiveTimerList2
                0x0000000020021024       0x14 CMakeFiles/Chasis.dir/home/jose/pico/FreeRTOS/FreeRTOS/Source/timers.c.obj
 .bss.xDelayedTaskList1
                0x0000000020021038       0x14 CMakeFiles/Chasis.dir/home/jose/pico/FreeRTOS/FreeRTOS/Source/tasks.c.obj
 .bss.xDelayedTaskList2
                0x000000002002104c       0x14 CMakeFiles/Chasis.dir/home/jose/pico/FreeRTOS/FreeRTOS/Source/tasks.c.obj
 .bss.xEventGroup
                0x0000000020021060        0x4 CMakeFiles/Chasis.dir/home/jose/pico/FreeRTOS/FreeRTOS/Source/portable/ThirdParty/GCC/RP2040/port.c.obj
 .bss.xFreeBytesRemaining
                0x0000000020021064        0x4 CMakeFiles/Chasis.dir/home/jose/pico/FreeRTOS/FreeRTOS/Source/portable/MemMang/heap_4.c.obj
 .bss.xIdleTaskHandle
                0x0000000020021068        0x4 CMakeFiles/Chasis.dir/home/jose/pico/FreeRTOS/FreeRTOS/Source/tasks.c.obj
 .bss.xLastTime.5608
                0x000000002002106c        0x4 CMakeFiles/Chasis.dir/home/jose/pico/FreeRTOS/FreeRTOS/Source/timers.c.obj
 .bss.xMinimumEverFreeBytesRemaining
                0x0000000020021070        0x4 CMakeFiles/Chasis.dir/home/jose/pico/FreeRTOS/FreeRTOS/Source/portable/MemMang/heap_4.c.obj
 .bss.xNextTaskUnblockTime
                0x0000000020021074        0x4 CMakeFiles/Chasis.dir/home/jose/pico/FreeRTOS/FreeRTOS/Source/tasks.c.obj
 .bss.xNumOfOverflows
                0x0000000020021078        0x4 CMakeFiles/Chasis.dir/home/jose/pico/FreeRTOS/FreeRTOS/Source/tasks.c.obj
 .bss.xNumberOfSuccessfulAllocations
                0x000000002002107c        0x4 CMakeFiles/Chasis.dir/home/jose/pico/FreeRTOS/FreeRTOS/Source/portable/MemMang/heap_4.c.obj
 .bss.xNumberOfSuccessfulFrees
                0x0000000020021080        0x4 CMakeFiles/Chasis.dir/home/jose/pico/FreeRTOS/FreeRTOS/Source/portable/MemMang/heap_4.c.obj
 .bss.xPendedTicks
                0x0000000020021084        0x4 CMakeFiles/Chasis.dir/home/jose/pico/FreeRTOS/FreeRTOS/Source/tasks.c.obj
 .bss.xPendingReadyList
                0x0000000020021088       0x14 CMakeFiles/Chasis.dir/home/jose/pico/FreeRTOS/FreeRTOS/Source/tasks.c.obj
 .bss.xSchedulerRunning
                0x000000002002109c        0x4 CMakeFiles/Chasis.dir/home/jose/pico/FreeRTOS/FreeRTOS/Source/tasks.c.obj
 .bss.xStart    0x00000000200210a0        0x8 CMakeFiles/Chasis.dir/home/jose/pico/FreeRTOS/FreeRTOS/Source/portable/MemMang/heap_4.c.obj
 .bss.xSuspendedTaskList
                0x00000000200210a8       0x14 CMakeFiles/Chasis.dir/home/jose/pico/FreeRTOS/FreeRTOS/Source/tasks.c.obj
 .bss.xTasksWaitingTermination
                0x00000000200210bc       0x14 CMakeFiles/Chasis.dir/home/jose/pico/FreeRTOS/FreeRTOS/Source/tasks.c.obj
 .bss.xTickCount
                0x00000000200210d0        0x4 CMakeFiles/Chasis.dir/home/jose/pico/FreeRTOS/FreeRTOS/Source/tasks.c.obj
 .bss.xTimerQueue
                0x00000000200210d4        0x4 CMakeFiles/Chasis.dir/home/jose/pico/FreeRTOS/FreeRTOS/Source/timers.c.obj
 .bss.xTimerTaskHandle
                0x00000000200210d8        0x4 CMakeFiles/Chasis.dir/home/jose/pico/FreeRTOS/FreeRTOS/Source/timers.c.obj
 .bss.xYieldPending
                0x00000000200210dc        0x4 CMakeFiles/Chasis.dir/home/jose/pico/FreeRTOS/FreeRTOS/Source/tasks.c.obj
 .bss.claimed   0x00000000200210e0        0x1 CMakeFiles/Chasis.dir/home/jose/pico/pico-sdk/src/rp2_common/hardware_timer/timer.c.obj
 .bss.irq_hander_chain_free_slot_head
                0x00000000200210e1        0x1 CMakeFiles/Chasis.dir/home/jose/pico/pico-sdk/src/rp2_common/hardware_irq/irq.c.obj
 .bss.timer_callbacks_pending
                0x00000000200210e2        0x1 CMakeFiles/Chasis.dir/home/jose/pico/pico-sdk/src/rp2_common/hardware_timer/timer.c.obj
 *(COMMON)
 *fill*         0x00000000200210e3        0x1 
 COMMON         0x00000000200210e4        0x4 CMakeFiles/Chasis.dir/home/jose/pico/pico-sdk/src/rp2_common/hardware_uart/uart.c.obj
                0x00000000200210e4                uart_char_to_line_feed
 COMMON         0x00000000200210e8      0x100 CMakeFiles/Chasis.dir/home/jose/pico/pico-sdk/src/rp2_common/pico_double/double_init_rom.c.obj
                0x00000000200210e8                sd_table
 COMMON         0x00000000200211e8      0x100 CMakeFiles/Chasis.dir/home/jose/pico/pico-sdk/src/rp2_common/pico_float/float_init_rom.c.obj
                0x00000000200211e8                sf_table
 COMMON         0x00000000200212e8       0x40 CMakeFiles/Chasis.dir/home/jose/pico/FreeRTOS/FreeRTOS/Source/queue.c.obj
                0x00000000200212e8                xQueueRegistry
 COMMON         0x0000000020021328        0x4 /usr/lib/gcc/arm-none-eabi/9.2.1/../../../arm-none-eabi/lib/thumb/v6-m/nofp/libc.a(lib_a-reent.o)
                0x0000000020021328                errno
                0x000000002002132c                . = ALIGN (0x4)
                0x000000002002132c                __bss_end__ = .

.heap           0x000000002002132c      0x800
                0x000000002002132c                __end__ = .
                0x000000002002132c                end = __end__
 *(.heap*)
 .heap          0x000000002002132c      0x800 CMakeFiles/Chasis.dir/home/jose/pico/pico-sdk/src/rp2_common/pico_standard_link/crt0.S.obj
                0x0000000020021b2c                __HeapLimit = .

.stack1_dummy   0x0000000020040000        0x0
 *(.stack1*)

.stack_dummy    0x0000000020041000      0x800
 *(.stack*)
 .stack         0x0000000020041000      0x800 CMakeFiles/Chasis.dir/home/jose/pico/pico-sdk/src/rp2_common/pico_standard_link/crt0.S.obj

.flash_end      0x0000000010008e24        0x0
                0x0000000010008e24                __flash_binary_end = .
                0x0000000020040000                __StackLimit = (ORIGIN (RAM) + LENGTH (RAM))
                0x0000000020041000                __StackOneTop = (ORIGIN (SCRATCH_X) + LENGTH (SCRATCH_X))
                0x0000000020042000                __StackTop = (ORIGIN (SCRATCH_Y) + LENGTH (SCRATCH_Y))
                0x0000000020041000                __StackOneBottom = (__StackOneTop - SIZEOF (.stack1_dummy))
                0x0000000020041800                __StackBottom = (__StackTop - SIZEOF (.stack_dummy))
                0x0000000020042000                PROVIDE (__stack = __StackTop)
                0x0000000000000001                ASSERT ((__StackLimit >= __HeapLimit), region RAM overflowed)
                0x0000000000000001                ASSERT (((__binary_info_header_end - __logical_binary_start) <= 0x100), Binary info must be in first 256 bytes of the binary)
LOAD CMakeFiles/Chasis.dir/Chasis.c.obj
LOAD CMakeFiles/Chasis.dir/home/jose/pico/pico-sdk/src/rp2_common/pico_stdlib/stdlib.c.obj
LOAD CMakeFiles/Chasis.dir/home/jose/pico/pico-sdk/src/rp2_common/hardware_gpio/gpio.c.obj
LOAD CMakeFiles/Chasis.dir/home/jose/pico/pico-sdk/src/rp2_common/pico_platform/platform.c.obj
LOAD CMakeFiles/Chasis.dir/home/jose/pico/pico-sdk/src/rp2_common/hardware_claim/claim.c.obj
LOAD CMakeFiles/Chasis.dir/home/jose/pico/pico-sdk/src/rp2_common/hardware_sync/sync.c.obj
LOAD CMakeFiles/Chasis.dir/home/jose/pico/pico-sdk/src/rp2_common/hardware_irq/irq.c.obj
LOAD CMakeFiles/Chasis.dir/home/jose/pico/pico-sdk/src/rp2_common/hardware_irq/irq_handler_chain.S.obj
LOAD CMakeFiles/Chasis.dir/home/jose/pico/pico-sdk/src/common/pico_sync/sem.c.obj
LOAD CMakeFiles/Chasis.dir/home/jose/pico/pico-sdk/src/common/pico_sync/lock_core.c.obj
LOAD CMakeFiles/Chasis.dir/home/jose/pico/pico-sdk/src/common/pico_sync/mutex.c.obj
LOAD CMakeFiles/Chasis.dir/home/jose/pico/pico-sdk/src/common/pico_sync/critical_section.c.obj
LOAD CMakeFiles/Chasis.dir/home/jose/pico/pico-sdk/src/common/pico_time/time.c.obj
LOAD CMakeFiles/Chasis.dir/home/jose/pico/pico-sdk/src/common/pico_time/timeout_helper.c.obj
LOAD CMakeFiles/Chasis.dir/home/jose/pico/pico-sdk/src/rp2_common/hardware_timer/timer.c.obj
LOAD CMakeFiles/Chasis.dir/home/jose/pico/pico-sdk/src/common/pico_util/datetime.c.obj
LOAD CMakeFiles/Chasis.dir/home/jose/pico/pico-sdk/src/common/pico_util/pheap.c.obj
LOAD CMakeFiles/Chasis.dir/home/jose/pico/pico-sdk/src/common/pico_util/queue.c.obj
LOAD CMakeFiles/Chasis.dir/home/jose/pico/pico-sdk/src/rp2_common/hardware_uart/uart.c.obj
LOAD CMakeFiles/Chasis.dir/home/jose/pico/pico-sdk/src/rp2_common/hardware_clocks/clocks.c.obj
LOAD CMakeFiles/Chasis.dir/home/jose/pico/pico-sdk/src/rp2_common/hardware_pll/pll.c.obj
LOAD CMakeFiles/Chasis.dir/home/jose/pico/pico-sdk/src/rp2_common/hardware_vreg/vreg.c.obj
LOAD CMakeFiles/Chasis.dir/home/jose/pico/pico-sdk/src/rp2_common/hardware_watchdog/watchdog.c.obj
LOAD CMakeFiles/Chasis.dir/home/jose/pico/pico-sdk/src/rp2_common/hardware_xosc/xosc.c.obj
LOAD CMakeFiles/Chasis.dir/home/jose/pico/pico-sdk/src/rp2_common/hardware_divider/divider.S.obj
LOAD CMakeFiles/Chasis.dir/home/jose/pico/pico-sdk/src/rp2_common/pico_runtime/runtime.c.obj
LOAD CMakeFiles/Chasis.dir/home/jose/pico/pico-sdk/src/rp2_common/pico_printf/printf.c.obj
LOAD CMakeFiles/Chasis.dir/home/jose/pico/pico-sdk/src/rp2_common/pico_bit_ops/bit_ops_aeabi.S.obj
LOAD CMakeFiles/Chasis.dir/home/jose/pico/pico-sdk/src/rp2_common/pico_bootrom/bootrom.c.obj
LOAD CMakeFiles/Chasis.dir/home/jose/pico/pico-sdk/src/rp2_common/pico_divider/divider.S.obj
LOAD CMakeFiles/Chasis.dir/home/jose/pico/pico-sdk/src/rp2_common/pico_double/double_aeabi.S.obj
LOAD CMakeFiles/Chasis.dir/home/jose/pico/pico-sdk/src/rp2_common/pico_double/double_init_rom.c.obj
LOAD CMakeFiles/Chasis.dir/home/jose/pico/pico-sdk/src/rp2_common/pico_double/double_math.c.obj
LOAD CMakeFiles/Chasis.dir/home/jose/pico/pico-sdk/src/rp2_common/pico_double/double_v1_rom_shim.S.obj
LOAD CMakeFiles/Chasis.dir/home/jose/pico/pico-sdk/src/rp2_common/pico_int64_ops/pico_int64_ops_aeabi.S.obj
LOAD CMakeFiles/Chasis.dir/home/jose/pico/pico-sdk/src/rp2_common/pico_float/float_aeabi.S.obj
LOAD CMakeFiles/Chasis.dir/home/jose/pico/pico-sdk/src/rp2_common/pico_float/float_init_rom.c.obj
LOAD CMakeFiles/Chasis.dir/home/jose/pico/pico-sdk/src/rp2_common/pico_float/float_math.c.obj
LOAD CMakeFiles/Chasis.dir/home/jose/pico/pico-sdk/src/rp2_common/pico_float/float_v1_rom_shim.S.obj
LOAD CMakeFiles/Chasis.dir/home/jose/pico/pico-sdk/src/rp2_common/pico_malloc/pico_malloc.c.obj
LOAD CMakeFiles/Chasis.dir/home/jose/pico/pico-sdk/src/rp2_common/pico_mem_ops/mem_ops_aeabi.S.obj
LOAD CMakeFiles/Chasis.dir/home/jose/pico/pico-sdk/src/rp2_common/pico_standard_link/crt0.S.obj
LOAD CMakeFiles/Chasis.dir/home/jose/pico/pico-sdk/src/rp2_common/pico_standard_link/new_delete.cpp.obj
LOAD CMakeFiles/Chasis.dir/home/jose/pico/pico-sdk/src/rp2_common/pico_standard_link/binary_info.c.obj
LOAD CMakeFiles/Chasis.dir/home/jose/pico/pico-sdk/src/rp2_common/pico_stdio/stdio.c.obj
LOAD CMakeFiles/Chasis.dir/home/jose/pico/pico-sdk/src/rp2_common/pico_stdio_uart/stdio_uart.c.obj
LOAD CMakeFiles/Chasis.dir/home/jose/pico/pico-sdk/src/rp2_common/hardware_adc/adc.c.obj
LOAD CMakeFiles/Chasis.dir/home/jose/pico/FreeRTOS/FreeRTOS/Source/portable/ThirdParty/GCC/RP2040/port.c.obj
LOAD CMakeFiles/Chasis.dir/home/jose/pico/FreeRTOS/FreeRTOS/Source/croutine.c.obj
LOAD CMakeFiles/Chasis.dir/home/jose/pico/FreeRTOS/FreeRTOS/Source/event_groups.c.obj
LOAD CMakeFiles/Chasis.dir/home/jose/pico/FreeRTOS/FreeRTOS/Source/list.c.obj
LOAD CMakeFiles/Chasis.dir/home/jose/pico/FreeRTOS/FreeRTOS/Source/queue.c.obj
LOAD CMakeFiles/Chasis.dir/home/jose/pico/FreeRTOS/FreeRTOS/Source/stream_buffer.c.obj
LOAD CMakeFiles/Chasis.dir/home/jose/pico/FreeRTOS/FreeRTOS/Source/tasks.c.obj
LOAD CMakeFiles/Chasis.dir/home/jose/pico/FreeRTOS/FreeRTOS/Source/timers.c.obj
LOAD CMakeFiles/Chasis.dir/home/jose/pico/pico-sdk/src/rp2_common/hardware_exception/exception.c.obj
LOAD CMakeFiles/Chasis.dir/home/jose/pico/FreeRTOS/FreeRTOS/Source/portable/MemMang/heap_4.c.obj
LOAD /tmp/ccxAoGRO.o
LOAD /usr/lib/gcc/arm-none-eabi/9.2.1/../../../arm-none-eabi/lib/thumb/v6-m/nofp/libstdc++.a
LOAD /usr/lib/gcc/arm-none-eabi/9.2.1/../../../arm-none-eabi/lib/thumb/v6-m/nofp/libm.a
START GROUP
LOAD /usr/lib/gcc/arm-none-eabi/9.2.1/thumb/v6-m/nofp/libgcc.a
LOAD /usr/lib/gcc/arm-none-eabi/9.2.1/../../../arm-none-eabi/lib/thumb/v6-m/nofp/libc.a
END GROUP
START GROUP
LOAD /usr/lib/gcc/arm-none-eabi/9.2.1/thumb/v6-m/nofp/libgcc.a
LOAD /usr/lib/gcc/arm-none-eabi/9.2.1/../../../arm-none-eabi/lib/thumb/v6-m/nofp/libc.a
LOAD /usr/lib/gcc/arm-none-eabi/9.2.1/../../../arm-none-eabi/lib/thumb/v6-m/nofp/libnosys.a
END GROUP
LOAD /usr/lib/gcc/arm-none-eabi/9.2.1/thumb/v6-m/nofp/crtend.o
LOAD /usr/lib/gcc/arm-none-eabi/9.2.1/thumb/v6-m/nofp/crtn.o
OUTPUT(Chasis.elf elf32-littlearm)
LOAD linker stubs

.ARM.attributes
                0x0000000000000000       0x28
 .ARM.attributes
                0x0000000000000000       0x1e /usr/lib/gcc/arm-none-eabi/9.2.1/thumb/v6-m/nofp/crti.o
 .ARM.attributes
                0x000000000000001e       0x2c /usr/lib/gcc/arm-none-eabi/9.2.1/thumb/v6-m/nofp/crtbegin.o
 .ARM.attributes
                0x000000000000004a       0x2c CMakeFiles/Chasis.dir/Chasis.c.obj
 .ARM.attributes
                0x0000000000000076       0x2c CMakeFiles/Chasis.dir/home/jose/pico/pico-sdk/src/rp2_common/hardware_gpio/gpio.c.obj
 .ARM.attributes
                0x00000000000000a2       0x2c CMakeFiles/Chasis.dir/home/jose/pico/pico-sdk/src/rp2_common/pico_platform/platform.c.obj
 .ARM.attributes
                0x00000000000000ce       0x2c CMakeFiles/Chasis.dir/home/jose/pico/pico-sdk/src/rp2_common/hardware_claim/claim.c.obj
 .ARM.attributes
                0x00000000000000fa       0x2c CMakeFiles/Chasis.dir/home/jose/pico/pico-sdk/src/rp2_common/hardware_sync/sync.c.obj
 .ARM.attributes
                0x0000000000000126       0x2c CMakeFiles/Chasis.dir/home/jose/pico/pico-sdk/src/rp2_common/hardware_irq/irq.c.obj
 .ARM.attributes
                0x0000000000000152       0x22 CMakeFiles/Chasis.dir/home/jose/pico/pico-sdk/src/rp2_common/hardware_irq/irq_handler_chain.S.obj
 .ARM.attributes
                0x0000000000000174       0x2c CMakeFiles/Chasis.dir/home/jose/pico/pico-sdk/src/common/pico_sync/lock_core.c.obj
 .ARM.attributes
                0x00000000000001a0       0x2c CMakeFiles/Chasis.dir/home/jose/pico/pico-sdk/src/common/pico_sync/mutex.c.obj
 .ARM.attributes
                0x00000000000001cc       0x2c CMakeFiles/Chasis.dir/home/jose/pico/pico-sdk/src/common/pico_time/time.c.obj
 .ARM.attributes
                0x00000000000001f8       0x2c CMakeFiles/Chasis.dir/home/jose/pico/pico-sdk/src/rp2_common/hardware_timer/timer.c.obj
 .ARM.attributes
                0x0000000000000224       0x2c CMakeFiles/Chasis.dir/home/jose/pico/pico-sdk/src/common/pico_util/pheap.c.obj
 .ARM.attributes
                0x0000000000000250       0x2c CMakeFiles/Chasis.dir/home/jose/pico/pico-sdk/src/rp2_common/hardware_uart/uart.c.obj
 .ARM.attributes
                0x000000000000027c       0x2c CMakeFiles/Chasis.dir/home/jose/pico/pico-sdk/src/rp2_common/hardware_clocks/clocks.c.obj
 .ARM.attributes
                0x00000000000002a8       0x2c CMakeFiles/Chasis.dir/home/jose/pico/pico-sdk/src/rp2_common/hardware_pll/pll.c.obj
 .ARM.attributes
                0x00000000000002d4       0x2c CMakeFiles/Chasis.dir/home/jose/pico/pico-sdk/src/rp2_common/hardware_watchdog/watchdog.c.obj
 .ARM.attributes
                0x0000000000000300       0x2c CMakeFiles/Chasis.dir/home/jose/pico/pico-sdk/src/rp2_common/hardware_xosc/xosc.c.obj
 .ARM.attributes
                0x000000000000032c       0x2c CMakeFiles/Chasis.dir/home/jose/pico/pico-sdk/src/rp2_common/pico_runtime/runtime.c.obj
 .ARM.attributes
                0x0000000000000358       0x2c CMakeFiles/Chasis.dir/home/jose/pico/pico-sdk/src/rp2_common/pico_printf/printf.c.obj
 .ARM.attributes
                0x0000000000000384       0x22 CMakeFiles/Chasis.dir/home/jose/pico/pico-sdk/src/rp2_common/pico_bit_ops/bit_ops_aeabi.S.obj
 .ARM.attributes
                0x00000000000003a6       0x2c CMakeFiles/Chasis.dir/home/jose/pico/pico-sdk/src/rp2_common/pico_bootrom/bootrom.c.obj
 .ARM.attributes
                0x00000000000003d2       0x22 CMakeFiles/Chasis.dir/home/jose/pico/pico-sdk/src/rp2_common/pico_divider/divider.S.obj
 .ARM.attributes
                0x00000000000003f4       0x22 CMakeFiles/Chasis.dir/home/jose/pico/pico-sdk/src/rp2_common/pico_double/double_aeabi.S.obj
 .ARM.attributes
                0x0000000000000416       0x2c CMakeFiles/Chasis.dir/home/jose/pico/pico-sdk/src/rp2_common/pico_double/double_init_rom.c.obj
 .ARM.attributes
                0x0000000000000442       0x22 CMakeFiles/Chasis.dir/home/jose/pico/pico-sdk/src/rp2_common/pico_double/double_v1_rom_shim.S.obj
 .ARM.attributes
                0x0000000000000464       0x22 CMakeFiles/Chasis.dir/home/jose/pico/pico-sdk/src/rp2_common/pico_float/float_aeabi.S.obj
 .ARM.attributes
                0x0000000000000486       0x2c CMakeFiles/Chasis.dir/home/jose/pico/pico-sdk/src/rp2_common/pico_float/float_init_rom.c.obj
 .ARM.attributes
                0x00000000000004b2       0x22 CMakeFiles/Chasis.dir/home/jose/pico/pico-sdk/src/rp2_common/pico_float/float_v1_rom_shim.S.obj
 .ARM.attributes
                0x00000000000004d4       0x2c CMakeFiles/Chasis.dir/home/jose/pico/pico-sdk/src/rp2_common/pico_malloc/pico_malloc.c.obj
 .ARM.attributes
                0x0000000000000500       0x22 CMakeFiles/Chasis.dir/home/jose/pico/pico-sdk/src/rp2_common/pico_mem_ops/mem_ops_aeabi.S.obj
 .ARM.attributes
                0x0000000000000522       0x22 CMakeFiles/Chasis.dir/home/jose/pico/pico-sdk/src/rp2_common/pico_standard_link/crt0.S.obj
 .ARM.attributes
                0x0000000000000544       0x32 CMakeFiles/Chasis.dir/home/jose/pico/pico-sdk/src/rp2_common/pico_standard_link/binary_info.c.obj
 .ARM.attributes
                0x0000000000000576       0x2c CMakeFiles/Chasis.dir/home/jose/pico/pico-sdk/src/rp2_common/pico_stdio/stdio.c.obj
 .ARM.attributes
                0x00000000000005a2       0x2c CMakeFiles/Chasis.dir/home/jose/pico/pico-sdk/src/rp2_common/pico_stdio_uart/stdio_uart.c.obj
 .ARM.attributes
                0x00000000000005ce       0x2c CMakeFiles/Chasis.dir/home/jose/pico/FreeRTOS/FreeRTOS/Source/portable/ThirdParty/GCC/RP2040/port.c.obj
 .ARM.attributes
                0x00000000000005fa       0x2c CMakeFiles/Chasis.dir/home/jose/pico/FreeRTOS/FreeRTOS/Source/event_groups.c.obj
 .ARM.attributes
                0x0000000000000626       0x2c CMakeFiles/Chasis.dir/home/jose/pico/FreeRTOS/FreeRTOS/Source/list.c.obj
 .ARM.attributes
                0x0000000000000652       0x2c CMakeFiles/Chasis.dir/home/jose/pico/FreeRTOS/FreeRTOS/Source/queue.c.obj
 .ARM.attributes
                0x000000000000067e       0x2c CMakeFiles/Chasis.dir/home/jose/pico/FreeRTOS/FreeRTOS/Source/tasks.c.obj
 .ARM.attributes
                0x00000000000006aa       0x2c CMakeFiles/Chasis.dir/home/jose/pico/FreeRTOS/FreeRTOS/Source/timers.c.obj
 .ARM.attributes
                0x00000000000006d6       0x2c CMakeFiles/Chasis.dir/home/jose/pico/pico-sdk/src/rp2_common/hardware_exception/exception.c.obj
 .ARM.attributes
                0x0000000000000702       0x2c CMakeFiles/Chasis.dir/home/jose/pico/FreeRTOS/FreeRTOS/Source/portable/MemMang/heap_4.c.obj
 .ARM.attributes
                0x000000000000072e       0x22 /tmp/ccxAoGRO.o
 .ARM.attributes
                0x0000000000000750       0x1e /usr/lib/gcc/arm-none-eabi/9.2.1/thumb/v6-m/nofp/libgcc.a(_dvmd_tls.o)
 .ARM.attributes
                0x000000000000076e       0x2c /usr/lib/gcc/arm-none-eabi/9.2.1/../../../arm-none-eabi/lib/thumb/v6-m/nofp/libc.a(lib_a-impure.o)
 .ARM.attributes
                0x000000000000079a       0x2c /usr/lib/gcc/arm-none-eabi/9.2.1/../../../arm-none-eabi/lib/thumb/v6-m/nofp/libc.a(lib_a-malloc.o)
 .ARM.attributes
                0x00000000000007c6       0x2c /usr/lib/gcc/arm-none-eabi/9.2.1/../../../arm-none-eabi/lib/thumb/v6-m/nofp/libc.a(lib_a-mallocr.o)
 .ARM.attributes
                0x00000000000007f2       0x2c /usr/lib/gcc/arm-none-eabi/9.2.1/../../../arm-none-eabi/lib/thumb/v6-m/nofp/libc.a(lib_a-mlock.o)
 .ARM.attributes
                0x000000000000081e       0x2c /usr/lib/gcc/arm-none-eabi/9.2.1/../../../arm-none-eabi/lib/thumb/v6-m/nofp/libc.a(lib_a-sbrkr.o)
 .ARM.attributes
                0x000000000000084a       0x2c /usr/lib/gcc/arm-none-eabi/9.2.1/../../../arm-none-eabi/lib/thumb/v6-m/nofp/libc.a(lib_a-strlen-stub.o)
 .ARM.attributes
                0x0000000000000876       0x2c /usr/lib/gcc/arm-none-eabi/9.2.1/../../../arm-none-eabi/lib/thumb/v6-m/nofp/libc.a(lib_a-strtol.o)
 .ARM.attributes
                0x00000000000008a2       0x2c /usr/lib/gcc/arm-none-eabi/9.2.1/../../../arm-none-eabi/lib/thumb/v6-m/nofp/libc.a(lib_a-ctype_.o)
 .ARM.attributes
                0x00000000000008ce       0x2c /usr/lib/gcc/arm-none-eabi/9.2.1/../../../arm-none-eabi/lib/thumb/v6-m/nofp/libc.a(lib_a-errno.o)
 .ARM.attributes
                0x00000000000008fa       0x2c /usr/lib/gcc/arm-none-eabi/9.2.1/../../../arm-none-eabi/lib/thumb/v6-m/nofp/libc.a(lib_a-freer.o)
 .ARM.attributes
                0x0000000000000926       0x2c /usr/lib/gcc/arm-none-eabi/9.2.1/../../../arm-none-eabi/lib/thumb/v6-m/nofp/libc.a(lib_a-reent.o)
 .ARM.attributes
                0x0000000000000952       0x2c /usr/lib/gcc/arm-none-eabi/9.2.1/thumb/v6-m/nofp/crtend.o

.comment        0x0000000000000000       0xa7
 .comment       0x0000000000000000       0x59 /usr/lib/gcc/arm-none-eabi/9.2.1/thumb/v6-m/nofp/crtbegin.o
                                         0x5a (size before relaxing)
 .comment       0x0000000000000059       0x5a CMakeFiles/Chasis.dir/Chasis.c.obj
 .comment       0x0000000000000059       0x5a CMakeFiles/Chasis.dir/home/jose/pico/pico-sdk/src/rp2_common/hardware_gpio/gpio.c.obj
 .comment       0x0000000000000059       0x5a CMakeFiles/Chasis.dir/home/jose/pico/pico-sdk/src/rp2_common/pico_platform/platform.c.obj
 .comment       0x0000000000000059       0x5a CMakeFiles/Chasis.dir/home/jose/pico/pico-sdk/src/rp2_common/hardware_claim/claim.c.obj
 .comment       0x0000000000000059       0x5a CMakeFiles/Chasis.dir/home/jose/pico/pico-sdk/src/rp2_common/hardware_sync/sync.c.obj
 .comment       0x0000000000000059       0x5a CMakeFiles/Chasis.dir/home/jose/pico/pico-sdk/src/rp2_common/hardware_irq/irq.c.obj
 .comment       0x0000000000000059       0x5a CMakeFiles/Chasis.dir/home/jose/pico/pico-sdk/src/common/pico_sync/lock_core.c.obj
 .comment       0x0000000000000059       0x5a CMakeFiles/Chasis.dir/home/jose/pico/pico-sdk/src/common/pico_sync/mutex.c.obj
 .comment       0x0000000000000059       0x5a CMakeFiles/Chasis.dir/home/jose/pico/pico-sdk/src/common/pico_time/time.c.obj
 .comment       0x0000000000000059       0x5a CMakeFiles/Chasis.dir/home/jose/pico/pico-sdk/src/rp2_common/hardware_timer/timer.c.obj
 .comment       0x0000000000000059       0x5a CMakeFiles/Chasis.dir/home/jose/pico/pico-sdk/src/common/pico_util/pheap.c.obj
 .comment       0x0000000000000059       0x5a CMakeFiles/Chasis.dir/home/jose/pico/pico-sdk/src/rp2_common/hardware_uart/uart.c.obj