Archive member included to satisfy reference by file (symbol)

/usr/lib/gcc/arm-none-eabi/9.2.1/thumb/v6-m/nofp/libgcc.a(_dvmd_tls.o)
                              CMakeFiles/Controller.dir/home/jose/pico/pico-sdk/src/rp2_common/pico_divider/divider.S.obj (__aeabi_idiv0)
/usr/lib/gcc/arm-none-eabi/9.2.1/../../../arm-none-eabi/lib/thumb/v6-m/nofp/libc.a(lib_a-atexit.o)
                              /usr/lib/gcc/arm-none-eabi/9.2.1/../../../arm-none-eabi/lib/thumb/v6-m/nofp/crt0.o (atexit)
/usr/lib/gcc/arm-none-eabi/9.2.1/../../../arm-none-eabi/lib/thumb/v6-m/nofp/libc.a(lib_a-calloc.o)
                              CMakeFiles/Controller.dir/home/jose/pico/pico-sdk/src/rp2_common/pico_malloc/pico_malloc.c.obj (calloc)
/usr/lib/gcc/arm-none-eabi/9.2.1/../../../arm-none-eabi/lib/thumb/v6-m/nofp/libc.a(lib_a-callocr.o)
                              /usr/lib/gcc/arm-none-eabi/9.2.1/../../../arm-none-eabi/lib/thumb/v6-m/nofp/libc.a(lib_a-calloc.o) (_calloc_r)
/usr/lib/gcc/arm-none-eabi/9.2.1/../../../arm-none-eabi/lib/thumb/v6-m/nofp/libc.a(lib_a-fini.o)
                              /usr/lib/gcc/arm-none-eabi/9.2.1/../../../arm-none-eabi/lib/thumb/v6-m/nofp/crt0.o (__libc_fini_array)
/usr/lib/gcc/arm-none-eabi/9.2.1/../../../arm-none-eabi/lib/thumb/v6-m/nofp/libc.a(lib_a-impure.o)
                              /usr/lib/gcc/arm-none-eabi/9.2.1/../../../arm-none-eabi/lib/thumb/v6-m/nofp/libc.a(lib_a-calloc.o) (_impure_ptr)
/usr/lib/gcc/arm-none-eabi/9.2.1/../../../arm-none-eabi/lib/thumb/v6-m/nofp/libc.a(lib_a-init.o)
                              /usr/lib/gcc/arm-none-eabi/9.2.1/../../../arm-none-eabi/lib/thumb/v6-m/nofp/crt0.o (__libc_init_array)
/usr/lib/gcc/arm-none-eabi/9.2.1/../../../arm-none-eabi/lib/thumb/v6-m/nofp/libc.a(lib_a-malloc.o)
                              CMakeFiles/Controller.dir/home/jose/pico/pico-sdk/src/rp2_common/pico_malloc/pico_malloc.c.obj (malloc)
/usr/lib/gcc/arm-none-eabi/9.2.1/../../../arm-none-eabi/lib/thumb/v6-m/nofp/libc.a(lib_a-mallocr.o)
                              /usr/lib/gcc/arm-none-eabi/9.2.1/../../../arm-none-eabi/lib/thumb/v6-m/nofp/libc.a(lib_a-callocr.o) (_malloc_r)
/usr/lib/gcc/arm-none-eabi/9.2.1/../../../arm-none-eabi/lib/thumb/v6-m/nofp/libc.a(lib_a-mlock.o)
                              /usr/lib/gcc/arm-none-eabi/9.2.1/../../../arm-none-eabi/lib/thumb/v6-m/nofp/libc.a(lib_a-mallocr.o) (__malloc_lock)
/usr/lib/gcc/arm-none-eabi/9.2.1/../../../arm-none-eabi/lib/thumb/v6-m/nofp/libc.a(lib_a-realloc.o)
                              CMakeFiles/Controller.dir/home/jose/pico/pico-sdk/src/rp2_common/pico_malloc/pico_malloc.c.obj (realloc)
/usr/lib/gcc/arm-none-eabi/9.2.1/../../../arm-none-eabi/lib/thumb/v6-m/nofp/libc.a(lib_a-reallocr.o)
                              /usr/lib/gcc/arm-none-eabi/9.2.1/../../../arm-none-eabi/lib/thumb/v6-m/nofp/libc.a(lib_a-realloc.o) (_realloc_r)
/usr/lib/gcc/arm-none-eabi/9.2.1/../../../arm-none-eabi/lib/thumb/v6-m/nofp/libc.a(lib_a-sbrkr.o)
                              /usr/lib/gcc/arm-none-eabi/9.2.1/../../../arm-none-eabi/lib/thumb/v6-m/nofp/libc.a(lib_a-mallocr.o) (_sbrk_r)
/usr/lib/gcc/arm-none-eabi/9.2.1/../../../arm-none-eabi/lib/thumb/v6-m/nofp/libc.a(lib_a-strlen-stub.o)
                              CMakeFiles/Controller.dir/home/jose/pico/pico-sdk/src/rp2_common/pico_stdio/stdio.c.obj (strlen)
/usr/lib/gcc/arm-none-eabi/9.2.1/../../../arm-none-eabi/lib/thumb/v6-m/nofp/libc.a(lib_a-strtol.o)
                              CMakeFiles/Controller.dir/Controller.c.obj (strtol)
/usr/lib/gcc/arm-none-eabi/9.2.1/../../../arm-none-eabi/lib/thumb/v6-m/nofp/libc.a(lib_a-__atexit.o)
                              /usr/lib/gcc/arm-none-eabi/9.2.1/../../../arm-none-eabi/lib/thumb/v6-m/nofp/libc.a(lib_a-atexit.o) (__register_exitproc)
/usr/lib/gcc/arm-none-eabi/9.2.1/../../../arm-none-eabi/lib/thumb/v6-m/nofp/libc.a(lib_a-ctype_.o)
                              /usr/lib/gcc/arm-none-eabi/9.2.1/../../../arm-none-eabi/lib/thumb/v6-m/nofp/libc.a(lib_a-strtol.o) (_ctype_)
/usr/lib/gcc/arm-none-eabi/9.2.1/../../../arm-none-eabi/lib/thumb/v6-m/nofp/libc.a(lib_a-errno.o)
                              /usr/lib/gcc/arm-none-eabi/9.2.1/../../../arm-none-eabi/lib/thumb/v6-m/nofp/libc.a(lib_a-strtol.o) (__errno)
/usr/lib/gcc/arm-none-eabi/9.2.1/../../../arm-none-eabi/lib/thumb/v6-m/nofp/libc.a(lib_a-freer.o)
                              /usr/lib/gcc/arm-none-eabi/9.2.1/../../../arm-none-eabi/lib/thumb/v6-m/nofp/libc.a(lib_a-malloc.o) (_free_r)
/usr/lib/gcc/arm-none-eabi/9.2.1/../../../arm-none-eabi/lib/thumb/v6-m/nofp/libc.a(lib_a-memmove.o)
                              /usr/lib/gcc/arm-none-eabi/9.2.1/../../../arm-none-eabi/lib/thumb/v6-m/nofp/libc.a(lib_a-reallocr.o) (memmove)
/usr/lib/gcc/arm-none-eabi/9.2.1/../../../arm-none-eabi/lib/thumb/v6-m/nofp/libc.a(lib_a-reent.o)
                              /usr/lib/gcc/arm-none-eabi/9.2.1/../../../arm-none-eabi/lib/thumb/v6-m/nofp/libc.a(lib_a-sbrkr.o) (errno)

Allocating common symbols
[...]
Memory Configuration

Name             Origin             Length             Attributes
FLASH            0x0000000010000000 0x0000000000200000 xr
RAM              0x0000000020000000 0x0000000000040000 xrw
SCRATCH_X        0x0000000020040000 0x0000000000001000 xrw
SCRATCH_Y        0x0000000020041000 0x0000000000001000 xrw
*default*        0x0000000000000000 0xffffffffffffffff

Linker script and memory map

LOAD /usr/lib/gcc/arm-none-eabi/9.2.1/thumb/v6-m/nofp/crti.o
LOAD /usr/lib/gcc/arm-none-eabi/9.2.1/thumb/v6-m/nofp/crtbegin.o
LOAD /usr/lib/gcc/arm-none-eabi/9.2.1/../../../arm-none-eabi/lib/thumb/v6-m/nofp/crt0.o

.flash_begin    0x0000000010000000        0x0
                0x0000000010000000                __flash_binary_start = .

.boot2          0x0000000010000000      0x100
                0x0000000010000000                __boot2_start__ = .
 *(.boot2)
 .boot2         0x0000000010000000      0x100 /tmp/cchItoTz.o
                0x0000000010000100                __boot2_end__ = .
                0x0000000000000001                ASSERT (((__boot2_end__ - __boot2_start__) == 0x100), ERROR: Pico second stage bootloader must be 256 bytes in size)

.text           0x0000000010000100     0xaca0
                0x0000000010000100                __logical_binary_start = .
 *(.vectors)
 .vectors       0x0000000010000100       0xd4 CMakeFiles/Controller.dir/home/jose/pico/pico-sdk/src/rp2_common/pico_standard_link/crt0.S.obj
                0x0000000010000100                __vectors
                0x0000000010000100                __VECTOR_TABLE
                0x00000000100001c0                isr_invalid
                0x00000000100001c0                __default_isrs_start
                0x00000000100001c2                isr_nmi
                0x00000000100001c4                isr_hardfault
                0x00000000100001c6                isr_svcall
                0x00000000100001c8                isr_pendsv
                0x00000000100001ca                isr_systick
                0x00000000100001cc                isr_irq30
                0x00000000100001cc                __unhandled_user_irq
                0x00000000100001cc                isr_irq13
                0x00000000100001cc                isr_irq27
                0x00000000100001cc                isr_irq31
                0x00000000100001cc                isr_irq5
                0x00000000100001cc                isr_irq11
                0x00000000100001cc                isr_irq23
                0x00000000100001cc                isr_irq18
                0x00000000100001cc                isr_irq28
                0x00000000100001cc                isr_irq19
                0x00000000100001cc                isr_irq0
                0x00000000100001cc                isr_irq6
                0x00000000100001cc                isr_irq22
                0x00000000100001cc                isr_irq17
                0x00000000100001cc                isr_irq14
                0x00000000100001cc                isr_irq2
                0x00000000100001cc                isr_irq10
                0x00000000100001cc                isr_irq8
                0x00000000100001cc                isr_irq24
                0x00000000100001cc                isr_irq1
                0x00000000100001cc                isr_irq7
                0x00000000100001cc                isr_irq21
                0x00000000100001cc                isr_irq20
                0x00000000100001cc                isr_irq15
                0x00000000100001cc                isr_irq25
                0x00000000100001cc                isr_irq4
                0x00000000100001cc                isr_irq16
                0x00000000100001cc                isr_irq29
                0x00000000100001cc                isr_irq26
                0x00000000100001cc                __default_isrs_end
                0x00000000100001cc                isr_irq3
                0x00000000100001cc                isr_irq12
                0x00000000100001cc                isr_irq9
                0x00000000100001d2                unhandled_user_irq_num_in_r0
 *(.binary_info_header)
 .binary_info_header
                0x00000000100001d4       0x14 CMakeFiles/Controller.dir/home/jose/pico/pico-sdk/src/rp2_common/pico_standard_link/crt0.S.obj
                0x00000000100001e8                __binary_info_header_end = .
 *(.reset)
 .reset         0x00000000100001e8       0xa0 CMakeFiles/Controller.dir/home/jose/pico/pico-sdk/src/rp2_common/pico_standard_link/crt0.S.obj
                0x00000000100001e8                _entry_point
 .reset         0x0000000010000288       0x30 CMakeFiles/Controller.dir/home/jose/pico/pico-sdk/src/rp2_common/pico_standard_link/binary_info.c.obj
 *(.init)
 .init          0x00000000100002b8        0x4 /usr/lib/gcc/arm-none-eabi/9.2.1/thumb/v6-m/nofp/crti.o
                0x00000000100002b8                _init
 *(EXCLUDE_FILE(*libm.a: *libc.a:*lib_a-mem*.o *libgcc.a:) .text*)
 .text          0x00000000100002bc       0x98 /usr/lib/gcc/arm-none-eabi/9.2.1/thumb/v6-m/nofp/crtbegin.o
 .text.uart_task2_receive
                0x0000000010000354       0xec CMakeFiles/Controller.dir/Controller.c.obj
                0x0000000010000354                uart_task2_receive
 .text.vUpdateLeverStateTask
                0x0000000010000440       0xc8 CMakeFiles/Controller.dir/Controller.c.obj
                0x0000000010000440                vUpdateLeverStateTask
 .text.vUpdateButtonsStateTask
                0x0000000010000508       0x88 CMakeFiles/Controller.dir/Controller.c.obj
                0x0000000010000508                vUpdateButtonsStateTask
 .text.vLedBlinkTask
                0x0000000010000590       0x20 CMakeFiles/Controller.dir/Controller.c.obj
                0x0000000010000590                vLedBlinkTask
 .text.vUpdateSpeedTask
                0x00000000100005b0       0xb8 CMakeFiles/Controller.dir/Controller.c.obj
                0x00000000100005b0                vUpdateSpeedTask
 .text.vUpdateDirectionTask
                0x0000000010000668       0xbc CMakeFiles/Controller.dir/Controller.c.obj
                0x0000000010000668                vUpdateDirectionTask
 .text.uart_task2_send
                0x0000000010000724      0x1e8 CMakeFiles/Controller.dir/Controller.c.obj
                0x0000000010000724                uart_task2_send
 .text.vUpdateOledTask
                0x000000001000090c      0x128 CMakeFiles/Controller.dir/Controller.c.obj
                0x000000001000090c                vUpdateOledTask
 .text.setup_gpios
                0x0000000010000a34      0x180 CMakeFiles/Controller.dir/Controller.c.obj
                0x0000000010000a34                setup_gpios
 .text.startup.main
                0x0000000010000bb4      0x198 CMakeFiles/Controller.dir/Controller.c.obj
                0x0000000010000bb4                main
 .text.ssd1306_draw_char_with_font.part.0
                0x0000000010000d4c      0x12c CMakeFiles/Controller.dir/lib/ssd1306/ssd1306.c.obj
 .text.ssd1306_init
                0x0000000010000e78      0x14c CMakeFiles/Controller.dir/lib/ssd1306/ssd1306.c.obj
                0x0000000010000e78                ssd1306_init
 .text.ssd1306_clear
                0x0000000010000fc4       0x10 CMakeFiles/Controller.dir/lib/ssd1306/ssd1306.c.obj
                0x0000000010000fc4                ssd1306_clear
 .text.ssd1306_draw_line
                0x0000000010000fd4       0xcc CMakeFiles/Controller.dir/lib/ssd1306/ssd1306.c.obj
                0x0000000010000fd4                ssd1306_draw_line
 .text.ssd1306_draw_empty_square
                0x00000000100010a0       0x58 CMakeFiles/Controller.dir/lib/ssd1306/ssd1306.c.obj
                0x00000000100010a0                ssd1306_draw_empty_square
 .text.ssd1306_draw_string
                0x00000000100010f8       0x64 CMakeFiles/Controller.dir/lib/ssd1306/ssd1306.c.obj
                0x00000000100010f8                ssd1306_draw_string
 .text.ssd1306_show
                0x000000001000115c       0xd4 CMakeFiles/Controller.dir/lib/ssd1306/ssd1306.c.obj
                0x000000001000115c                ssd1306_show
 .text.gpio_set_function
                0x0000000010001230       0x30 CMakeFiles/Controller.dir/home/jose/pico/pico-sdk/src/rp2_common/hardware_gpio/gpio.c.obj
                0x0000000010001230                gpio_set_function
 .text.gpio_set_pulls
                0x0000000010001260       0x30 CMakeFiles/Controller.dir/home/jose/pico/pico-sdk/src/rp2_common/hardware_gpio/gpio.c.obj
                0x0000000010001260                gpio_set_pulls
 .text.gpio_set_input_enabled
                0x0000000010001290       0x28 CMakeFiles/Controller.dir/home/jose/pico/pico-sdk/src/rp2_common/hardware_gpio/gpio.c.obj
                0x0000000010001290                gpio_set_input_enabled
 .text.gpio_init
                0x00000000100012b8       0x3c CMakeFiles/Controller.dir/home/jose/pico/pico-sdk/src/rp2_common/hardware_gpio/gpio.c.obj
                0x00000000100012b8                gpio_init
 .text.running_on_fpga
                0x00000000100012f4       0x10 CMakeFiles/Controller.dir/home/jose/pico/pico-sdk/src/rp2_common/pico_platform/platform.c.obj
                0x00000000100012f4                running_on_fpga
 .text.hw_claim_or_assert
                0x0000000010001304       0x48 CMakeFiles/Controller.dir/home/jose/pico/pico-sdk/src/rp2_common/hardware_claim/claim.c.obj
                0x0000000010001304                hw_claim_or_assert
 .text.hw_claim_unused_from_range
                0x000000001000134c       0x9c CMakeFiles/Controller.dir/home/jose/pico/pico-sdk/src/rp2_common/hardware_claim/claim.c.obj
                0x000000001000134c                hw_claim_unused_from_range
 .text.spin_locks_reset
                0x00000000100013e8       0x1c CMakeFiles/Controller.dir/home/jose/pico/pico-sdk/src/rp2_common/hardware_sync/sync.c.obj
                0x00000000100013e8                spin_locks_reset
 .text.next_striped_spin_lock_num
                0x0000000010001404       0x18 CMakeFiles/Controller.dir/home/jose/pico/pico-sdk/src/rp2_common/hardware_sync/sync.c.obj
                0x0000000010001404                next_striped_spin_lock_num
 .text.spin_lock_claim_unused
                0x000000001000141c       0x20 CMakeFiles/Controller.dir/home/jose/pico/pico-sdk/src/rp2_common/hardware_sync/sync.c.obj
                0x000000001000141c                spin_lock_claim_unused
 .text.irq_set_enabled
                0x000000001000143c       0x24 CMakeFiles/Controller.dir/home/jose/pico/pico-sdk/src/rp2_common/hardware_irq/irq.c.obj
                0x000000001000143c                irq_set_enabled
 .text.irq_set_pending
                0x0000000010001460       0x10 CMakeFiles/Controller.dir/home/jose/pico/pico-sdk/src/rp2_common/hardware_irq/irq.c.obj
                0x0000000010001460                irq_set_pending
 .text.irq_has_shared_handler
                0x0000000010001470       0x2c CMakeFiles/Controller.dir/home/jose/pico/pico-sdk/src/rp2_common/hardware_irq/irq.c.obj
                0x0000000010001470                irq_has_shared_handler
 .text.irq_get_vtable_handler
                0x000000001000149c       0x10 CMakeFiles/Controller.dir/home/jose/pico/pico-sdk/src/rp2_common/hardware_irq/irq.c.obj
                0x000000001000149c                irq_get_vtable_handler
 .text.irq_set_exclusive_handler
                0x00000000100014ac       0x54 CMakeFiles/Controller.dir/home/jose/pico/pico-sdk/src/rp2_common/hardware_irq/irq.c.obj
                0x00000000100014ac                irq_set_exclusive_handler
 .text.irq_add_shared_handler
                0x0000000010001500      0x1c0 CMakeFiles/Controller.dir/home/jose/pico/pico-sdk/src/rp2_common/hardware_irq/irq.c.obj
                0x0000000010001500                irq_add_shared_handler
 .text.irq_remove_handler
                0x00000000100016c0      0x1b4 CMakeFiles/Controller.dir/home/jose/pico/pico-sdk/src/rp2_common/hardware_irq/irq.c.obj
                0x00000000100016c0                irq_remove_handler
 .text.irq_add_tail_to_free_list
                0x0000000010001874       0xb4 CMakeFiles/Controller.dir/home/jose/pico/pico-sdk/src/rp2_common/hardware_irq/irq.c.obj
                0x0000000010001874                irq_add_tail_to_free_list
 .text.irq_init_priorities
                0x0000000010001928       0x24 CMakeFiles/Controller.dir/home/jose/pico/pico-sdk/src/rp2_common/hardware_irq/irq.c.obj
                0x0000000010001928                irq_init_priorities
 .text.user_irq_claim_unused
                0x000000001000194c       0x28 CMakeFiles/Controller.dir/home/jose/pico/pico-sdk/src/rp2_common/hardware_irq/irq.c.obj
                0x000000001000194c                user_irq_claim_unused
 .text.lock_init
                0x0000000010001974       0x10 CMakeFiles/Controller.dir/home/jose/pico/pico-sdk/src/common/pico_sync/lock_core.c.obj
                0x0000000010001974                lock_init
 .text.mutex_init
                0x0000000010001984       0x1c CMakeFiles/Controller.dir/home/jose/pico/pico-sdk/src/common/pico_sync/mutex.c.obj
                0x0000000010001984                mutex_init
 .text.recursive_mutex_init
                0x00000000100019a0       0x20 CMakeFiles/Controller.dir/home/jose/pico/pico-sdk/src/common/pico_sync/mutex.c.obj
                0x00000000100019a0                recursive_mutex_init
 .text.critical_section_init
                0x00000000100019c0       0x1c CMakeFiles/Controller.dir/home/jose/pico/pico-sdk/src/common/pico_sync/critical_section.c.obj
                0x00000000100019c0                critical_section_init
 .text.critical_section_init_with_lock_num
                0x00000000100019dc       0x14 CMakeFiles/Controller.dir/home/jose/pico/pico-sdk/src/common/pico_sync/critical_section.c.obj
                0x00000000100019dc                critical_section_init_with_lock_num
 .text.timer_pool_entry_comparator
                0x00000000100019f0       0x34 CMakeFiles/Controller.dir/home/jose/pico/pico-sdk/src/common/pico_time/time.c.obj
                0x00000000100019f0                timer_pool_entry_comparator
 .text.sleep_until_callback
                0x0000000010001a24       0x24 CMakeFiles/Controller.dir/home/jose/pico/pico-sdk/src/common/pico_time/time.c.obj
 .text.add_alarm_under_lock
                0x0000000010001a48      0x108 CMakeFiles/Controller.dir/home/jose/pico/pico-sdk/src/common/pico_time/time.c.obj
 .text.alarm_pool_alarm_callback
                0x0000000010001b50      0x1b8 CMakeFiles/Controller.dir/home/jose/pico/pico-sdk/src/common/pico_time/time.c.obj
 .text.alarm_pool_init_default
                0x0000000010001d08       0x6c CMakeFiles/Controller.dir/home/jose/pico/pico-sdk/src/common/pico_time/time.c.obj
                0x0000000010001d08                alarm_pool_init_default
 .text.alarm_pool_get_default
                0x0000000010001d74        0x8 CMakeFiles/Controller.dir/home/jose/pico/pico-sdk/src/common/pico_time/time.c.obj
                0x0000000010001d74                alarm_pool_get_default
 .text.alarm_pool_add_alarm_at
                0x0000000010001d7c      0x190 CMakeFiles/Controller.dir/home/jose/pico/pico-sdk/src/common/pico_time/time.c.obj
                0x0000000010001d7c                alarm_pool_add_alarm_at
 .text.alarm_pool_cancel_alarm
                0x0000000010001f0c       0x70 CMakeFiles/Controller.dir/home/jose/pico/pico-sdk/src/common/pico_time/time.c.obj
                0x0000000010001f0c                alarm_pool_cancel_alarm
 .text.alarm_pool_core_num
                0x0000000010001f7c        0x4 CMakeFiles/Controller.dir/home/jose/pico/pico-sdk/src/common/pico_time/time.c.obj
                0x0000000010001f7c                alarm_pool_core_num
 .text.best_effort_wfe_or_timeout
                0x0000000010001f80       0x60 CMakeFiles/Controller.dir/home/jose/pico/pico-sdk/src/common/pico_time/time.c.obj
                0x0000000010001f80                best_effort_wfe_or_timeout
 .text.hardware_alarm_irq_handler
                0x0000000010001fe0       0xbc CMakeFiles/Controller.dir/home/jose/pico/pico-sdk/src/rp2_common/hardware_timer/timer.c.obj
 .text.hardware_alarm_claim
                0x000000001000209c       0x18 CMakeFiles/Controller.dir/home/jose/pico/pico-sdk/src/rp2_common/hardware_timer/timer.c.obj
                0x000000001000209c                hardware_alarm_claim
 .text.time_us_64
                0x00000000100020b4       0x14 CMakeFiles/Controller.dir/home/jose/pico/pico-sdk/src/rp2_common/hardware_timer/timer.c.obj
                0x00000000100020b4                time_us_64
 .text.hardware_alarm_set_callback
                0x00000000100020c8       0x8c CMakeFiles/Controller.dir/home/jose/pico/pico-sdk/src/rp2_common/hardware_timer/timer.c.obj
                0x00000000100020c8                hardware_alarm_set_callback
 .text.hardware_alarm_set_target
                0x0000000010002154       0xe4 CMakeFiles/Controller.dir/home/jose/pico/pico-sdk/src/rp2_common/hardware_timer/timer.c.obj
                0x0000000010002154                hardware_alarm_set_target
 .text.hardware_alarm_cancel
                0x0000000010002238       0x40 CMakeFiles/Controller.dir/home/jose/pico/pico-sdk/src/rp2_common/hardware_timer/timer.c.obj
                0x0000000010002238                hardware_alarm_cancel
 .text.ph_merge_nodes
                0x0000000010002278       0x68 CMakeFiles/Controller.dir/home/jose/pico/pico-sdk/src/common/pico_util/pheap.c.obj
 .text.ph_post_alloc_init
                0x00000000100022e0       0x3c CMakeFiles/Controller.dir/home/jose/pico/pico-sdk/src/common/pico_util/pheap.c.obj
                0x00000000100022e0                ph_post_alloc_init
 .text.ph_merge_two_pass
                0x000000001000231c       0x90 CMakeFiles/Controller.dir/home/jose/pico/pico-sdk/src/common/pico_util/pheap.c.obj
                0x000000001000231c                ph_merge_two_pass
 .text.ph_remove_any_head
                0x00000000100023ac      0x100 CMakeFiles/Controller.dir/home/jose/pico/pico-sdk/src/common/pico_util/pheap.c.obj
 .text.ph_remove_head
                0x00000000100024ac      0x144 CMakeFiles/Controller.dir/home/jose/pico/pico-sdk/src/common/pico_util/pheap.c.obj
                0x00000000100024ac                ph_remove_head
 .text.ph_remove_and_free_node
                0x00000000100025f0       0x7c CMakeFiles/Controller.dir/home/jose/pico/pico-sdk/src/common/pico_util/pheap.c.obj
                0x00000000100025f0                ph_remove_and_free_node
 .text.uart_init
                0x000000001000266c       0xe4 CMakeFiles/Controller.dir/home/jose/pico/pico-sdk/src/rp2_common/hardware_uart/uart.c.obj
                0x000000001000266c                uart_init
 .text.clocks_init
                0x0000000010002750      0x2bc CMakeFiles/Controller.dir/home/jose/pico/pico-sdk/src/rp2_common/hardware_clocks/clocks.c.obj
                0x0000000010002750                clocks_init
 .text.clock_get_hz
                0x0000000010002a0c        0xc CMakeFiles/Controller.dir/home/jose/pico/pico-sdk/src/rp2_common/hardware_clocks/clocks.c.obj
                0x0000000010002a0c                clock_get_hz
 .text.pll_init
                0x0000000010002a18       0xa8 CMakeFiles/Controller.dir/home/jose/pico/pico-sdk/src/rp2_common/hardware_pll/pll.c.obj
                0x0000000010002a18                pll_init
 .text.watchdog_start_tick
                0x0000000010002ac0       0x10 CMakeFiles/Controller.dir/home/jose/pico/pico-sdk/src/rp2_common/hardware_watchdog/watchdog.c.obj
                0x0000000010002ac0                watchdog_start_tick
 .text.watchdog_reboot
                0x0000000010002ad0       0x98 CMakeFiles/Controller.dir/home/jose/pico/pico-sdk/src/rp2_common/hardware_watchdog/watchdog.c.obj
                0x0000000010002ad0                watchdog_reboot
 .text.xosc_init
                0x0000000010002b68       0x28 CMakeFiles/Controller.dir/home/jose/pico/pico-sdk/src/rp2_common/hardware_xosc/xosc.c.obj
                0x0000000010002b68                xosc_init
 .text.runtime_init
                0x0000000010002b90       0xf0 CMakeFiles/Controller.dir/home/jose/pico/pico-sdk/src/rp2_common/pico_runtime/runtime.c.obj
                0x0000000010002b90                runtime_init
 .text._exit    0x0000000010002c80        0x4 CMakeFiles/Controller.dir/home/jose/pico/pico-sdk/src/rp2_common/pico_runtime/runtime.c.obj
                0x0000000010002c80                _exit
 .text._sbrk    0x0000000010002c84       0x34 CMakeFiles/Controller.dir/home/jose/pico/pico-sdk/src/rp2_common/pico_runtime/runtime.c.obj
                0x0000000010002c84                _sbrk
 .text.exit     0x0000000010002cb8        0x8 CMakeFiles/Controller.dir/home/jose/pico/pico-sdk/src/rp2_common/pico_runtime/runtime.c.obj
                0x0000000010002cb8                exit
 .text.panic    0x0000000010002cc0       0x30 CMakeFiles/Controller.dir/home/jose/pico/pico-sdk/src/rp2_common/pico_runtime/runtime.c.obj
                0x0000000010002cc0                panic
 .text.panic_unsupported
                0x0000000010002cf0        0xc CMakeFiles/Controller.dir/home/jose/pico/pico-sdk/src/rp2_common/pico_runtime/runtime.c.obj
                0x0000000010002cf0                panic_unsupported
 .text.hard_assertion_failure
                0x0000000010002cfc        0xc CMakeFiles/Controller.dir/home/jose/pico/pico-sdk/src/rp2_common/pico_runtime/runtime.c.obj
                0x0000000010002cfc                hard_assertion_failure
 .text._out_buffer
                0x0000000010002d08        0x8 CMakeFiles/Controller.dir/home/jose/pico/pico-sdk/src/rp2_common/pico_printf/printf.c.obj
 .text._out_null
                0x0000000010002d10        0x4 CMakeFiles/Controller.dir/home/jose/pico/pico-sdk/src/rp2_common/pico_printf/printf.c.obj
 .text._out_rev
                0x0000000010002d14       0xd0 CMakeFiles/Controller.dir/home/jose/pico/pico-sdk/src/rp2_common/pico_printf/printf.c.obj
 .text._ntoa_format
                0x0000000010002de4      0x1d0 CMakeFiles/Controller.dir/home/jose/pico/pico-sdk/src/rp2_common/pico_printf/printf.c.obj
 .text._out_char
                0x0000000010002fb4       0x10 CMakeFiles/Controller.dir/home/jose/pico/pico-sdk/src/rp2_common/pico_printf/printf.c.obj
 .text._out_fct
                0x0000000010002fc4       0x10 CMakeFiles/Controller.dir/home/jose/pico/pico-sdk/src/rp2_common/pico_printf/printf.c.obj
 .text._etoa    0x0000000010002fd4      0x478 CMakeFiles/Controller.dir/home/jose/pico/pico-sdk/src/rp2_common/pico_printf/printf.c.obj
 .text._ftoa    0x000000001000344c      0x3e0 CMakeFiles/Controller.dir/home/jose/pico/pico-sdk/src/rp2_common/pico_printf/printf.c.obj
 .text._vsnprintf
                0x000000001000382c      0xb08 CMakeFiles/Controller.dir/home/jose/pico/pico-sdk/src/rp2_common/pico_printf/printf.c.obj
 .text.__wrap_sprintf
                0x0000000010004334       0x28 CMakeFiles/Controller.dir/home/jose/pico/pico-sdk/src/rp2_common/pico_printf/printf.c.obj
                0x0000000010004334                __wrap_sprintf
 .text.__wrap_snprintf
                0x000000001000435c       0x28 CMakeFiles/Controller.dir/home/jose/pico/pico-sdk/src/rp2_common/pico_printf/printf.c.obj
                0x000000001000435c                __wrap_snprintf
 .text.vfctprintf
                0x0000000010004384       0x20 CMakeFiles/Controller.dir/home/jose/pico/pico-sdk/src/rp2_common/pico_printf/printf.c.obj
                0x0000000010004384                vfctprintf
 .text.weak_raw_vprintf
                0x00000000100043a4       0x30 CMakeFiles/Controller.dir/home/jose/pico/pico-sdk/src/rp2_common/pico_printf/printf.c.obj
                0x00000000100043a4                weak_raw_vprintf
 .text          0x00000000100043d4       0x10 CMakeFiles/Controller.dir/home/jose/pico/pico-sdk/src/rp2_common/pico_bit_ops/bit_ops_aeabi.S.obj
 .text.rom_func_lookup
                0x00000000100043e4       0x10 CMakeFiles/Controller.dir/home/jose/pico/pico-sdk/src/rp2_common/pico_bootrom/bootrom.c.obj
                0x00000000100043e4                rom_func_lookup
 .text.rom_data_lookup
                0x00000000100043f4       0x10 CMakeFiles/Controller.dir/home/jose/pico/pico-sdk/src/rp2_common/pico_bootrom/bootrom.c.obj
                0x00000000100043f4                rom_data_lookup
 .text.rom_funcs_lookup
                0x0000000010004404       0x3c CMakeFiles/Controller.dir/home/jose/pico/pico-sdk/src/rp2_common/pico_bootrom/bootrom.c.obj
                0x0000000010004404                rom_funcs_lookup
 .text.__wrap___aeabi_idiv
                0x0000000010004440       0x50 CMakeFiles/Controller.dir/home/jose/pico/pico-sdk/src/rp2_common/pico_divider/divider.S.obj
                0x0000000010004440                __wrap___aeabi_idivmod
                0x0000000010004440                divmod_s32s32
                0x0000000010004440                div_s32s32
                0x0000000010004440                __wrap___aeabi_idiv
                0x0000000010004448                divmod_s32s32_unsafe
                0x0000000010004474                divmod_s32s32_savestate
 .text.__wrap___aeabi_uidiv
                0x0000000010004490       0x4c CMakeFiles/Controller.dir/home/jose/pico/pico-sdk/src/rp2_common/pico_divider/divider.S.obj
                0x0000000010004490                __wrap___aeabi_uidiv
                0x0000000010004490                __wrap___aeabi_uidivmod
                0x0000000010004490                div_u32u32
                0x0000000010004490                divmod_u32u32
                0x0000000010004498                divmod_u32u32_unsafe
                0x00000000100044c0                divmod_u32u32_savestate
 .text.__wrap___aeabi_ldiv
                0x00000000100044dc      0x424 CMakeFiles/Controller.dir/home/jose/pico/pico-sdk/src/rp2_common/pico_divider/divider.S.obj
                0x00000000100044dc                div_s64s64
                0x00000000100044dc                divmod_s64s64
                0x00000000100044dc                __wrap___aeabi_ldivmod
                0x000000001000450c                div_u64u64
                0x000000001000450c                divmod_u64u64
                0x000000001000450c                __wrap___aeabi_uldivmod
                0x000000001000451c                divmod_u64u64_savestate
                0x000000001000453c                divmod_s64s64_unsafe
                0x00000000100045c4                divmod_u64u64_unsafe
 .text.__wrap___aeabi_darithmetic
                0x0000000010004900       0x80 CMakeFiles/Controller.dir/home/jose/pico/pico-sdk/src/rp2_common/pico_double/double_aeabi.S.obj
                0x0000000010004900                __wrap___aeabi_drsub
                0x0000000010004906                __wrap___aeabi_dsub
                0x0000000010004918                __wrap___aeabi_dadd
                0x000000001000492a                __wrap___aeabi_ddiv
                0x0000000010004966                __wrap___aeabi_dmul
 .text.__wrap___aeabi_cdcmple
                0x0000000010004980       0x6c CMakeFiles/Controller.dir/home/jose/pico/pico-sdk/src/rp2_common/pico_double/double_aeabi.S.obj
                0x0000000010004980                __wrap___aeabi_cdrcmple
                0x0000000010004990                __wrap___aeabi_cdcmple
                0x0000000010004990                __wrap___aeabi_cdcmpeq
 .text.__wrap___aeabi_dcmplt
                0x00000000100049ec        0xc CMakeFiles/Controller.dir/home/jose/pico/pico-sdk/src/rp2_common/pico_double/double_aeabi.S.obj
                0x00000000100049ec                __wrap___aeabi_dcmplt
 .text.__wrap___aeabi_dcmple
                0x00000000100049f8       0x10 CMakeFiles/Controller.dir/home/jose/pico/pico-sdk/src/rp2_common/pico_double/double_aeabi.S.obj
                0x00000000100049f8                __wrap___aeabi_dcmple
 .text.__wrap___aeabi_dcmpge
                0x0000000010004a08       0x10 CMakeFiles/Controller.dir/home/jose/pico/pico-sdk/src/rp2_common/pico_double/double_aeabi.S.obj
                0x0000000010004a08                __wrap___aeabi_dcmpge
 .text.__wrap___aeabi_dcmpgt
                0x0000000010004a18        0xa CMakeFiles/Controller.dir/home/jose/pico/pico-sdk/src/rp2_common/pico_double/double_aeabi.S.obj
                0x0000000010004a18                __wrap___aeabi_dcmpgt
 .text.__wrap___aeabi_dcmpun
                0x0000000010004a22       0x1c CMakeFiles/Controller.dir/home/jose/pico/pico-sdk/src/rp2_common/pico_double/double_aeabi.S.obj
                0x0000000010004a22                __wrap___aeabi_dcmpun
 *fill*         0x0000000010004a3e        0x2 
 .text.__wrap___aeabi_i2d
                0x0000000010004a40       0x38 CMakeFiles/Controller.dir/home/jose/pico/pico-sdk/src/rp2_common/pico_double/double_aeabi.S.obj
                0x0000000010004a40                __wrap___aeabi_ui2d
                0x0000000010004a48                __wrap___aeabi_i2d
 .text.__wrap___aeabi_d2iz
                0x0000000010004a78       0x48 CMakeFiles/Controller.dir/home/jose/pico/pico-sdk/src/rp2_common/pico_double/double_aeabi.S.obj
                0x0000000010004a78                __wrap___aeabi_d2iz
                0x0000000010004a78                double2int_z
 .text.__wrap___aeabi_d2uiz
                0x0000000010004ac0       0x18 CMakeFiles/Controller.dir/home/jose/pico/pico-sdk/src/rp2_common/pico_double/double_aeabi.S.obj
                0x0000000010004ac0                double2uint
                0x0000000010004ac0                __wrap___aeabi_d2uiz
 .text.__aeabi_double_init
                0x0000000010004ad8       0xc0 CMakeFiles/Controller.dir/home/jose/pico/pico-sdk/src/rp2_common/pico_double/double_init_rom.c.obj
                0x0000000010004ad8                __aeabi_double_init
 .text.__wrap_floor
                0x0000000010004b98       0x90 CMakeFiles/Controller.dir/home/jose/pico/pico-sdk/src/rp2_common/pico_double/double_math.c.obj
                0x0000000010004b98                __wrap_floor
 .text.double_table_shim_on_use_helper
                0x0000000010004c28       0x2c CMakeFiles/Controller.dir/home/jose/pico/pico-sdk/src/rp2_common/pico_double/double_v1_rom_shim.S.obj
                0x0000000010004c28                double_table_shim_on_use_helper
 .text.__wrap___aeabi_dsub
                0x0000000010004c54       0x10 CMakeFiles/Controller.dir/home/jose/pico/pico-sdk/src/rp2_common/pico_double/double_v1_rom_shim.S.obj
                0x0000000010004c54                drsub_shim
                0x0000000010004c5a                dsub_shim
 .text.dadd_shim
                0x0000000010004c64      0x15c CMakeFiles/Controller.dir/home/jose/pico/pico-sdk/src/rp2_common/pico_double/double_v1_rom_shim.S.obj
                0x0000000010004c64                dadd_shim
 .text.dmul_shim
                0x0000000010004dc0      0x15c CMakeFiles/Controller.dir/home/jose/pico/pico-sdk/src/rp2_common/pico_double/double_v1_rom_shim.S.obj
                0x0000000010004dc0                dmul_shim
 .text.ddiv_shim
                0x0000000010004f1c      0x1b0 CMakeFiles/Controller.dir/home/jose/pico/pico-sdk/src/rp2_common/pico_double/double_v1_rom_shim.S.obj
                0x0000000010004f1c                ddiv_shim
 .text.double2uint_shim
                0x00000000100050cc        0xe CMakeFiles/Controller.dir/home/jose/pico/pico-sdk/src/rp2_common/pico_double/double_v1_rom_shim.S.obj
                0x00000000100050cc                double2uint_shim
                0x00000000100050ce                double2ufix_shim
 *fill*         0x00000000100050da        0x2 
 .text.double2uint64_shim
                0x00000000100050dc       0x70 CMakeFiles/Controller.dir/home/jose/pico/pico-sdk/src/rp2_common/pico_double/double_v1_rom_shim.S.obj
                0x00000000100050dc                double2uint64_shim
                0x00000000100050de                double2ufix64_shim
                0x00000000100050fe                d2fix_a
 .text.dunpacks
                0x000000001000514c       0x3c CMakeFiles/Controller.dir/home/jose/pico/pico-sdk/src/rp2_common/pico_double/double_v1_rom_shim.S.obj
                0x000000001000514c                dunpacks
 .text.__aeabi_lmul
                0x0000000010005188       0x32 CMakeFiles/Controller.dir/home/jose/pico/pico-sdk/src/rp2_common/pico_int64_ops/pico_int64_ops_aeabi.S.obj
                0x0000000010005188                __wrap___aeabi_lmul
 *fill*         0x00000000100051ba        0x2 
 .text.__wrap___aeabi_farithmetic
                0x00000000100051bc       0x48 CMakeFiles/Controller.dir/home/jose/pico/pico-sdk/src/rp2_common/pico_float/float_aeabi.S.obj
                0x00000000100051bc                __wrap___aeabi_frsub
                0x00000000100051c2                __wrap___aeabi_fsub
                0x00000000100051c8                __wrap___aeabi_fadd
                0x00000000100051ce                __wrap___aeabi_fdiv
                0x00000000100051f6                __wrap___aeabi_fmul
 .text.__wrap___aeabi_ui2f
                0x0000000010005204        0xa CMakeFiles/Controller.dir/home/jose/pico/pico-sdk/src/rp2_common/pico_float/float_aeabi.S.obj
                0x0000000010005204                __wrap___aeabi_ui2f
 *fill*         0x000000001000520e        0x2 
 .text.__wrap___aeabi_i2f
                0x0000000010005210       0x44 CMakeFiles/Controller.dir/home/jose/pico/pico-sdk/src/rp2_common/pico_float/float_aeabi.S.obj
                0x0000000010005210                __wrap___aeabi_i2f
 .text.__wrap___aeabi_f2uiz
                0x0000000010005254        0xc CMakeFiles/Controller.dir/home/jose/pico/pico-sdk/src/rp2_common/pico_float/float_aeabi.S.obj
                0x0000000010005254                __wrap___aeabi_f2uiz
 .text.__wrap___aeabi_f2d
                0x0000000010005260       0x14 CMakeFiles/Controller.dir/home/jose/pico/pico-sdk/src/rp2_common/pico_float/float_aeabi.S.obj
                0x0000000010005260                __wrap___aeabi_f2d
 .text.__aeabi_float_init
                0x0000000010005274       0x64 CMakeFiles/Controller.dir/home/jose/pico/pico-sdk/src/rp2_common/pico_float/float_init_rom.c.obj
                0x0000000010005274                __aeabi_float_init
 .text.float_table_shim_on_use_helper
                0x00000000100052d8       0x2c CMakeFiles/Controller.dir/home/jose/pico/pico-sdk/src/rp2_common/pico_float/float_v1_rom_shim.S.obj
                0x00000000100052d8                float_table_shim_on_use_helper
 .text.float2double_shim
                0x0000000010005304       0x30 CMakeFiles/Controller.dir/home/jose/pico/pico-sdk/src/rp2_common/pico_float/float_v1_rom_shim.S.obj
                0x0000000010005304                float2double_shim
 .text.__wrap_malloc
                0x0000000010005334       0x3c CMakeFiles/Controller.dir/home/jose/pico/pico-sdk/src/rp2_common/pico_malloc/pico_malloc.c.obj
                0x0000000010005334                __wrap_malloc
 .text.__wrap_free
                0x0000000010005370       0x20 CMakeFiles/Controller.dir/home/jose/pico/pico-sdk/src/rp2_common/pico_malloc/pico_malloc.c.obj
                0x0000000010005370                __wrap_free
 .text          0x0000000010005390       0x10 CMakeFiles/Controller.dir/home/jose/pico/pico-sdk/src/rp2_common/pico_mem_ops/mem_ops_aeabi.S.obj
                0x0000000010005390                __aeabi_mem_init
 .text.memset   0x00000000100053a0        0xc CMakeFiles/Controller.dir/home/jose/pico/pico-sdk/src/rp2_common/pico_mem_ops/mem_ops_aeabi.S.obj
                0x00000000100053a0                __wrap_memset
 .text.memcpy   0x00000000100053ac        0xc CMakeFiles/Controller.dir/home/jose/pico/pico-sdk/src/rp2_common/pico_mem_ops/mem_ops_aeabi.S.obj
                0x00000000100053ac                __wrap___aeabi_memcpy
                0x00000000100053ac                __wrap_memcpy
 .text.stdio_out_chars_no_crlf
                0x00000000100053b8       0x10 CMakeFiles/Controller.dir/home/jose/pico/pico-sdk/src/rp2_common/pico_stdio/stdio.c.obj
 .text.stdio_out_chars_crlf
                0x00000000100053c8       0x94 CMakeFiles/Controller.dir/home/jose/pico/pico-sdk/src/rp2_common/pico_stdio/stdio.c.obj
 .text.stdio_buffered_printer
                0x000000001000545c       0x64 CMakeFiles/Controller.dir/home/jose/pico/pico-sdk/src/rp2_common/pico_stdio/stdio.c.obj
 .text.stdio_put_string
                0x00000000100054c0      0x104 CMakeFiles/Controller.dir/home/jose/pico/pico-sdk/src/rp2_common/pico_stdio/stdio.c.obj
 .text.__wrap_putchar
                0x00000000100055c4       0x98 CMakeFiles/Controller.dir/home/jose/pico/pico-sdk/src/rp2_common/pico_stdio/stdio.c.obj
                0x00000000100055c4                __wrap_putchar
 .text.__wrap_puts
                0x000000001000565c       0x3c CMakeFiles/Controller.dir/home/jose/pico/pico-sdk/src/rp2_common/pico_stdio/stdio.c.obj
                0x000000001000565c                __wrap_puts
 .text.stdio_set_driver_enabled
                0x0000000010005698       0x30 CMakeFiles/Controller.dir/home/jose/pico/pico-sdk/src/rp2_common/pico_stdio/stdio.c.obj
                0x0000000010005698                stdio_set_driver_enabled
 .text.__wrap_vprintf
                0x00000000100056c8       0xd8 CMakeFiles/Controller.dir/home/jose/pico/pico-sdk/src/rp2_common/pico_stdio/stdio.c.obj
                0x00000000100056c8                __wrap_vprintf
 .text.__wrap_printf
                0x00000000100057a0       0x18 CMakeFiles/Controller.dir/home/jose/pico/pico-sdk/src/rp2_common/pico_stdio/stdio.c.obj
                0x00000000100057a0                __wrap_printf
 .text.stdio_init_all
                0x00000000100057b8        0x8 CMakeFiles/Controller.dir/home/jose/pico/pico-sdk/src/rp2_common/pico_stdio/stdio.c.obj
                0x00000000100057b8                stdio_init_all
 .text.resetd_init
                0x00000000100057c0        0x4 CMakeFiles/Controller.dir/home/jose/pico/pico-sdk/src/rp2_common/pico_stdio_usb/reset_interface.c.obj
 .text.resetd_reset
                0x00000000100057c4        0xc CMakeFiles/Controller.dir/home/jose/pico/pico-sdk/src/rp2_common/pico_stdio_usb/reset_interface.c.obj
 .text.resetd_open
                0x00000000100057d0       0x28 CMakeFiles/Controller.dir/home/jose/pico/pico-sdk/src/rp2_common/pico_stdio_usb/reset_interface.c.obj
 .text.resetd_xfer_cb
                0x00000000100057f8        0x4 CMakeFiles/Controller.dir/home/jose/pico/pico-sdk/src/rp2_common/pico_stdio_usb/reset_interface.c.obj
 .text.resetd_control_xfer_cb
                0x00000000100057fc       0x64 CMakeFiles/Controller.dir/home/jose/pico/pico-sdk/src/rp2_common/pico_stdio_usb/reset_interface.c.obj
 .text.usbd_app_driver_get_cb
                0x0000000010005860        0xc CMakeFiles/Controller.dir/home/jose/pico/pico-sdk/src/rp2_common/pico_stdio_usb/reset_interface.c.obj
                0x0000000010005860                usbd_app_driver_get_cb
 .text.tud_cdc_line_coding_cb
                0x000000001000586c       0x34 CMakeFiles/Controller.dir/home/jose/pico/pico-sdk/src/rp2_common/pico_stdio_usb/reset_interface.c.obj
                0x000000001000586c                tud_cdc_line_coding_cb
 .text.stdio_usb_set_chars_available_callback
                0x00000000100058a0       0x14 CMakeFiles/Controller.dir/home/jose/pico/pico-sdk/src/rp2_common/pico_stdio_usb/stdio_usb.c.obj
                0x00000000100058a0                stdio_usb_set_chars_available_callback
 .text.usb_irq  0x00000000100058b4       0x10 CMakeFiles/Controller.dir/home/jose/pico/pico-sdk/src/rp2_common/pico_stdio_usb/stdio_usb.c.obj
 .text.timer_task
                0x00000000100058c4       0x54 CMakeFiles/Controller.dir/home/jose/pico/pico-sdk/src/rp2_common/pico_stdio_usb/stdio_usb.c.obj
 .text.stdio_usb_in_chars
                0x0000000010005918       0x90 CMakeFiles/Controller.dir/home/jose/pico/pico-sdk/src/rp2_common/pico_stdio_usb/stdio_usb.c.obj
                0x0000000010005918                stdio_usb_in_chars
 .text.stdio_usb_out_chars
                0x00000000100059a8      0x100 CMakeFiles/Controller.dir/home/jose/pico/pico-sdk/src/rp2_common/pico_stdio_usb/stdio_usb.c.obj
 .text.low_priority_worker_irq
                0x0000000010005aa8       0xa8 CMakeFiles/Controller.dir/home/jose/pico/pico-sdk/src/rp2_common/pico_stdio_usb/stdio_usb.c.obj
 .text.tud_cdc_rx_cb
                0x0000000010005b50       0x20 CMakeFiles/Controller.dir/home/jose/pico/pico-sdk/src/rp2_common/pico_stdio_usb/stdio_usb.c.obj
                0x0000000010005b50                tud_cdc_rx_cb
 .text.stdio_usb_init
                0x0000000010005b70       0xdc CMakeFiles/Controller.dir/home/jose/pico/pico-sdk/src/rp2_common/pico_stdio_usb/stdio_usb.c.obj
                0x0000000010005b70                stdio_usb_init
 .text.tud_descriptor_device_cb
                0x0000000010005c4c        0x8 CMakeFiles/Controller.dir/home/jose/pico/pico-sdk/src/rp2_common/pico_stdio_usb/stdio_usb_descriptors.c.obj
                0x0000000010005c4c                tud_descriptor_device_cb
 .text.tud_descriptor_configuration_cb
                0x0000000010005c54        0x8 CMakeFiles/Controller.dir/home/jose/pico/pico-sdk/src/rp2_common/pico_stdio_usb/stdio_usb_descriptors.c.obj
                0x0000000010005c54                tud_descriptor_configuration_cb
 .text.tud_descriptor_string_cb
                0x0000000010005c5c       0x70 CMakeFiles/Controller.dir/home/jose/pico/pico-sdk/src/rp2_common/pico_stdio_usb/stdio_usb_descriptors.c.obj
                0x0000000010005c5c                tud_descriptor_string_cb
 .text.startup._retrieve_unique_id_on_boot
                0x0000000010005ccc       0x10 CMakeFiles/Controller.dir/home/jose/pico/pico-sdk/src/rp2_common/pico_unique_id/unique_id.c.obj
 .text.pico_get_unique_board_id_string
                0x0000000010005cdc      0x1bc CMakeFiles/Controller.dir/home/jose/pico/pico-sdk/src/rp2_common/pico_unique_id/unique_id.c.obj
                0x0000000010005cdc                pico_get_unique_board_id_string
 .text.flash_get_unique_id
                0x0000000010005e98       0x40 CMakeFiles/Controller.dir/home/jose/pico/pico-sdk/src/rp2_common/hardware_flash/flash.c.obj
                0x0000000010005e98                flash_get_unique_id
 .text.dcd_int_enable
                0x0000000010005ed8        0xc CMakeFiles/Controller.dir/home/jose/pico/pico-sdk/lib/tinyusb/src/portable/raspberrypi/rp2040/dcd_rp2040.c.obj
                0x0000000010005ed8                dcd_int_enable
 .text.dcd_set_address
                0x0000000010005ee4       0x14 CMakeFiles/Controller.dir/home/jose/pico/pico-sdk/lib/tinyusb/src/portable/raspberrypi/rp2040/dcd_rp2040.c.obj
                0x0000000010005ee4                dcd_set_address
 .text.dcd_connect
                0x0000000010005ef8       0x10 CMakeFiles/Controller.dir/home/jose/pico/pico-sdk/lib/tinyusb/src/portable/raspberrypi/rp2040/dcd_rp2040.c.obj
                0x0000000010005ef8                dcd_connect
 .text.dcd_init
                0x0000000010005f08       0x9c CMakeFiles/Controller.dir/home/jose/pico/pico-sdk/lib/tinyusb/src/portable/raspberrypi/rp2040/dcd_rp2040.c.obj
                0x0000000010005f08                dcd_init
 .text.dcd_edpt0_status_complete
                0x0000000010005fa4       0x1c CMakeFiles/Controller.dir/home/jose/pico/pico-sdk/lib/tinyusb/src/portable/raspberrypi/rp2040/dcd_rp2040.c.obj
                0x0000000010005fa4                dcd_edpt0_status_complete
 .text.dcd_edpt_open
                0x0000000010005fc0      0x108 CMakeFiles/Controller.dir/home/jose/pico/pico-sdk/lib/tinyusb/src/portable/raspberrypi/rp2040/dcd_rp2040.c.obj
                0x0000000010005fc0                dcd_edpt_open
 .text.dcd_edpt_close_all
                0x00000000100060c8        0x8 CMakeFiles/Controller.dir/home/jose/pico/pico-sdk/lib/tinyusb/src/portable/raspberrypi/rp2040/dcd_rp2040.c.obj
                0x00000000100060c8                dcd_edpt_close_all
 .text.dcd_edpt_xfer
                0x00000000100060d0       0x24 CMakeFiles/Controller.dir/home/jose/pico/pico-sdk/lib/tinyusb/src/portable/raspberrypi/rp2040/dcd_rp2040.c.obj
                0x00000000100060d0                dcd_edpt_xfer
 .text.dcd_edpt_stall
                0x00000000100060f4       0x38 CMakeFiles/Controller.dir/home/jose/pico/pico-sdk/lib/tinyusb/src/portable/raspberrypi/rp2040/dcd_rp2040.c.obj
                0x00000000100060f4                dcd_edpt_stall
 .text.dcd_edpt_clear_stall
                0x000000001000612c       0x30 CMakeFiles/Controller.dir/home/jose/pico/pico-sdk/lib/tinyusb/src/portable/raspberrypi/rp2040/dcd_rp2040.c.obj
                0x000000001000612c                dcd_edpt_clear_stall
 .text.rp2040_usb_init
                0x000000001000615c       0x4c CMakeFiles/Controller.dir/home/jose/pico/pico-sdk/lib/tinyusb/src/portable/raspberrypi/rp2040/rp2040_usb.c.obj
                0x000000001000615c                rp2040_usb_init
 .text.hw_endpoint_xfer_start
                0x00000000100061a8       0x54 CMakeFiles/Controller.dir/home/jose/pico/pico-sdk/lib/tinyusb/src/portable/raspberrypi/rp2040/rp2040_usb.c.obj
                0x00000000100061a8                hw_endpoint_xfer_start
 .text.tud_mounted
                0x00000000100061fc       0x10 CMakeFiles/Controller.dir/home/jose/pico/pico-sdk/lib/tinyusb/src/device/usbd.c.obj
                0x00000000100061fc                tud_mounted
 .text.tud_suspended
                0x000000001000620c       0x10 CMakeFiles/Controller.dir/home/jose/pico/pico-sdk/lib/tinyusb/src/device/usbd.c.obj
                0x000000001000620c                tud_suspended
 .text.tud_inited
                0x000000001000621c       0x14 CMakeFiles/Controller.dir/home/jose/pico/pico-sdk/lib/tinyusb/src/device/usbd.c.obj
                0x000000001000621c                tud_inited
 .text.tud_init
                0x0000000010006230       0xe4 CMakeFiles/Controller.dir/home/jose/pico/pico-sdk/lib/tinyusb/src/device/usbd.c.obj
                0x0000000010006230                tud_init
 .text.tud_task_ext
                0x0000000010006314      0x858 CMakeFiles/Controller.dir/home/jose/pico/pico-sdk/lib/tinyusb/src/device/usbd.c.obj
                0x0000000010006314                tud_task_ext
 .text.usbd_open_edpt_pair
                0x0000000010006b6c       0x9c CMakeFiles/Controller.dir/home/jose/pico/pico-sdk/lib/tinyusb/src/device/usbd.c.obj
                0x0000000010006b6c                usbd_open_edpt_pair
 .text.usbd_defer_func
                0x0000000010006c08       0x4c CMakeFiles/Controller.dir/home/jose/pico/pico-sdk/lib/tinyusb/src/device/usbd.c.obj
                0x0000000010006c08                usbd_defer_func
 .text.usbd_edpt_open
                0x0000000010006c54       0x34 CMakeFiles/Controller.dir/home/jose/pico/pico-sdk/lib/tinyusb/src/device/usbd.c.obj
                0x0000000010006c54                usbd_edpt_open
 .text.usbd_edpt_claim
                0x0000000010006c88       0x28 CMakeFiles/Controller.dir/home/jose/pico/pico-sdk/lib/tinyusb/src/device/usbd.c.obj
                0x0000000010006c88                usbd_edpt_claim
 .text.usbd_edpt_release
                0x0000000010006cb0       0x28 CMakeFiles/Controller.dir/home/jose/pico/pico-sdk/lib/tinyusb/src/device/usbd.c.obj
                0x0000000010006cb0                usbd_edpt_release
 .text.usbd_edpt_xfer
                0x0000000010006cd8       0x4c CMakeFiles/Controller.dir/home/jose/pico/pico-sdk/lib/tinyusb/src/device/usbd.c.obj
                0x0000000010006cd8                usbd_edpt_xfer
 .text.tud_control_status
                0x0000000010006d24       0x30 CMakeFiles/Controller.dir/home/jose/pico/pico-sdk/lib/tinyusb/src/device/usbd_control.c.obj
                0x0000000010006d24                tud_control_status
 .text.tud_control_xfer
                0x0000000010006d54       0xb8 CMakeFiles/Controller.dir/home/jose/pico/pico-sdk/lib/tinyusb/src/device/usbd_control.c.obj
                0x0000000010006d54                tud_control_xfer
 .text.usbd_control_reset
                0x0000000010006e0c       0x14 CMakeFiles/Controller.dir/home/jose/pico/pico-sdk/lib/tinyusb/src/device/usbd_control.c.obj
                0x0000000010006e0c                usbd_control_reset
 .text.usbd_control_set_complete_callback
                0x0000000010006e20        0xc CMakeFiles/Controller.dir/home/jose/pico/pico-sdk/lib/tinyusb/src/device/usbd_control.c.obj
                0x0000000010006e20                usbd_control_set_complete_callback
 .text.usbd_control_set_request
                0x0000000010006e2c       0x1c CMakeFiles/Controller.dir/home/jose/pico/pico-sdk/lib/tinyusb/src/device/usbd_control.c.obj
                0x0000000010006e2c                usbd_control_set_request
 .text.usbd_control_xfer_cb
                0x0000000010006e48       0xf8 CMakeFiles/Controller.dir/home/jose/pico/pico-sdk/lib/tinyusb/src/device/usbd_control.c.obj
                0x0000000010006e48                usbd_control_xfer_cb
 .text.tud_cdc_n_connected
                0x0000000010006f40       0x30 CMakeFiles/Controller.dir/home/jose/pico/pico-sdk/lib/tinyusb/src/class/cdc/cdc_device.c.obj
                0x0000000010006f40                tud_cdc_n_connected
 .text.tud_cdc_n_available
                0x0000000010006f70       0x18 CMakeFiles/Controller.dir/home/jose/pico/pico-sdk/lib/tinyusb/src/class/cdc/cdc_device.c.obj
                0x0000000010006f70                tud_cdc_n_available
 .text.tud_cdc_n_read
                0x0000000010006f88       0x70 CMakeFiles/Controller.dir/home/jose/pico/pico-sdk/lib/tinyusb/src/class/cdc/cdc_device.c.obj
                0x0000000010006f88                tud_cdc_n_read
 .text.tud_cdc_n_write_flush
                0x0000000010006ff8       0x78 CMakeFiles/Controller.dir/home/jose/pico/pico-sdk/lib/tinyusb/src/class/cdc/cdc_device.c.obj
                0x0000000010006ff8                tud_cdc_n_write_flush
 .text.tud_cdc_n_write
                0x0000000010007070       0x34 CMakeFiles/Controller.dir/home/jose/pico/pico-sdk/lib/tinyusb/src/class/cdc/cdc_device.c.obj
                0x0000000010007070                tud_cdc_n_write
 .text.tud_cdc_n_write_available
                0x00000000100070a4       0x18 CMakeFiles/Controller.dir/home/jose/pico/pico-sdk/lib/tinyusb/src/class/cdc/cdc_device.c.obj
                0x00000000100070a4                tud_cdc_n_write_available
 .text.cdcd_init
                0x00000000100070bc       0x7c CMakeFiles/Controller.dir/home/jose/pico/pico-sdk/lib/tinyusb/src/class/cdc/cdc_device.c.obj
                0x00000000100070bc                cdcd_init
 .text.cdcd_reset
                0x0000000010007138       0x2c CMakeFiles/Controller.dir/home/jose/pico/pico-sdk/lib/tinyusb/src/class/cdc/cdc_device.c.obj
                0x0000000010007138                cdcd_reset
 .text.cdcd_open
                0x0000000010007164       0xe8 CMakeFiles/Controller.dir/home/jose/pico/pico-sdk/lib/tinyusb/src/class/cdc/cdc_device.c.obj
                0x0000000010007164                cdcd_open
 .text.cdcd_control_xfer_cb
                0x000000001000724c       0xe4 CMakeFiles/Controller.dir/home/jose/pico/pico-sdk/lib/tinyusb/src/class/cdc/cdc_device.c.obj
                0x000000001000724c                cdcd_control_xfer_cb
 .text.cdcd_xfer_cb
                0x0000000010007330      0x198 CMakeFiles/Controller.dir/home/jose/pico/pico-sdk/lib/tinyusb/src/class/cdc/cdc_device.c.obj
                0x0000000010007330                cdcd_xfer_cb
 .text.tusb_init
                0x00000000100074c8        0xc CMakeFiles/Controller.dir/home/jose/pico/pico-sdk/lib/tinyusb/src/tusb.c.obj
                0x00000000100074c8                tusb_init
 .text.tusb_inited
                0x00000000100074d4        0x8 CMakeFiles/Controller.dir/home/jose/pico/pico-sdk/lib/tinyusb/src/tusb.c.obj
                0x00000000100074d4                tusb_inited
 .text.tu_edpt_claim
                0x00000000100074dc       0x50 CMakeFiles/Controller.dir/home/jose/pico/pico-sdk/lib/tinyusb/src/tusb.c.obj
                0x00000000100074dc                tu_edpt_claim
 .text.tu_edpt_release
                0x000000001000752c       0x38 CMakeFiles/Controller.dir/home/jose/pico/pico-sdk/lib/tinyusb/src/tusb.c.obj
                0x000000001000752c                tu_edpt_release
 .text.tu_edpt_validate
                0x0000000010007564       0x78 CMakeFiles/Controller.dir/home/jose/pico/pico-sdk/lib/tinyusb/src/tusb.c.obj
                0x0000000010007564                tu_edpt_validate
 .text.tu_edpt_bind_driver
                0x00000000100075dc       0x34 CMakeFiles/Controller.dir/home/jose/pico/pico-sdk/lib/tinyusb/src/tusb.c.obj
                0x00000000100075dc                tu_edpt_bind_driver
 .text.tu_fifo_config
                0x0000000010007610       0x70 CMakeFiles/Controller.dir/home/jose/pico/pico-sdk/lib/tinyusb/src/common/tusb_fifo.c.obj
                0x0000000010007610                tu_fifo_config
 .text.tu_fifo_count
                0x0000000010007680       0x2c CMakeFiles/Controller.dir/home/jose/pico/pico-sdk/lib/tinyusb/src/common/tusb_fifo.c.obj
                0x0000000010007680                tu_fifo_count
 .text.tu_fifo_empty
                0x00000000100076ac       0x10 CMakeFiles/Controller.dir/home/jose/pico/pico-sdk/lib/tinyusb/src/common/tusb_fifo.c.obj
                0x00000000100076ac                tu_fifo_empty
 .text.tu_fifo_remaining
                0x00000000100076bc       0x2c CMakeFiles/Controller.dir/home/jose/pico/pico-sdk/lib/tinyusb/src/common/tusb_fifo.c.obj
                0x00000000100076bc                tu_fifo_remaining
 .text.tu_fifo_read
                0x00000000100076e8       0x9c CMakeFiles/Controller.dir/home/jose/pico/pico-sdk/lib/tinyusb/src/common/tusb_fifo.c.obj
                0x00000000100076e8                tu_fifo_read
 .text.tu_fifo_read_n
                0x0000000010007784       0xf0 CMakeFiles/Controller.dir/home/jose/pico/pico-sdk/lib/tinyusb/src/common/tusb_fifo.c.obj
                0x0000000010007784                tu_fifo_read_n
 .text.tu_fifo_write
                0x0000000010007874       0x88 CMakeFiles/Controller.dir/home/jose/pico/pico-sdk/lib/tinyusb/src/common/tusb_fifo.c.obj
                0x0000000010007874                tu_fifo_write
 .text.tu_fifo_write_n
                0x00000000100078fc      0x158 CMakeFiles/Controller.dir/home/jose/pico/pico-sdk/lib/tinyusb/src/common/tusb_fifo.c.obj
                0x00000000100078fc                tu_fifo_write_n
 .text.tu_fifo_clear
                0x0000000010007a54       0x40 CMakeFiles/Controller.dir/home/jose/pico/pico-sdk/lib/tinyusb/src/common/tusb_fifo.c.obj
                0x0000000010007a54                tu_fifo_clear
 .text.tu_fifo_set_overwritable
                0x0000000010007a94       0x48 CMakeFiles/Controller.dir/home/jose/pico/pico-sdk/lib/tinyusb/src/common/tusb_fifo.c.obj
                0x0000000010007a94                tu_fifo_set_overwritable
 .text.i2c_set_baudrate
                0x0000000010007adc       0xc4 CMakeFiles/Controller.dir/home/jose/pico/pico-sdk/src/rp2_common/hardware_i2c/i2c.c.obj
                0x0000000010007adc                i2c_set_baudrate
 .text.i2c_init
                0x0000000010007ba0       0x54 CMakeFiles/Controller.dir/home/jose/pico/pico-sdk/src/rp2_common/hardware_i2c/i2c.c.obj
                0x0000000010007ba0                i2c_init
 .text.i2c_write_blocking
                0x0000000010007bf4       0xd8 CMakeFiles/Controller.dir/home/jose/pico/pico-sdk/src/rp2_common/hardware_i2c/i2c.c.obj
                0x0000000010007bf4                i2c_write_blocking
 .text.adc_init
                0x0000000010007ccc       0x38 CMakeFiles/Controller.dir/home/jose/pico/pico-sdk/src/rp2_common/hardware_adc/adc.c.obj
                0x0000000010007ccc                adc_init
 .text.vPortSVCHandler
                0x0000000010007d04        0x4 CMakeFiles/Controller.dir/home/jose/pico/FreeRTOS/FreeRTOS/Source/portable/ThirdParty/GCC/RP2040/port.c.obj
                0x0000000010007d04                vPortSVCHandler
 *fill*         0x0000000010007d08        0x8 
 .text.vPortStartFirstTask
                0x0000000010007d10       0x34 CMakeFiles/Controller.dir/home/jose/pico/FreeRTOS/FreeRTOS/Source/portable/ThirdParty/GCC/RP2040/port.c.obj
 *fill*         0x0000000010007d44        0xc 
 .text.xPortPendSVHandler
                0x0000000010007d50       0x64 CMakeFiles/Controller.dir/home/jose/pico/FreeRTOS/FreeRTOS/Source/portable/ThirdParty/GCC/RP2040/port.c.obj
                0x0000000010007d50                xPortPendSVHandler
 .text.prvTaskExitError
                0x0000000010007db4        0x8 CMakeFiles/Controller.dir/home/jose/pico/FreeRTOS/FreeRTOS/Source/portable/ThirdParty/GCC/RP2040/port.c.obj
 .text.pxPortInitialiseStack
                0x0000000010007dbc       0x20 CMakeFiles/Controller.dir/home/jose/pico/FreeRTOS/FreeRTOS/Source/portable/ThirdParty/GCC/RP2040/port.c.obj
                0x0000000010007dbc                pxPortInitialiseStack
 .text.vPortYield
                0x0000000010007ddc       0x18 CMakeFiles/Controller.dir/home/jose/pico/FreeRTOS/FreeRTOS/Source/portable/ThirdParty/GCC/RP2040/port.c.obj
                0x0000000010007ddc                vPortYield
 .text.vPortEnterCritical
                0x0000000010007df4       0x18 CMakeFiles/Controller.dir/home/jose/pico/FreeRTOS/FreeRTOS/Source/portable/ThirdParty/GCC/RP2040/port.c.obj
                0x0000000010007df4                vPortEnterCritical
 .text.vPortExitCritical
                0x0000000010007e0c       0x34 CMakeFiles/Controller.dir/home/jose/pico/FreeRTOS/FreeRTOS/Source/portable/ThirdParty/GCC/RP2040/port.c.obj
                0x0000000010007e0c                vPortExitCritical
 .text.ulSetInterruptMaskFromISR
                0x0000000010007e40        0x8 CMakeFiles/Controller.dir/home/jose/pico/FreeRTOS/FreeRTOS/Source/portable/ThirdParty/GCC/RP2040/port.c.obj
                0x0000000010007e40                ulSetInterruptMaskFromISR
 .text.vClearInterruptMaskFromISR
                0x0000000010007e48        0x8 CMakeFiles/Controller.dir/home/jose/pico/FreeRTOS/FreeRTOS/Source/portable/ThirdParty/GCC/RP2040/port.c.obj
                0x0000000010007e48                vClearInterruptMaskFromISR
 .text.xPortSysTickHandler
                0x0000000010007e50       0x24 CMakeFiles/Controller.dir/home/jose/pico/FreeRTOS/FreeRTOS/Source/portable/ThirdParty/GCC/RP2040/port.c.obj
                0x0000000010007e50                xPortSysTickHandler
 .text.vPortSetupTimerInterrupt
                0x0000000010007e74       0x34 CMakeFiles/Controller.dir/home/jose/pico/FreeRTOS/FreeRTOS/Source/portable/ThirdParty/GCC/RP2040/port.c.obj
                0x0000000010007e74                vPortSetupTimerInterrupt
 .text.xPortStartScheduler
                0x0000000010007ea8       0x70 CMakeFiles/Controller.dir/home/jose/pico/FreeRTOS/FreeRTOS/Source/portable/ThirdParty/GCC/RP2040/port.c.obj
                0x0000000010007ea8                xPortStartScheduler
 .text.ulPortLockGetCurrentOwnerId
                0x0000000010007f18       0x2c CMakeFiles/Controller.dir/home/jose/pico/FreeRTOS/FreeRTOS/Source/portable/ThirdParty/GCC/RP2040/port.c.obj
                0x0000000010007f18                ulPortLockGetCurrentOwnerId
 .text.vPortLockInternalSpinUnlockWithWait
                0x0000000010007f44       0x68 CMakeFiles/Controller.dir/home/jose/pico/FreeRTOS/FreeRTOS/Source/portable/ThirdParty/GCC/RP2040/port.c.obj
                0x0000000010007f44                vPortLockInternalSpinUnlockWithWait
 .text.vPortLockInternalSpinUnlockWithNotify
                0x0000000010007fac       0x84 CMakeFiles/Controller.dir/home/jose/pico/FreeRTOS/FreeRTOS/Source/portable/ThirdParty/GCC/RP2040/port.c.obj
                0x0000000010007fac                vPortLockInternalSpinUnlockWithNotify
 .text.xPortLockInternalSpinUnlockWithBestEffortWaitOrTimeout
                0x0000000010008030       0xfc CMakeFiles/Controller.dir/home/jose/pico/FreeRTOS/FreeRTOS/Source/portable/ThirdParty/GCC/RP2040/port.c.obj
                0x0000000010008030                xPortLockInternalSpinUnlockWithBestEffortWaitOrTimeout
 .text.startup.prvRuntimeInitializer
                0x000000001000812c       0x10 CMakeFiles/Controller.dir/home/jose/pico/FreeRTOS/FreeRTOS/Source/portable/ThirdParty/GCC/RP2040/port.c.obj
 .text.vEventGroupSetBitsCallback
                0x000000001000813c       0x8c CMakeFiles/Controller.dir/home/jose/pico/FreeRTOS/FreeRTOS/Source/event_groups.c.obj
                0x000000001000813c                vEventGroupSetBitsCallback
 .text.xEventGroupCreate
                0x00000000100081c8       0x18 CMakeFiles/Controller.dir/home/jose/pico/FreeRTOS/FreeRTOS/Source/event_groups.c.obj
                0x00000000100081c8                xEventGroupCreate
 .text.xEventGroupWaitBits
                0x00000000100081e0       0xb8 CMakeFiles/Controller.dir/home/jose/pico/FreeRTOS/FreeRTOS/Source/event_groups.c.obj
                0x00000000100081e0                xEventGroupWaitBits
 .text.xEventGroupSetBits
                0x0000000010008298       0x90 CMakeFiles/Controller.dir/home/jose/pico/FreeRTOS/FreeRTOS/Source/event_groups.c.obj
                0x0000000010008298                xEventGroupSetBits
 .text.xEventGroupSetBitsFromISR
                0x0000000010008328       0x14 CMakeFiles/Controller.dir/home/jose/pico/FreeRTOS/FreeRTOS/Source/event_groups.c.obj
                0x0000000010008328                xEventGroupSetBitsFromISR
 .text.vListInitialise
                0x000000001000833c       0x18 CMakeFiles/Controller.dir/home/jose/pico/FreeRTOS/FreeRTOS/Source/list.c.obj
                0x000000001000833c                vListInitialise
 .text.vListInitialiseItem
                0x0000000010008354        0x8 CMakeFiles/Controller.dir/home/jose/pico/FreeRTOS/FreeRTOS/Source/list.c.obj
                0x0000000010008354                vListInitialiseItem
 .text.vListInsert
                0x000000001000835c       0x30 CMakeFiles/Controller.dir/home/jose/pico/FreeRTOS/FreeRTOS/Source/list.c.obj
                0x000000001000835c                vListInsert
 .text.uxListRemove
                0x000000001000838c       0x24 CMakeFiles/Controller.dir/home/jose/pico/FreeRTOS/FreeRTOS/Source/list.c.obj
                0x000000001000838c                uxListRemove
 .text.prvUnlockQueue
                0x00000000100083b0      0x148 CMakeFiles/Controller.dir/home/jose/pico/FreeRTOS/FreeRTOS/Source/queue.c.obj
 .text.prvNotifyQueueSetContainer
                0x00000000100084f8       0x9c CMakeFiles/Controller.dir/home/jose/pico/FreeRTOS/FreeRTOS/Source/queue.c.obj
 .text.xQueueGenericCreate
                0x0000000010008594       0xa0 CMakeFiles/Controller.dir/home/jose/pico/FreeRTOS/FreeRTOS/Source/queue.c.obj
                0x0000000010008594                xQueueGenericCreate
 .text.xQueueGenericSend
                0x0000000010008634      0x1cc CMakeFiles/Controller.dir/home/jose/pico/FreeRTOS/FreeRTOS/Source/queue.c.obj
                0x0000000010008634                xQueueGenericSend
 .text.xQueueCreateMutex
                0x0000000010008800       0x6c CMakeFiles/Controller.dir/home/jose/pico/FreeRTOS/FreeRTOS/Source/queue.c.obj
                0x0000000010008800                xQueueCreateMutex
 .text.xQueueGenericSendFromISR
                0x000000001000886c      0x134 CMakeFiles/Controller.dir/home/jose/pico/FreeRTOS/FreeRTOS/Source/queue.c.obj
                0x000000001000886c                xQueueGenericSendFromISR
 .text.xQueueReceive
                0x00000000100089a0      0x124 CMakeFiles/Controller.dir/home/jose/pico/FreeRTOS/FreeRTOS/Source/queue.c.obj
                0x00000000100089a0                xQueueReceive
 .text.xQueueSemaphoreTake
                0x0000000010008ac4      0x150 CMakeFiles/Controller.dir/home/jose/pico/FreeRTOS/FreeRTOS/Source/queue.c.obj
                0x0000000010008ac4                xQueueSemaphoreTake
 .text.vQueueAddToRegistry
                0x0000000010008c14       0xec CMakeFiles/Controller.dir/home/jose/pico/FreeRTOS/FreeRTOS/Source/queue.c.obj
                0x0000000010008c14                vQueueAddToRegistry
 .text.vQueueWaitForMessageRestricted
                0x0000000010008d00       0x48 CMakeFiles/Controller.dir/home/jose/pico/FreeRTOS/FreeRTOS/Source/queue.c.obj
                0x0000000010008d00                vQueueWaitForMessageRestricted
 .text.prvIdleTask
                0x0000000010008d48       0x60 CMakeFiles/Controller.dir/home/jose/pico/FreeRTOS/FreeRTOS/Source/tasks.c.obj
 .text.xTaskIncrementTick.part.0
                0x0000000010008da8      0x1a0 CMakeFiles/Controller.dir/home/jose/pico/FreeRTOS/FreeRTOS/Source/tasks.c.obj
 .text.xTaskCreate
                0x0000000010008f48      0x280 CMakeFiles/Controller.dir/home/jose/pico/FreeRTOS/FreeRTOS/Source/tasks.c.obj
                0x0000000010008f48                xTaskCreate
 .text.vTaskStartScheduler
                0x00000000100091c8      0x1e0 CMakeFiles/Controller.dir/home/jose/pico/FreeRTOS/FreeRTOS/Source/tasks.c.obj
                0x00000000100091c8                vTaskStartScheduler
 .text.vTaskSuspendAll
                0x00000000100093a8       0x10 CMakeFiles/Controller.dir/home/jose/pico/FreeRTOS/FreeRTOS/Source/tasks.c.obj
                0x00000000100093a8                vTaskSuspendAll
 .text.xTaskResumeAll
                0x00000000100093b8      0x190 CMakeFiles/Controller.dir/home/jose/pico/FreeRTOS/FreeRTOS/Source/tasks.c.obj
                0x00000000100093b8                xTaskResumeAll
 .text.vTaskDelay
                0x0000000010009548       0x78 CMakeFiles/Controller.dir/home/jose/pico/FreeRTOS/FreeRTOS/Source/tasks.c.obj
                0x0000000010009548                vTaskDelay
 .text.xTaskGetTickCount
                0x00000000100095c0        0xc CMakeFiles/Controller.dir/home/jose/pico/FreeRTOS/FreeRTOS/Source/tasks.c.obj
                0x00000000100095c0                xTaskGetTickCount
 .text.uxTaskGetNumberOfTasks
                0x00000000100095cc        0xc CMakeFiles/Controller.dir/home/jose/pico/FreeRTOS/FreeRTOS/Source/tasks.c.obj
                0x00000000100095cc                uxTaskGetNumberOfTasks
 .text.xTaskIncrementTick
                0x00000000100095d8       0x24 CMakeFiles/Controller.dir/home/jose/pico/FreeRTOS/FreeRTOS/Source/tasks.c.obj
                0x00000000100095d8                xTaskIncrementTick
 .text.vTaskSwitchContext
                0x00000000100095fc       0x6c CMakeFiles/Controller.dir/home/jose/pico/FreeRTOS/FreeRTOS/Source/tasks.c.obj
                0x00000000100095fc                vTaskSwitchContext
 .text.vTaskPlaceOnEventList
                0x0000000010009668       0x98 CMakeFiles/Controller.dir/home/jose/pico/FreeRTOS/FreeRTOS/Source/tasks.c.obj
                0x0000000010009668                vTaskPlaceOnEventList
 .text.vTaskPlaceOnUnorderedEventList
                0x0000000010009700       0xbc CMakeFiles/Controller.dir/home/jose/pico/FreeRTOS/FreeRTOS/Source/tasks.c.obj
                0x0000000010009700                vTaskPlaceOnUnorderedEventList
 .text.vTaskPlaceOnEventListRestricted
                0x00000000100097bc       0xc4 CMakeFiles/Controller.dir/home/jose/pico/FreeRTOS/FreeRTOS/Source/tasks.c.obj
                0x00000000100097bc                vTaskPlaceOnEventListRestricted
 .text.xTaskRemoveFromEventList
                0x0000000010009880       0xd8 CMakeFiles/Controller.dir/home/jose/pico/FreeRTOS/FreeRTOS/Source/tasks.c.obj
                0x0000000010009880                xTaskRemoveFromEventList
 .text.vTaskRemoveFromUnorderedEventList
                0x0000000010009958       0x98 CMakeFiles/Controller.dir/home/jose/pico/FreeRTOS/FreeRTOS/Source/tasks.c.obj
                0x0000000010009958                vTaskRemoveFromUnorderedEventList
 .text.vTaskInternalSetTimeOutState
                0x00000000100099f0       0x18 CMakeFiles/Controller.dir/home/jose/pico/FreeRTOS/FreeRTOS/Source/tasks.c.obj
                0x00000000100099f0                vTaskInternalSetTimeOutState
 .text.xTaskCheckForTimeOut
                0x0000000010009a08       0x74 CMakeFiles/Controller.dir/home/jose/pico/FreeRTOS/FreeRTOS/Source/tasks.c.obj
                0x0000000010009a08                xTaskCheckForTimeOut
 .text.vTaskMissedYield
                0x0000000010009a7c        0xc CMakeFiles/Controller.dir/home/jose/pico/FreeRTOS/FreeRTOS/Source/tasks.c.obj
                0x0000000010009a7c                vTaskMissedYield
 .text.xTaskGetCurrentTaskHandle
                0x0000000010009a88        0xc CMakeFiles/Controller.dir/home/jose/pico/FreeRTOS/FreeRTOS/Source/tasks.c.obj
                0x0000000010009a88                xTaskGetCurrentTaskHandle
 .text.xTaskPriorityInherit
                0x0000000010009a94       0x94 CMakeFiles/Controller.dir/home/jose/pico/FreeRTOS/FreeRTOS/Source/tasks.c.obj
                0x0000000010009a94                xTaskPriorityInherit
 .text.xTaskPriorityDisinherit
                0x0000000010009b28       0x64 CMakeFiles/Controller.dir/home/jose/pico/FreeRTOS/FreeRTOS/Source/tasks.c.obj
                0x0000000010009b28                xTaskPriorityDisinherit
 .text.vTaskPriorityDisinheritAfterTimeout
                0x0000000010009b8c       0x80 CMakeFiles/Controller.dir/home/jose/pico/FreeRTOS/FreeRTOS/Source/tasks.c.obj
                0x0000000010009b8c                vTaskPriorityDisinheritAfterTimeout
 .text.uxTaskResetEventItemValue
                0x0000000010009c0c       0x18 CMakeFiles/Controller.dir/home/jose/pico/FreeRTOS/FreeRTOS/Source/tasks.c.obj
                0x0000000010009c0c                uxTaskResetEventItemValue
 .text.pvTaskIncrementMutexHeldCount
                0x0000000010009c24       0x18 CMakeFiles/Controller.dir/home/jose/pico/FreeRTOS/FreeRTOS/Source/tasks.c.obj
                0x0000000010009c24                pvTaskIncrementMutexHeldCount
 .text.prvTimerTask
                0x0000000010009c3c      0x360 CMakeFiles/Controller.dir/home/jose/pico/FreeRTOS/FreeRTOS/Source/timers.c.obj
 .text.xTimerCreateTimerTask
                0x0000000010009f9c       0x8c CMakeFiles/Controller.dir/home/jose/pico/FreeRTOS/FreeRTOS/Source/timers.c.obj
                0x0000000010009f9c                xTimerCreateTimerTask
 .text.xTimerPendFunctionCallFromISR
                0x000000001000a028       0x28 CMakeFiles/Controller.dir/home/jose/pico/FreeRTOS/FreeRTOS/Source/timers.c.obj
                0x000000001000a028                xTimerPendFunctionCallFromISR
 .text.exception_set_exclusive_handler
                0x000000001000a050       0x48 CMakeFiles/Controller.dir/home/jose/pico/pico-sdk/src/rp2_common/hardware_exception/exception.c.obj
                0x000000001000a050                exception_set_exclusive_handler
 .text.pvPortMalloc
                0x000000001000a098      0x144 CMakeFiles/Controller.dir/home/jose/pico/FreeRTOS/FreeRTOS/Source/portable/MemMang/heap_4.c.obj
                0x000000001000a098                pvPortMalloc
 .text.vPortFree
                0x000000001000a1dc       0x8c CMakeFiles/Controller.dir/home/jose/pico/FreeRTOS/FreeRTOS/Source/portable/MemMang/heap_4.c.obj
                0x000000001000a1dc                vPortFree
 .text          0x000000001000a268       0x28 /usr/lib/gcc/arm-none-eabi/9.2.1/../../../arm-none-eabi/lib/thumb/v6-m/nofp/libc.a(lib_a-malloc.o)
                0x000000001000a268                malloc
                0x000000001000a27c                free
 .text          0x000000001000a290      0x58c /usr/lib/gcc/arm-none-eabi/9.2.1/../../../arm-none-eabi/lib/thumb/v6-m/nofp/libc.a(lib_a-mallocr.o)
                0x000000001000a290                _malloc_r
 .text          0x000000001000a81c        0x8 /usr/lib/gcc/arm-none-eabi/9.2.1/../../../arm-none-eabi/lib/thumb/v6-m/nofp/libc.a(lib_a-mlock.o)
                0x000000001000a81c                __malloc_lock
                0x000000001000a820                __malloc_unlock
 .text          0x000000001000a824       0x24 /usr/lib/gcc/arm-none-eabi/9.2.1/../../../arm-none-eabi/lib/thumb/v6-m/nofp/libc.a(lib_a-sbrkr.o)
                0x000000001000a824                _sbrk_r
 .text          0x000000001000a848       0x68 /usr/lib/gcc/arm-none-eabi/9.2.1/../../../arm-none-eabi/lib/thumb/v6-m/nofp/libc.a(lib_a-strlen-stub.o)
                0x000000001000a848                strlen
 .text          0x000000001000a8b0      0x184 /usr/lib/gcc/arm-none-eabi/9.2.1/../../../arm-none-eabi/lib/thumb/v6-m/nofp/libc.a(lib_a-strtol.o)
                0x000000001000a9fc                _strtol_r
                0x000000001000aa04                strtol_l
                0x000000001000aa1c                strtol
 .text          0x000000001000aa34        0xc /usr/lib/gcc/arm-none-eabi/9.2.1/../../../arm-none-eabi/lib/thumb/v6-m/nofp/libc.a(lib_a-errno.o)
                0x000000001000aa34                __errno
 .text          0x000000001000aa40      0x27c /usr/lib/gcc/arm-none-eabi/9.2.1/../../../arm-none-eabi/lib/thumb/v6-m/nofp/libc.a(lib_a-freer.o)
                0x000000001000aa40                _malloc_trim_r
                0x000000001000aae0                _free_r
 *(.fini)
 .fini          0x000000001000acbc        0x4 /usr/lib/gcc/arm-none-eabi/9.2.1/thumb/v6-m/nofp/crti.o
                0x000000001000acbc                _fini
 .fini.__stub   0x000000001000acc0       0xe0 linker stubs
 *crtbegin.o(.ctors)
 *crtbegin?.o(.ctors)
 *(EXCLUDE_FILE(*crtend.o *crtend?.o) .ctors)
 *(SORT_BY_NAME(.ctors.*))
 *(.ctors)
 *crtbegin.o(.dtors)
 *crtbegin?.o(.dtors)
 *(EXCLUDE_FILE(*crtend.o *crtend?.o) .dtors)
 *(SORT_BY_NAME(.dtors.*))
 *(.dtors)
 *(.eh_frame*)
 .eh_frame      0x000000001000ada0        0x0 /usr/lib/gcc/arm-none-eabi/9.2.1/thumb/v6-m/nofp/crtbegin.o
                0x000000001000ada0                . = ALIGN (0x4)

.glue_7         0x000000001000ada0        0x0
 .glue_7        0x000000001000ada0        0x0 linker stubs

.glue_7t        0x000000001000ada0        0x0
 .glue_7t       0x000000001000ada0        0x0 linker stubs

.vfp11_veneer   0x000000001000ada0        0x0
 .vfp11_veneer  0x000000001000ada0        0x0 linker stubs

.v4_bx          0x000000001000ada0        0x0
 .v4_bx         0x000000001000ada0        0x0 linker stubs

.iplt           0x000000001000ada0        0x0
 .iplt          0x000000001000ada0        0x0 /usr/lib/gcc/arm-none-eabi/9.2.1/thumb/v6-m/nofp/crtbegin.o

.rodata         0x000000001000ada0      0x9ec
 *(EXCLUDE_FILE(*libm.a: *libc.a:*lib_a-mem*.o *libgcc.a:) .rodata*)
 .rodata.str1.4
                0x000000001000ada0        0xe CMakeFiles/Controller.dir/Controller.c.obj
 *fill*         0x000000001000adae        0x2 
 .rodata.uart_task2_send.str1.4
                0x000000001000adb0       0x1d CMakeFiles/Controller.dir/Controller.c.obj
 *fill*         0x000000001000adcd        0x3 
 .rodata.vUpdateOledTask.str1.4
                0x000000001000add0        0x8 CMakeFiles/Controller.dir/Controller.c.obj
 .rodata.main.str1.4
                0x000000001000add8       0xf9 CMakeFiles/Controller.dir/Controller.c.obj
 *fill*         0x000000001000aed1        0x3 
 .rodata        0x000000001000aed4       0x10 CMakeFiles/Controller.dir/Controller.c.obj
 .rodata.ssd1306_init.str1.4
                0x000000001000aee4       0x3f CMakeFiles/Controller.dir/lib/ssd1306/ssd1306.c.obj
 *fill*         0x000000001000af23        0x1 
 .rodata.ssd1306_show.str1.4
                0x000000001000af24        0xd CMakeFiles/Controller.dir/lib/ssd1306/ssd1306.c.obj
 *fill*         0x000000001000af31        0x3 
 .rodata.font_8x5
                0x000000001000af34      0x1e0 CMakeFiles/Controller.dir/lib/ssd1306/ssd1306.c.obj
                0x000000001000af34                font_8x5
 .rodata.spin_lock_claim_unused.str1.4
                0x000000001000b114       0x1b CMakeFiles/Controller.dir/home/jose/pico/pico-sdk/src/rp2_common/hardware_sync/sync.c.obj
 *fill*         0x000000001000b12f        0x1 
 .rodata.user_irq_claim_unused.str1.4
                0x000000001000b130       0x1b CMakeFiles/Controller.dir/home/jose/pico/pico-sdk/src/rp2_common/hardware_irq/irq.c.obj
 *fill*         0x000000001000b14b        0x1 
 .rodata.hardware_alarm_claim.str1.4
                0x000000001000b14c       0x22 CMakeFiles/Controller.dir/home/jose/pico/pico-sdk/src/rp2_common/hardware_timer/timer.c.obj
 *fill*         0x000000001000b16e        0x2 
 .rodata.panic.str1.4
                0x000000001000b170       0x12 CMakeFiles/Controller.dir/home/jose/pico/pico-sdk/src/rp2_common/pico_runtime/runtime.c.obj
 *fill*         0x000000001000b182        0x2 
 .rodata.panic_unsupported.str1.4
                0x000000001000b184        0xe CMakeFiles/Controller.dir/home/jose/pico/pico-sdk/src/rp2_common/pico_runtime/runtime.c.obj
 *fill*         0x000000001000b192        0x2 
 .rodata.hard_assertion_failure.str1.4
                0x000000001000b194        0xc CMakeFiles/Controller.dir/home/jose/pico/pico-sdk/src/rp2_common/pico_runtime/runtime.c.obj
 .rodata._ftoa.str1.4
                0x000000001000b1a0       0x15 CMakeFiles/Controller.dir/home/jose/pico/pico-sdk/src/rp2_common/pico_printf/printf.c.obj
 *fill*         0x000000001000b1b5        0x3 
 .rodata._vsnprintf
                0x000000001000b1b8      0x1e0 CMakeFiles/Controller.dir/home/jose/pico/pico-sdk/src/rp2_common/pico_printf/printf.c.obj
 .rodata.pow10.5483
                0x000000001000b398       0x50 CMakeFiles/Controller.dir/home/jose/pico/pico-sdk/src/rp2_common/pico_printf/printf.c.obj
 .rodata.__wrap_malloc.str1.4
                0x000000001000b3e8        0xe CMakeFiles/Controller.dir/home/jose/pico/pico-sdk/src/rp2_common/pico_malloc/pico_malloc.c.obj
 *fill*         0x000000001000b3f6        0x2 
 .rodata.str1.4
                0x000000001000b3f8       0x40 CMakeFiles/Controller.dir/home/jose/pico/pico-sdk/src/rp2_common/pico_standard_link/binary_info.c.obj
 .rodata.__bi_44
                0x000000001000b438        0xc CMakeFiles/Controller.dir/home/jose/pico/pico-sdk/src/rp2_common/pico_standard_link/binary_info.c.obj
 .rodata.__bi_75
                0x000000001000b444        0xc CMakeFiles/Controller.dir/home/jose/pico/pico-sdk/src/rp2_common/pico_standard_link/binary_info.c.obj
 .rodata.__bi_81
                0x000000001000b450        0xc CMakeFiles/Controller.dir/home/jose/pico/pico-sdk/src/rp2_common/pico_standard_link/binary_info.c.obj
 .rodata.crlf_str.6116
                0x000000001000b45c        0x2 CMakeFiles/Controller.dir/home/jose/pico/pico-sdk/src/rp2_common/pico_stdio/stdio.c.obj
 *fill*         0x000000001000b45e        0x2 
 .rodata._resetd_driver
                0x000000001000b460       0x18 CMakeFiles/Controller.dir/home/jose/pico/pico-sdk/src/rp2_common/pico_stdio_usb/reset_interface.c.obj
 .rodata.str1.4
                0x000000001000b478       0x13 CMakeFiles/Controller.dir/home/jose/pico/pico-sdk/src/rp2_common/pico_stdio_usb/stdio_usb.c.obj
 *fill*         0x000000001000b48b        0x1 
 .rodata.__bi_188.7687
                0x000000001000b48c        0xc CMakeFiles/Controller.dir/home/jose/pico/pico-sdk/src/rp2_common/pico_stdio_usb/stdio_usb.c.obj
 .rodata.str1.4
                0x000000001000b498       0x2a CMakeFiles/Controller.dir/home/jose/pico/pico-sdk/src/rp2_common/pico_stdio_usb/stdio_usb_descriptors.c.obj
 *fill*         0x000000001000b4c2        0x2 
 .rodata.usbd_desc_cfg
                0x000000001000b4c4       0x54 CMakeFiles/Controller.dir/home/jose/pico/pico-sdk/src/rp2_common/pico_stdio_usb/stdio_usb_descriptors.c.obj
 .rodata.usbd_desc_device
                0x000000001000b518       0x12 CMakeFiles/Controller.dir/home/jose/pico/pico-sdk/src/rp2_common/pico_stdio_usb/stdio_usb_descriptors.c.obj
 *fill*         0x000000001000b52a        0x2 
 .rodata.usbd_desc_str
                0x000000001000b52c       0x18 CMakeFiles/Controller.dir/home/jose/pico/pico-sdk/src/rp2_common/pico_stdio_usb/stdio_usb_descriptors.c.obj
 .rodata.str1.4
                0x000000001000b544       0x14 CMakeFiles/Controller.dir/home/jose/pico/pico-sdk/lib/tinyusb/src/portable/raspberrypi/rp2040/dcd_rp2040.c.obj
 .rodata.str1.4
                0x000000001000b558       0x53 CMakeFiles/Controller.dir/home/jose/pico/pico-sdk/lib/tinyusb/src/portable/raspberrypi/rp2040/rp2040_usb.c.obj
 *fill*         0x000000001000b5ab        0x1 
 .rodata.tud_task_ext
                0x000000001000b5ac       0x8c CMakeFiles/Controller.dir/home/jose/pico/pico-sdk/lib/tinyusb/src/device/usbd.c.obj
 .rodata._usbd_driver
                0x000000001000b638       0x18 CMakeFiles/Controller.dir/home/jose/pico/pico-sdk/lib/tinyusb/src/device/usbd.c.obj
 .rodata.prvTimerTask
                0x000000001000b650       0x28 CMakeFiles/Controller.dir/home/jose/pico/FreeRTOS/FreeRTOS/Source/timers.c.obj
 .rodata.xTimerCreateTimerTask.str1.4
                0x000000001000b678       0x10 CMakeFiles/Controller.dir/home/jose/pico/FreeRTOS/FreeRTOS/Source/timers.c.obj
 .rodata        0x000000001000b688      0x101 /usr/lib/gcc/arm-none-eabi/9.2.1/../../../arm-none-eabi/lib/thumb/v6-m/nofp/libc.a(lib_a-ctype_.o)
                0x000000001000b688                _ctype_
                0x000000001000b78c                . = ALIGN (0x4)
 *fill*         0x000000001000b789        0x3 
 *(SORT_BY_ALIGNMENT(SORT_BY_NAME(.flashdata*)))
                0x000000001000b78c                . = ALIGN (0x4)

.rel.dyn        0x000000001000b78c        0x0
 .rel.iplt      0x000000001000b78c        0x0 /usr/lib/gcc/arm-none-eabi/9.2.1/thumb/v6-m/nofp/crtbegin.o

.ARM.extab
 *(.ARM.extab* .gnu.linkonce.armextab.*)
                0x000000001000b78c                __exidx_start = .

.ARM.exidx
 *(.ARM.exidx* .gnu.linkonce.armexidx.*)
                0x000000001000b78c                __exidx_end = .
                0x000000001000b78c                . = ALIGN (0x4)
                0x000000001000b78c                __binary_info_start = .

.binary_info    0x000000001000b78c       0x20
 *(.binary_info.keep.*)
 .binary_info.keep.__bi_ptr22
                0x000000001000b78c        0x4 CMakeFiles/Controller.dir/home/jose/pico/pico-sdk/src/rp2_common/pico_standard_link/binary_info.c.obj
 .binary_info.keep.__bi_ptr30
                0x000000001000b790        0x4 CMakeFiles/Controller.dir/home/jose/pico/pico-sdk/src/rp2_common/pico_standard_link/binary_info.c.obj
 .binary_info.keep.__bi_ptr38
                0x000000001000b794        0x4 CMakeFiles/Controller.dir/home/jose/pico/pico-sdk/src/rp2_common/pico_standard_link/binary_info.c.obj
 .binary_info.keep.__bi_ptr44
                0x000000001000b798        0x4 CMakeFiles/Controller.dir/home/jose/pico/pico-sdk/src/rp2_common/pico_standard_link/binary_info.c.obj
 .binary_info.keep.__bi_ptr50
                0x000000001000b79c        0x4 CMakeFiles/Controller.dir/home/jose/pico/pico-sdk/src/rp2_common/pico_standard_link/binary_info.c.obj
 .binary_info.keep.__bi_ptr75
                0x000000001000b7a0        0x4 CMakeFiles/Controller.dir/home/jose/pico/pico-sdk/src/rp2_common/pico_standard_link/binary_info.c.obj
 .binary_info.keep.__bi_ptr81
                0x000000001000b7a4        0x4 CMakeFiles/Controller.dir/home/jose/pico/pico-sdk/src/rp2_common/pico_standard_link/binary_info.c.obj
 *(.binary_info.*)
 .binary_info.__bi_ptr188
                0x000000001000b7a8        0x4 CMakeFiles/Controller.dir/home/jose/pico/pico-sdk/src/rp2_common/pico_stdio_usb/stdio_usb.c.obj
                0x000000001000b7ac                __binary_info_end = .
                0x000000001000b7ac                . = ALIGN (0x4)
                0x000000001000b7ac                __etext = .

.ram_vector_table
                0x0000000020000000       0xc0
 *(.ram_vector_table)
 .ram_vector_table
                0x0000000020000000       0xc0 CMakeFiles/Controller.dir/home/jose/pico/pico-sdk/src/rp2_common/pico_runtime/runtime.c.obj
                0x0000000020000000                ram_vector_table

.data           0x00000000200000c0     0x1764 load address 0x000000001000b7ac
                0x00000000200000c0                __data_start__ = .
 *(vtable)
 *(.time_critical*)
 .time_critical.mutex_enter_blocking
                0x00000000200000c0       0x3c CMakeFiles/Controller.dir/home/jose/pico/pico-sdk/src/common/pico_sync/mutex.c.obj
                0x00000000200000c0                mutex_enter_blocking
 .time_critical.mutex_try_enter
                0x00000000200000fc       0x44 CMakeFiles/Controller.dir/home/jose/pico/pico-sdk/src/common/pico_sync/mutex.c.obj
                0x00000000200000fc                mutex_try_enter
 .time_critical.mutex_try_enter_block_until
                0x0000000020000140       0x9c CMakeFiles/Controller.dir/home/jose/pico/pico-sdk/src/common/pico_sync/mutex.c.obj
                0x0000000020000140                mutex_try_enter_block_until
 .time_critical.mutex_enter_timeout_ms
                0x00000000200001dc       0x78 CMakeFiles/Controller.dir/home/jose/pico/pico-sdk/src/common/pico_sync/mutex.c.obj
                0x00000000200001dc                mutex_enter_timeout_ms
 .time_critical.mutex_exit
                0x0000000020000254       0x20 CMakeFiles/Controller.dir/home/jose/pico/pico-sdk/src/common/pico_sync/mutex.c.obj
                0x0000000020000254                mutex_exit
 .time_critical.flash_init_boot2_copyout
                0x0000000020000274       0x30 CMakeFiles/Controller.dir/home/jose/pico/pico-sdk/src/rp2_common/hardware_flash/flash.c.obj
 .time_critical.flash_enable_xip_via_boot2
                0x00000000200002a4       0x10 CMakeFiles/Controller.dir/home/jose/pico/pico-sdk/src/rp2_common/hardware_flash/flash.c.obj
 .time_critical.flash_cs_force
                0x00000000200002b4       0x38 CMakeFiles/Controller.dir/home/jose/pico/pico-sdk/src/rp2_common/hardware_flash/flash.c.obj
 .time_critical.flash_do_cmd
                0x00000000200002ec       0xc4 CMakeFiles/Controller.dir/home/jose/pico/pico-sdk/src/rp2_common/hardware_flash/flash.c.obj
                0x00000000200002ec                flash_do_cmd
 .time_critical.reset_non_control_endpoints
                0x00000000200003b0       0xbc CMakeFiles/Controller.dir/home/jose/pico/pico-sdk/lib/tinyusb/src/portable/raspberrypi/rp2040/dcd_rp2040.c.obj
 .time_critical.hw_handle_buff_status
                0x000000002000046c       0xb4 CMakeFiles/Controller.dir/home/jose/pico/pico-sdk/lib/tinyusb/src/portable/raspberrypi/rp2040/dcd_rp2040.c.obj
 .time_critical.dcd_rp2040_irq
                0x0000000020000520      0x4f4 CMakeFiles/Controller.dir/home/jose/pico/pico-sdk/lib/tinyusb/src/portable/raspberrypi/rp2040/dcd_rp2040.c.obj
 .time_critical.prepare_ep_buffer
                0x0000000020000a14       0x70 CMakeFiles/Controller.dir/home/jose/pico/pico-sdk/lib/tinyusb/src/portable/raspberrypi/rp2040/rp2040_usb.c.obj
 .time_critical.sync_ep_buffer
                0x0000000020000a84       0x4c CMakeFiles/Controller.dir/home/jose/pico/pico-sdk/lib/tinyusb/src/portable/raspberrypi/rp2040/rp2040_usb.c.obj
 .time_critical._hw_endpoint_xfer_sync
                0x0000000020000ad0       0x28 CMakeFiles/Controller.dir/home/jose/pico/pico-sdk/lib/tinyusb/src/portable/raspberrypi/rp2040/rp2040_usb.c.obj
 .time_critical.e15_is_bulkin_ep
                0x0000000020000af8       0x28 CMakeFiles/Controller.dir/home/jose/pico/pico-sdk/lib/tinyusb/src/portable/raspberrypi/rp2040/rp2040_usb.c.obj
 .time_critical.e15_is_critical_frame_period
                0x0000000020000b20       0x38 CMakeFiles/Controller.dir/home/jose/pico/pico-sdk/lib/tinyusb/src/portable/raspberrypi/rp2040/rp2040_usb.c.obj
 .time_critical.hw_endpoint_reset_transfer
                0x0000000020000b58        0xc CMakeFiles/Controller.dir/home/jose/pico/pico-sdk/lib/tinyusb/src/portable/raspberrypi/rp2040/rp2040_usb.c.obj
                0x0000000020000b58                hw_endpoint_reset_transfer
 .time_critical._hw_endpoint_buffer_control_update32
                0x0000000020000b64       0x58 CMakeFiles/Controller.dir/home/jose/pico/pico-sdk/lib/tinyusb/src/portable/raspberrypi/rp2040/rp2040_usb.c.obj
                0x0000000020000b64                _hw_endpoint_buffer_control_update32
 .time_critical.hw_endpoint_start_next_buffer
                0x0000000020000bbc       0x6c CMakeFiles/Controller.dir/home/jose/pico/pico-sdk/lib/tinyusb/src/portable/raspberrypi/rp2040/rp2040_usb.c.obj
                0x0000000020000bbc                hw_endpoint_start_next_buffer
 .time_critical.hw_endpoint_xfer_continue
                0x0000000020000c28       0x50 CMakeFiles/Controller.dir/home/jose/pico/pico-sdk/lib/tinyusb/src/portable/raspberrypi/rp2040/rp2040_usb.c.obj
                0x0000000020000c28                hw_endpoint_xfer_continue
 .time_critical.tinyusb
                0x0000000020000c78      0x170 CMakeFiles/Controller.dir/home/jose/pico/pico-sdk/lib/tinyusb/src/device/usbd.c.obj
                0x0000000020000c78                dcd_event_handler
 *(.text*)
 .text          0x0000000020000de8        0x4 /usr/lib/gcc/arm-none-eabi/9.2.1/thumb/v6-m/nofp/libgcc.a(_dvmd_tls.o)
                0x0000000020000de8                __aeabi_ldiv0
                0x0000000020000de8                __aeabi_idiv0
 *fill*         0x0000000020000dec        0x4 
 .text.__stub   0x0000000020000df0       0xa0 linker stubs
                0x0000000020000e90                . = ALIGN (0x4)
 *(.rodata*)
                0x0000000020000e90                . = ALIGN (0x4)
 *(.data*)
 .data.current_state
                0x0000000020000e90        0x4 CMakeFiles/Controller.dir/Controller.c.obj
                0x0000000020000e90                current_state
 .data.engine_state
                0x0000000020000e94        0x1 CMakeFiles/Controller.dir/Controller.c.obj
 *fill*         0x0000000020000e95        0x3 
 .data.pin_beam
                0x0000000020000e98        0x4 CMakeFiles/Controller.dir/Controller.c.obj
                0x0000000020000e98                pin_beam
 .data.pin_engine_state
                0x0000000020000e9c        0x4 CMakeFiles/Controller.dir/Controller.c.obj
                0x0000000020000e9c                pin_engine_state
 .data.pin_hazard
                0x0000000020000ea0        0x4 CMakeFiles/Controller.dir/Controller.c.obj
                0x0000000020000ea0                pin_hazard
 .data.pin_horn
                0x0000000020000ea4        0x4 CMakeFiles/Controller.dir/Controller.c.obj
                0x0000000020000ea4                pin_horn
 .data.pin_joystick_direction
                0x0000000020000ea8        0x4 CMakeFiles/Controller.dir/Controller.c.obj
                0x0000000020000ea8                pin_joystick_direction
 .data.pin_joystick_speed
                0x0000000020000eac        0x4 CMakeFiles/Controller.dir/Controller.c.obj
                0x0000000020000eac                pin_joystick_speed
 .data.pin_left_dir
                0x0000000020000eb0        0x4 CMakeFiles/Controller.dir/Controller.c.obj
                0x0000000020000eb0                pin_left_dir
 .data.pin_right_dir
                0x0000000020000eb4        0x4 CMakeFiles/Controller.dir/Controller.c.obj
                0x0000000020000eb4                pin_right_dir
 .data.pin_scl  0x0000000020000eb8        0x4 CMakeFiles/Controller.dir/Controller.c.obj
                0x0000000020000eb8                pin_scl
 .data.pin_sda  0x0000000020000ebc        0x4 CMakeFiles/Controller.dir/Controller.c.obj
                0x0000000020000ebc                pin_sda
 .data.striped_spin_lock_num
                0x0000000020000ec0        0x1 CMakeFiles/Controller.dir/home/jose/pico/pico-sdk/src/rp2_common/hardware_sync/sync.c.obj
 *fill*         0x0000000020000ec1        0x3 
 .data          0x0000000020000ec4       0x48 CMakeFiles/Controller.dir/home/jose/pico/pico-sdk/src/rp2_common/hardware_irq/irq_handler_chain.S.obj
                0x0000000020000ec4                irq_handler_chain_slots
                0x0000000020000ef4                irq_handler_chain_first_slot
                0x0000000020000efe                irq_handler_chain_remove_tail
 .data.default_alarm_pool
                0x0000000020000f0c       0x18 CMakeFiles/Controller.dir/home/jose/pico/pico-sdk/src/common/pico_time/time.c.obj
 .data.default_alarm_pool_heap
                0x0000000020000f24       0x10 CMakeFiles/Controller.dir/home/jose/pico/pico-sdk/src/common/pico_time/time.c.obj
 *fill*         0x0000000020000f34        0xc 
 .data.aeabi_bits_funcs
                0x0000000020000f40       0x10 CMakeFiles/Controller.dir/home/jose/pico/pico-sdk/src/rp2_common/pico_bit_ops/bit_ops_aeabi.S.obj
                0x0000000020000f40                aeabi_bits_funcs
                0x0000000020000f50                aeabi_bits_funcs_end
 .data.aeabi_mem_funcs
                0x0000000020000f50       0x10 CMakeFiles/Controller.dir/home/jose/pico/pico-sdk/src/rp2_common/pico_mem_ops/mem_ops_aeabi.S.obj
                0x0000000020000f50                aeabi_mem_funcs
                0x0000000020000f60                aeabi_mem_funcs_end
 .data.stdio_usb
                0x0000000020000f60       0x18 CMakeFiles/Controller.dir/home/jose/pico/pico-sdk/src/rp2_common/pico_stdio_usb/stdio_usb.c.obj
                0x0000000020000f60                stdio_usb
 .data.ep_dir_string
                0x0000000020000f78        0x8 CMakeFiles/Controller.dir/home/jose/pico/pico-sdk/lib/tinyusb/src/portable/raspberrypi/rp2040/rp2040_usb.c.obj
                0x0000000020000f78                ep_dir_string
 .data._usbd_qdef
                0x0000000020000f80       0x1c CMakeFiles/Controller.dir/home/jose/pico/pico-sdk/lib/tinyusb/src/device/usbd.c.obj
                0x0000000020000f80                _usbd_qdef
 .data._usbd_rhport
                0x0000000020000f9c        0x1 CMakeFiles/Controller.dir/home/jose/pico/pico-sdk/lib/tinyusb/src/device/usbd.c.obj
 *fill*         0x0000000020000f9d        0x3 
 .data.i2c0_inst
                0x0000000020000fa0        0x8 CMakeFiles/Controller.dir/home/jose/pico/pico-sdk/src/rp2_common/hardware_i2c/i2c.c.obj
                0x0000000020000fa0                i2c0_inst
 .data.i2c1_inst
                0x0000000020000fa8        0x8 CMakeFiles/Controller.dir/home/jose/pico/pico-sdk/src/rp2_common/hardware_i2c/i2c.c.obj
                0x0000000020000fa8                i2c1_inst
 .data.ucLaunchCoreNum