Archive member included to satisfy reference by file (symbol)

/usr/lib/gcc/arm-none-eabi/9.2.1/thumb/v6-m/nofp/libgcc.a(_dvmd_tls.o)
                              CMakeFiles/Engine.dir/home/jose/pico/pico-sdk/src/rp2_common/pico_divider/divider.S.obj (__aeabi_idiv0)
/usr/lib/gcc/arm-none-eabi/9.2.1/../../../arm-none-eabi/lib/thumb/v6-m/nofp/libc.a(lib_a-atexit.o)
                              /usr/lib/gcc/arm-none-eabi/9.2.1/../../../arm-none-eabi/lib/thumb/v6-m/nofp/crt0.o (atexit)
/usr/lib/gcc/arm-none-eabi/9.2.1/../../../arm-none-eabi/lib/thumb/v6-m/nofp/libc.a(lib_a-calloc.o)
                              CMakeFiles/Engine.dir/home/jose/pico/pico-sdk/src/rp2_common/pico_malloc/pico_malloc.c.obj (calloc)
/usr/lib/gcc/arm-none-eabi/9.2.1/../../../arm-none-eabi/lib/thumb/v6-m/nofp/libc.a(lib_a-callocr.o)
                              /usr/lib/gcc/arm-none-eabi/9.2.1/../../../arm-none-eabi/lib/thumb/v6-m/nofp/libc.a(lib_a-calloc.o) (_calloc_r)
/usr/lib/gcc/arm-none-eabi/9.2.1/../../../arm-none-eabi/lib/thumb/v6-m/nofp/libc.a(lib_a-fini.o)
                              /usr/lib/gcc/arm-none-eabi/9.2.1/../../../arm-none-eabi/lib/thumb/v6-m/nofp/crt0.o (__libc_fini_array)
/usr/lib/gcc/arm-none-eabi/9.2.1/../../../arm-none-eabi/lib/thumb/v6-m/nofp/libc.a(lib_a-impure.o)
                              /usr/lib/gcc/arm-none-eabi/9.2.1/../../../arm-none-eabi/lib/thumb/v6-m/nofp/libc.a(lib_a-calloc.o) (_impure_ptr)
/usr/lib/gcc/arm-none-eabi/9.2.1/../../../arm-none-eabi/lib/thumb/v6-m/nofp/libc.a(lib_a-init.o)
                              /usr/lib/gcc/arm-none-eabi/9.2.1/../../../arm-none-eabi/lib/thumb/v6-m/nofp/crt0.o (__libc_init_array)
/usr/lib/gcc/arm-none-eabi/9.2.1/../../../arm-none-eabi/lib/thumb/v6-m/nofp/libc.a(lib_a-malloc.o)
                              CMakeFiles/Engine.dir/home/jose/pico/pico-sdk/src/rp2_common/pico_malloc/pico_malloc.c.obj (malloc)
/usr/lib/gcc/arm-none-eabi/9.2.1/../../../arm-none-eabi/lib/thumb/v6-m/nofp/libc.a(lib_a-mallocr.o)
                              /usr/lib/gcc/arm-none-eabi/9.2.1/../../../arm-none-eabi/lib/thumb/v6-m/nofp/libc.a(lib_a-callocr.o) (_malloc_r)
/usr/lib/gcc/arm-none-eabi/9.2.1/../../../arm-none-eabi/lib/thumb/v6-m/nofp/libc.a(lib_a-mlock.o)
                              /usr/lib/gcc/arm-none-eabi/9.2.1/../../../arm-none-eabi/lib/thumb/v6-m/nofp/libc.a(lib_a-mallocr.o) (__malloc_lock)
/usr/lib/gcc/arm-none-eabi/9.2.1/../../../arm-none-eabi/lib/thumb/v6-m/nofp/libc.a(lib_a-realloc.o)
                              CMakeFiles/Engine.dir/home/jose/pico/pico-sdk/src/rp2_common/pico_malloc/pico_malloc.c.obj (realloc)
/usr/lib/gcc/arm-none-eabi/9.2.1/../../../arm-none-eabi/lib/thumb/v6-m/nofp/libc.a(lib_a-reallocr.o)
                              /usr/lib/gcc/arm-none-eabi/9.2.1/../../../arm-none-eabi/lib/thumb/v6-m/nofp/libc.a(lib_a-realloc.o) (_realloc_r)
/usr/lib/gcc/arm-none-eabi/9.2.1/../../../arm-none-eabi/lib/thumb/v6-m/nofp/libc.a(lib_a-sbrkr.o)
                              /usr/lib/gcc/arm-none-eabi/9.2.1/../../../arm-none-eabi/lib/thumb/v6-m/nofp/libc.a(lib_a-mallocr.o) (_sbrk_r)
/usr/lib/gcc/arm-none-eabi/9.2.1/../../../arm-none-eabi/lib/thumb/v6-m/nofp/libc.a(lib_a-strlen-stub.o)
                              CMakeFiles/Engine.dir/home/jose/pico/pico-sdk/src/rp2_common/pico_stdio/stdio.c.obj (strlen)
/usr/lib/gcc/arm-none-eabi/9.2.1/../../../arm-none-eabi/lib/thumb/v6-m/nofp/libc.a(lib_a-strtol.o)
                              CMakeFiles/Engine.dir/Engine.c.obj (strtol)
/usr/lib/gcc/arm-none-eabi/9.2.1/../../../arm-none-eabi/lib/thumb/v6-m/nofp/libc.a(lib_a-time.o)
                              CMakeFiles/Engine.dir/Engine.c.obj (time)
/usr/lib/gcc/arm-none-eabi/9.2.1/../../../arm-none-eabi/lib/thumb/v6-m/nofp/libc.a(lib_a-__atexit.o)
                              /usr/lib/gcc/arm-none-eabi/9.2.1/../../../arm-none-eabi/lib/thumb/v6-m/nofp/libc.a(lib_a-atexit.o) (__register_exitproc)
/usr/lib/gcc/arm-none-eabi/9.2.1/../../../arm-none-eabi/lib/thumb/v6-m/nofp/libc.a(lib_a-ctype_.o)
                              /usr/lib/gcc/arm-none-eabi/9.2.1/../../../arm-none-eabi/lib/thumb/v6-m/nofp/libc.a(lib_a-strtol.o) (_ctype_)
/usr/lib/gcc/arm-none-eabi/9.2.1/../../../arm-none-eabi/lib/thumb/v6-m/nofp/libc.a(lib_a-errno.o)
                              /usr/lib/gcc/arm-none-eabi/9.2.1/../../../arm-none-eabi/lib/thumb/v6-m/nofp/libc.a(lib_a-strtol.o) (__errno)
/usr/lib/gcc/arm-none-eabi/9.2.1/../../../arm-none-eabi/lib/thumb/v6-m/nofp/libc.a(lib_a-freer.o)
                              /usr/lib/gcc/arm-none-eabi/9.2.1/../../../arm-none-eabi/lib/thumb/v6-m/nofp/libc.a(lib_a-malloc.o) (_free_r)
/usr/lib/gcc/arm-none-eabi/9.2.1/../../../arm-none-eabi/lib/thumb/v6-m/nofp/libc.a(lib_a-gettimeofdayr.o)
                              /usr/lib/gcc/arm-none-eabi/9.2.1/../../../arm-none-eabi/lib/thumb/v6-m/nofp/libc.a(lib_a-time.o) (_gettimeofday_r)
/usr/lib/gcc/arm-none-eabi/9.2.1/../../../arm-none-eabi/lib/thumb/v6-m/nofp/libc.a(lib_a-memmove.o)
[...]
Memory Configuration

Name             Origin             Length             Attributes
FLASH            0x0000000010000000 0x0000000000200000 xr
RAM              0x0000000020000000 0x0000000000040000 xrw
SCRATCH_X        0x0000000020040000 0x0000000000001000 xrw
SCRATCH_Y        0x0000000020041000 0x0000000000001000 xrw
*default*        0x0000000000000000 0xffffffffffffffff

Linker script and memory map

LOAD /usr/lib/gcc/arm-none-eabi/9.2.1/thumb/v6-m/nofp/crti.o
LOAD /usr/lib/gcc/arm-none-eabi/9.2.1/thumb/v6-m/nofp/crtbegin.o
LOAD /usr/lib/gcc/arm-none-eabi/9.2.1/../../../arm-none-eabi/lib/thumb/v6-m/nofp/crt0.o

.flash_begin    0x0000000010000000        0x0
                0x0000000010000000                __flash_binary_start = .

.boot2          0x0000000010000000      0x100
                0x0000000010000000                __boot2_start__ = .
 *(.boot2)
 .boot2         0x0000000010000000      0x100 /tmp/cc3FqJx8.o
                0x0000000010000100                __boot2_end__ = .
                0x0000000000000001                ASSERT (((__boot2_end__ - __boot2_start__) == 0x100), ERROR: Pico second stage bootloader must be 256 bytes in size)

.text           0x0000000010000100     0xaa88
                0x0000000010000100                __logical_binary_start = .
 *(.vectors)
 .vectors       0x0000000010000100       0xd4 CMakeFiles/Engine.dir/home/jose/pico/pico-sdk/src/rp2_common/pico_standard_link/crt0.S.obj
                0x0000000010000100                __vectors
                0x0000000010000100                __VECTOR_TABLE
                0x00000000100001c0                isr_invalid
                0x00000000100001c0                __default_isrs_start
                0x00000000100001c2                isr_nmi
                0x00000000100001c4                isr_hardfault
                0x00000000100001c6                isr_svcall
                0x00000000100001c8                isr_pendsv
                0x00000000100001ca                isr_systick
                0x00000000100001cc                isr_irq30
                0x00000000100001cc                __unhandled_user_irq
                0x00000000100001cc                isr_irq13
                0x00000000100001cc                isr_irq27
                0x00000000100001cc                isr_irq31
                0x00000000100001cc                isr_irq5
                0x00000000100001cc                isr_irq11
                0x00000000100001cc                isr_irq23
                0x00000000100001cc                isr_irq18
                0x00000000100001cc                isr_irq28
                0x00000000100001cc                isr_irq19
                0x00000000100001cc                isr_irq0
                0x00000000100001cc                isr_irq6
                0x00000000100001cc                isr_irq22
                0x00000000100001cc                isr_irq17
                0x00000000100001cc                isr_irq14
                0x00000000100001cc                isr_irq2
                0x00000000100001cc                isr_irq10
                0x00000000100001cc                isr_irq8
                0x00000000100001cc                isr_irq24
                0x00000000100001cc                isr_irq1
                0x00000000100001cc                isr_irq7
                0x00000000100001cc                isr_irq21
                0x00000000100001cc                isr_irq20
                0x00000000100001cc                isr_irq15
                0x00000000100001cc                isr_irq25
                0x00000000100001cc                isr_irq4
                0x00000000100001cc                isr_irq16
                0x00000000100001cc                isr_irq29
                0x00000000100001cc                isr_irq26
                0x00000000100001cc                __default_isrs_end
                0x00000000100001cc                isr_irq3
                0x00000000100001cc                isr_irq12
                0x00000000100001cc                isr_irq9
                0x00000000100001d2                unhandled_user_irq_num_in_r0
 *(.binary_info_header)
 .binary_info_header
                0x00000000100001d4       0x14 CMakeFiles/Engine.dir/home/jose/pico/pico-sdk/src/rp2_common/pico_standard_link/crt0.S.obj
                0x00000000100001e8                __binary_info_header_end = .
 *(.reset)
 .reset         0x00000000100001e8       0xa0 CMakeFiles/Engine.dir/home/jose/pico/pico-sdk/src/rp2_common/pico_standard_link/crt0.S.obj
                0x00000000100001e8                _entry_point
 .reset         0x0000000010000288       0x30 CMakeFiles/Engine.dir/home/jose/pico/pico-sdk/src/rp2_common/pico_standard_link/binary_info.c.obj
 *(.init)
 .init          0x00000000100002b8        0x4 /usr/lib/gcc/arm-none-eabi/9.2.1/thumb/v6-m/nofp/crti.o
                0x00000000100002b8                _init
 *(EXCLUDE_FILE(*libm.a: *libc.a:*lib_a-mem*.o *libgcc.a:) .text*)
 .text          0x00000000100002bc       0x98 /usr/lib/gcc/arm-none-eabi/9.2.1/thumb/v6-m/nofp/crtbegin.o
 .text.vBlinkTask
                0x0000000010000354       0x20 CMakeFiles/Engine.dir/Engine.c.obj
                0x0000000010000354                vBlinkTask
 .text.inputFiltering
                0x0000000010000374       0xdc CMakeFiles/Engine.dir/Engine.c.obj
                0x0000000010000374                inputFiltering
 .text.velocityTask
                0x0000000010000450       0xfc CMakeFiles/Engine.dir/Engine.c.obj
                0x0000000010000450                velocityTask
 .text.engineControl
                0x000000001000054c      0x414 CMakeFiles/Engine.dir/Engine.c.obj
                0x000000001000054c                engineControl
 .text.sensorInterruptHandler
                0x0000000010000960       0x44 CMakeFiles/Engine.dir/Engine.c.obj
                0x0000000010000960                sensorInterruptHandler
 .text.uart_task2_receive
                0x00000000100009a4       0xec CMakeFiles/Engine.dir/Engine.c.obj
                0x00000000100009a4                uart_task2_receive
 .text.uart_task2_send
                0x0000000010000a90       0xec CMakeFiles/Engine.dir/Engine.c.obj
                0x0000000010000a90                uart_task2_send
 .text.initUART2
                0x0000000010000b7c       0x50 CMakeFiles/Engine.dir/Engine.c.obj
                0x0000000010000b7c                initUART2
 .text.startup.main
                0x0000000010000bcc      0x188 CMakeFiles/Engine.dir/Engine.c.obj
                0x0000000010000bcc                main
 .text.gpio_default_irq_handler
                0x0000000010000d54      0x248 CMakeFiles/Engine.dir/home/jose/pico/pico-sdk/src/rp2_common/hardware_gpio/gpio.c.obj
 .text.gpio_set_function
                0x0000000010000f9c       0x30 CMakeFiles/Engine.dir/home/jose/pico/pico-sdk/src/rp2_common/hardware_gpio/gpio.c.obj
                0x0000000010000f9c                gpio_set_function
 .text.gpio_set_irq_enabled_with_callback
                0x0000000010000fcc       0xb0 CMakeFiles/Engine.dir/home/jose/pico/pico-sdk/src/rp2_common/hardware_gpio/gpio.c.obj
                0x0000000010000fcc                gpio_set_irq_enabled_with_callback
 .text.gpio_init
                0x000000001000107c       0x3c CMakeFiles/Engine.dir/home/jose/pico/pico-sdk/src/rp2_common/hardware_gpio/gpio.c.obj
                0x000000001000107c                gpio_init
 .text.running_on_fpga
                0x00000000100010b8       0x10 CMakeFiles/Engine.dir/home/jose/pico/pico-sdk/src/rp2_common/pico_platform/platform.c.obj
                0x00000000100010b8                running_on_fpga
 .text.hw_claim_or_assert
                0x00000000100010c8       0x48 CMakeFiles/Engine.dir/home/jose/pico/pico-sdk/src/rp2_common/hardware_claim/claim.c.obj
                0x00000000100010c8                hw_claim_or_assert
 .text.hw_claim_unused_from_range
                0x0000000010001110       0x9c CMakeFiles/Engine.dir/home/jose/pico/pico-sdk/src/rp2_common/hardware_claim/claim.c.obj
                0x0000000010001110                hw_claim_unused_from_range
 .text.spin_locks_reset
                0x00000000100011ac       0x1c CMakeFiles/Engine.dir/home/jose/pico/pico-sdk/src/rp2_common/hardware_sync/sync.c.obj
                0x00000000100011ac                spin_locks_reset
 .text.next_striped_spin_lock_num
                0x00000000100011c8       0x18 CMakeFiles/Engine.dir/home/jose/pico/pico-sdk/src/rp2_common/hardware_sync/sync.c.obj
                0x00000000100011c8                next_striped_spin_lock_num
 .text.spin_lock_claim_unused
                0x00000000100011e0       0x20 CMakeFiles/Engine.dir/home/jose/pico/pico-sdk/src/rp2_common/hardware_sync/sync.c.obj
                0x00000000100011e0                spin_lock_claim_unused
 .text.irq_set_enabled
                0x0000000010001200       0x24 CMakeFiles/Engine.dir/home/jose/pico/pico-sdk/src/rp2_common/hardware_irq/irq.c.obj
                0x0000000010001200                irq_set_enabled
 .text.irq_set_pending
                0x0000000010001224       0x10 CMakeFiles/Engine.dir/home/jose/pico/pico-sdk/src/rp2_common/hardware_irq/irq.c.obj
                0x0000000010001224                irq_set_pending
 .text.irq_has_shared_handler
                0x0000000010001234       0x2c CMakeFiles/Engine.dir/home/jose/pico/pico-sdk/src/rp2_common/hardware_irq/irq.c.obj
                0x0000000010001234                irq_has_shared_handler
 .text.irq_get_vtable_handler
                0x0000000010001260       0x10 CMakeFiles/Engine.dir/home/jose/pico/pico-sdk/src/rp2_common/hardware_irq/irq.c.obj
                0x0000000010001260                irq_get_vtable_handler
 .text.irq_set_exclusive_handler
                0x0000000010001270       0x54 CMakeFiles/Engine.dir/home/jose/pico/pico-sdk/src/rp2_common/hardware_irq/irq.c.obj
                0x0000000010001270                irq_set_exclusive_handler
 .text.irq_add_shared_handler
                0x00000000100012c4      0x1c0 CMakeFiles/Engine.dir/home/jose/pico/pico-sdk/src/rp2_common/hardware_irq/irq.c.obj
                0x00000000100012c4                irq_add_shared_handler
 .text.irq_remove_handler
                0x0000000010001484      0x1b4 CMakeFiles/Engine.dir/home/jose/pico/pico-sdk/src/rp2_common/hardware_irq/irq.c.obj
                0x0000000010001484                irq_remove_handler
 .text.irq_add_tail_to_free_list
                0x0000000010001638       0xb4 CMakeFiles/Engine.dir/home/jose/pico/pico-sdk/src/rp2_common/hardware_irq/irq.c.obj
                0x0000000010001638                irq_add_tail_to_free_list
 .text.irq_init_priorities
                0x00000000100016ec       0x24 CMakeFiles/Engine.dir/home/jose/pico/pico-sdk/src/rp2_common/hardware_irq/irq.c.obj
                0x00000000100016ec                irq_init_priorities
 .text.user_irq_claim_unused
                0x0000000010001710       0x28 CMakeFiles/Engine.dir/home/jose/pico/pico-sdk/src/rp2_common/hardware_irq/irq.c.obj
                0x0000000010001710                user_irq_claim_unused
 .text.lock_init
                0x0000000010001738       0x10 CMakeFiles/Engine.dir/home/jose/pico/pico-sdk/src/common/pico_sync/lock_core.c.obj
                0x0000000010001738                lock_init
 .text.mutex_init
                0x0000000010001748       0x1c CMakeFiles/Engine.dir/home/jose/pico/pico-sdk/src/common/pico_sync/mutex.c.obj
                0x0000000010001748                mutex_init
 .text.recursive_mutex_init
                0x0000000010001764       0x20 CMakeFiles/Engine.dir/home/jose/pico/pico-sdk/src/common/pico_sync/mutex.c.obj
                0x0000000010001764                recursive_mutex_init
 .text.critical_section_init
                0x0000000010001784       0x1c CMakeFiles/Engine.dir/home/jose/pico/pico-sdk/src/common/pico_sync/critical_section.c.obj
                0x0000000010001784                critical_section_init
 .text.critical_section_init_with_lock_num
                0x00000000100017a0       0x14 CMakeFiles/Engine.dir/home/jose/pico/pico-sdk/src/common/pico_sync/critical_section.c.obj
                0x00000000100017a0                critical_section_init_with_lock_num
 .text.timer_pool_entry_comparator
                0x00000000100017b4       0x34 CMakeFiles/Engine.dir/home/jose/pico/pico-sdk/src/common/pico_time/time.c.obj
                0x00000000100017b4                timer_pool_entry_comparator
 .text.sleep_until_callback
                0x00000000100017e8       0x24 CMakeFiles/Engine.dir/home/jose/pico/pico-sdk/src/common/pico_time/time.c.obj
 .text.add_alarm_under_lock
                0x000000001000180c      0x108 CMakeFiles/Engine.dir/home/jose/pico/pico-sdk/src/common/pico_time/time.c.obj
 .text.alarm_pool_alarm_callback
                0x0000000010001914      0x1b8 CMakeFiles/Engine.dir/home/jose/pico/pico-sdk/src/common/pico_time/time.c.obj
 .text.alarm_pool_init_default
                0x0000000010001acc       0x6c CMakeFiles/Engine.dir/home/jose/pico/pico-sdk/src/common/pico_time/time.c.obj
                0x0000000010001acc                alarm_pool_init_default
 .text.alarm_pool_get_default
                0x0000000010001b38        0x8 CMakeFiles/Engine.dir/home/jose/pico/pico-sdk/src/common/pico_time/time.c.obj
                0x0000000010001b38                alarm_pool_get_default
 .text.alarm_pool_add_alarm_at
                0x0000000010001b40      0x190 CMakeFiles/Engine.dir/home/jose/pico/pico-sdk/src/common/pico_time/time.c.obj
                0x0000000010001b40                alarm_pool_add_alarm_at
 .text.alarm_pool_cancel_alarm
                0x0000000010001cd0       0x70 CMakeFiles/Engine.dir/home/jose/pico/pico-sdk/src/common/pico_time/time.c.obj
                0x0000000010001cd0                alarm_pool_cancel_alarm
 .text.alarm_pool_core_num
                0x0000000010001d40        0x4 CMakeFiles/Engine.dir/home/jose/pico/pico-sdk/src/common/pico_time/time.c.obj
                0x0000000010001d40                alarm_pool_core_num
 .text.best_effort_wfe_or_timeout
                0x0000000010001d44       0x60 CMakeFiles/Engine.dir/home/jose/pico/pico-sdk/src/common/pico_time/time.c.obj
                0x0000000010001d44                best_effort_wfe_or_timeout
 .text.hardware_alarm_irq_handler
                0x0000000010001da4       0xbc CMakeFiles/Engine.dir/home/jose/pico/pico-sdk/src/rp2_common/hardware_timer/timer.c.obj
 .text.hardware_alarm_claim
                0x0000000010001e60       0x18 CMakeFiles/Engine.dir/home/jose/pico/pico-sdk/src/rp2_common/hardware_timer/timer.c.obj
                0x0000000010001e60                hardware_alarm_claim
 .text.time_us_64
                0x0000000010001e78       0x14 CMakeFiles/Engine.dir/home/jose/pico/pico-sdk/src/rp2_common/hardware_timer/timer.c.obj
                0x0000000010001e78                time_us_64
 .text.hardware_alarm_set_callback
                0x0000000010001e8c       0x8c CMakeFiles/Engine.dir/home/jose/pico/pico-sdk/src/rp2_common/hardware_timer/timer.c.obj
                0x0000000010001e8c                hardware_alarm_set_callback
 .text.hardware_alarm_set_target
                0x0000000010001f18       0xe4 CMakeFiles/Engine.dir/home/jose/pico/pico-sdk/src/rp2_common/hardware_timer/timer.c.obj
                0x0000000010001f18                hardware_alarm_set_target
 .text.hardware_alarm_cancel
                0x0000000010001ffc       0x40 CMakeFiles/Engine.dir/home/jose/pico/pico-sdk/src/rp2_common/hardware_timer/timer.c.obj
                0x0000000010001ffc                hardware_alarm_cancel
 .text.ph_merge_nodes
                0x000000001000203c       0x68 CMakeFiles/Engine.dir/home/jose/pico/pico-sdk/src/common/pico_util/pheap.c.obj
 .text.ph_post_alloc_init
                0x00000000100020a4       0x3c CMakeFiles/Engine.dir/home/jose/pico/pico-sdk/src/common/pico_util/pheap.c.obj
                0x00000000100020a4                ph_post_alloc_init
 .text.ph_merge_two_pass
                0x00000000100020e0       0x90 CMakeFiles/Engine.dir/home/jose/pico/pico-sdk/src/common/pico_util/pheap.c.obj
                0x00000000100020e0                ph_merge_two_pass
 .text.ph_remove_any_head
                0x0000000010002170      0x100 CMakeFiles/Engine.dir/home/jose/pico/pico-sdk/src/common/pico_util/pheap.c.obj
 .text.ph_remove_head
                0x0000000010002270      0x144 CMakeFiles/Engine.dir/home/jose/pico/pico-sdk/src/common/pico_util/pheap.c.obj
                0x0000000010002270                ph_remove_head
 .text.ph_remove_and_free_node
                0x00000000100023b4       0x7c CMakeFiles/Engine.dir/home/jose/pico/pico-sdk/src/common/pico_util/pheap.c.obj
                0x00000000100023b4                ph_remove_and_free_node
 .text.uart_init
                0x0000000010002430       0xe4 CMakeFiles/Engine.dir/home/jose/pico/pico-sdk/src/rp2_common/hardware_uart/uart.c.obj
                0x0000000010002430                uart_init
 .text.clocks_init
                0x0000000010002514      0x2bc CMakeFiles/Engine.dir/home/jose/pico/pico-sdk/src/rp2_common/hardware_clocks/clocks.c.obj
                0x0000000010002514                clocks_init
 .text.clock_get_hz
                0x00000000100027d0        0xc CMakeFiles/Engine.dir/home/jose/pico/pico-sdk/src/rp2_common/hardware_clocks/clocks.c.obj
                0x00000000100027d0                clock_get_hz
 .text.pll_init
                0x00000000100027dc       0xa8 CMakeFiles/Engine.dir/home/jose/pico/pico-sdk/src/rp2_common/hardware_pll/pll.c.obj
                0x00000000100027dc                pll_init
 .text.watchdog_start_tick
                0x0000000010002884       0x10 CMakeFiles/Engine.dir/home/jose/pico/pico-sdk/src/rp2_common/hardware_watchdog/watchdog.c.obj
                0x0000000010002884                watchdog_start_tick
 .text.watchdog_reboot
                0x0000000010002894       0x98 CMakeFiles/Engine.dir/home/jose/pico/pico-sdk/src/rp2_common/hardware_watchdog/watchdog.c.obj
                0x0000000010002894                watchdog_reboot
 .text.xosc_init
                0x000000001000292c       0x28 CMakeFiles/Engine.dir/home/jose/pico/pico-sdk/src/rp2_common/hardware_xosc/xosc.c.obj
                0x000000001000292c                xosc_init
 .text.runtime_init
                0x0000000010002954       0xf0 CMakeFiles/Engine.dir/home/jose/pico/pico-sdk/src/rp2_common/pico_runtime/runtime.c.obj
                0x0000000010002954                runtime_init
 .text._exit    0x0000000010002a44        0x4 CMakeFiles/Engine.dir/home/jose/pico/pico-sdk/src/rp2_common/pico_runtime/runtime.c.obj
                0x0000000010002a44                _exit
 .text._sbrk    0x0000000010002a48       0x34 CMakeFiles/Engine.dir/home/jose/pico/pico-sdk/src/rp2_common/pico_runtime/runtime.c.obj
                0x0000000010002a48                _sbrk
 .text._gettimeofday
                0x0000000010002a7c       0x40 CMakeFiles/Engine.dir/home/jose/pico/pico-sdk/src/rp2_common/pico_runtime/runtime.c.obj
                0x0000000010002a7c                _gettimeofday
 .text.exit     0x0000000010002abc        0x8 CMakeFiles/Engine.dir/home/jose/pico/pico-sdk/src/rp2_common/pico_runtime/runtime.c.obj
                0x0000000010002abc                exit
 .text.panic    0x0000000010002ac4       0x30 CMakeFiles/Engine.dir/home/jose/pico/pico-sdk/src/rp2_common/pico_runtime/runtime.c.obj
                0x0000000010002ac4                panic
 .text.panic_unsupported
                0x0000000010002af4        0xc CMakeFiles/Engine.dir/home/jose/pico/pico-sdk/src/rp2_common/pico_runtime/runtime.c.obj
                0x0000000010002af4                panic_unsupported
 .text.hard_assertion_failure
                0x0000000010002b00        0xc CMakeFiles/Engine.dir/home/jose/pico/pico-sdk/src/rp2_common/pico_runtime/runtime.c.obj
                0x0000000010002b00                hard_assertion_failure
 .text._out_buffer
                0x0000000010002b0c        0x8 CMakeFiles/Engine.dir/home/jose/pico/pico-sdk/src/rp2_common/pico_printf/printf.c.obj
 .text._out_null
                0x0000000010002b14        0x4 CMakeFiles/Engine.dir/home/jose/pico/pico-sdk/src/rp2_common/pico_printf/printf.c.obj
 .text._out_rev
                0x0000000010002b18       0xd0 CMakeFiles/Engine.dir/home/jose/pico/pico-sdk/src/rp2_common/pico_printf/printf.c.obj
 .text._ntoa_format
                0x0000000010002be8      0x1d0 CMakeFiles/Engine.dir/home/jose/pico/pico-sdk/src/rp2_common/pico_printf/printf.c.obj
 .text._out_char
                0x0000000010002db8       0x10 CMakeFiles/Engine.dir/home/jose/pico/pico-sdk/src/rp2_common/pico_printf/printf.c.obj
 .text._out_fct
                0x0000000010002dc8       0x10 CMakeFiles/Engine.dir/home/jose/pico/pico-sdk/src/rp2_common/pico_printf/printf.c.obj
 .text._etoa    0x0000000010002dd8      0x478 CMakeFiles/Engine.dir/home/jose/pico/pico-sdk/src/rp2_common/pico_printf/printf.c.obj
 .text._ftoa    0x0000000010003250      0x3e0 CMakeFiles/Engine.dir/home/jose/pico/pico-sdk/src/rp2_common/pico_printf/printf.c.obj
 .text._vsnprintf
                0x0000000010003630      0xb08 CMakeFiles/Engine.dir/home/jose/pico/pico-sdk/src/rp2_common/pico_printf/printf.c.obj
 .text.__wrap_sprintf
                0x0000000010004138       0x28 CMakeFiles/Engine.dir/home/jose/pico/pico-sdk/src/rp2_common/pico_printf/printf.c.obj
                0x0000000010004138                __wrap_sprintf
 .text.vfctprintf
                0x0000000010004160       0x20 CMakeFiles/Engine.dir/home/jose/pico/pico-sdk/src/rp2_common/pico_printf/printf.c.obj
                0x0000000010004160                vfctprintf
 .text.weak_raw_vprintf
                0x0000000010004180       0x30 CMakeFiles/Engine.dir/home/jose/pico/pico-sdk/src/rp2_common/pico_printf/printf.c.obj
                0x0000000010004180                weak_raw_vprintf
 .text          0x00000000100041b0       0x10 CMakeFiles/Engine.dir/home/jose/pico/pico-sdk/src/rp2_common/pico_bit_ops/bit_ops_aeabi.S.obj
 .text.rom_func_lookup
                0x00000000100041c0       0x10 CMakeFiles/Engine.dir/home/jose/pico/pico-sdk/src/rp2_common/pico_bootrom/bootrom.c.obj
                0x00000000100041c0                rom_func_lookup
 .text.rom_data_lookup
                0x00000000100041d0       0x10 CMakeFiles/Engine.dir/home/jose/pico/pico-sdk/src/rp2_common/pico_bootrom/bootrom.c.obj
                0x00000000100041d0                rom_data_lookup
 .text.rom_funcs_lookup
                0x00000000100041e0       0x3c CMakeFiles/Engine.dir/home/jose/pico/pico-sdk/src/rp2_common/pico_bootrom/bootrom.c.obj
                0x00000000100041e0                rom_funcs_lookup
 .text.__wrap___aeabi_idiv
                0x000000001000421c       0x50 CMakeFiles/Engine.dir/home/jose/pico/pico-sdk/src/rp2_common/pico_divider/divider.S.obj
                0x000000001000421c                __wrap___aeabi_idivmod
                0x000000001000421c                divmod_s32s32
                0x000000001000421c                div_s32s32
                0x000000001000421c                __wrap___aeabi_idiv
                0x0000000010004224                divmod_s32s32_unsafe
                0x0000000010004250                divmod_s32s32_savestate
 .text.__wrap___aeabi_uidiv
                0x000000001000426c       0x4c CMakeFiles/Engine.dir/home/jose/pico/pico-sdk/src/rp2_common/pico_divider/divider.S.obj
                0x000000001000426c                __wrap___aeabi_uidiv
                0x000000001000426c                __wrap___aeabi_uidivmod
                0x000000001000426c                div_u32u32
                0x000000001000426c                divmod_u32u32
                0x0000000010004274                divmod_u32u32_unsafe
                0x000000001000429c                divmod_u32u32_savestate
 .text.__wrap___aeabi_ldiv
                0x00000000100042b8      0x424 CMakeFiles/Engine.dir/home/jose/pico/pico-sdk/src/rp2_common/pico_divider/divider.S.obj
                0x00000000100042b8                div_s64s64
                0x00000000100042b8                divmod_s64s64
                0x00000000100042b8                __wrap___aeabi_ldivmod
                0x00000000100042e8                div_u64u64
                0x00000000100042e8                divmod_u64u64
                0x00000000100042e8                __wrap___aeabi_uldivmod
                0x00000000100042f8                divmod_u64u64_savestate
                0x0000000010004318                divmod_s64s64_unsafe
                0x00000000100043a0                divmod_u64u64_unsafe
 .text.__wrap___aeabi_darithmetic
                0x00000000100046dc       0x80 CMakeFiles/Engine.dir/home/jose/pico/pico-sdk/src/rp2_common/pico_double/double_aeabi.S.obj
                0x00000000100046dc                __wrap___aeabi_drsub
                0x00000000100046e2                __wrap___aeabi_dsub
                0x00000000100046f4                __wrap___aeabi_dadd
                0x0000000010004706                __wrap___aeabi_ddiv
                0x0000000010004742                __wrap___aeabi_dmul
 .text.__wrap___aeabi_cdcmple
                0x000000001000475c       0x6c CMakeFiles/Engine.dir/home/jose/pico/pico-sdk/src/rp2_common/pico_double/double_aeabi.S.obj
                0x000000001000475c                __wrap___aeabi_cdrcmple
                0x000000001000476c                __wrap___aeabi_cdcmple
                0x000000001000476c                __wrap___aeabi_cdcmpeq
 .text.__wrap___aeabi_dcmplt
                0x00000000100047c8        0xc CMakeFiles/Engine.dir/home/jose/pico/pico-sdk/src/rp2_common/pico_double/double_aeabi.S.obj
                0x00000000100047c8                __wrap___aeabi_dcmplt
 .text.__wrap___aeabi_dcmple
                0x00000000100047d4       0x10 CMakeFiles/Engine.dir/home/jose/pico/pico-sdk/src/rp2_common/pico_double/double_aeabi.S.obj
                0x00000000100047d4                __wrap___aeabi_dcmple
 .text.__wrap___aeabi_dcmpge
                0x00000000100047e4       0x10 CMakeFiles/Engine.dir/home/jose/pico/pico-sdk/src/rp2_common/pico_double/double_aeabi.S.obj
                0x00000000100047e4                __wrap___aeabi_dcmpge
 .text.__wrap___aeabi_dcmpgt
                0x00000000100047f4        0xa CMakeFiles/Engine.dir/home/jose/pico/pico-sdk/src/rp2_common/pico_double/double_aeabi.S.obj
                0x00000000100047f4                __wrap___aeabi_dcmpgt
 .text.__wrap___aeabi_dcmpun
                0x00000000100047fe       0x1c CMakeFiles/Engine.dir/home/jose/pico/pico-sdk/src/rp2_common/pico_double/double_aeabi.S.obj
                0x00000000100047fe                __wrap___aeabi_dcmpun
 *fill*         0x000000001000481a        0x2 
 .text.__wrap___aeabi_i2d
                0x000000001000481c       0x38 CMakeFiles/Engine.dir/home/jose/pico/pico-sdk/src/rp2_common/pico_double/double_aeabi.S.obj
                0x000000001000481c                __wrap___aeabi_ui2d
                0x0000000010004824                __wrap___aeabi_i2d
 .text.__wrap___aeabi_d2iz
                0x0000000010004854       0x48 CMakeFiles/Engine.dir/home/jose/pico/pico-sdk/src/rp2_common/pico_double/double_aeabi.S.obj
                0x0000000010004854                __wrap___aeabi_d2iz
                0x0000000010004854                double2int_z
 .text.__wrap___aeabi_d2uiz
                0x000000001000489c       0x18 CMakeFiles/Engine.dir/home/jose/pico/pico-sdk/src/rp2_common/pico_double/double_aeabi.S.obj
                0x000000001000489c                double2uint
                0x000000001000489c                __wrap___aeabi_d2uiz
 .text.__wrap___aeabi_d2f
                0x00000000100048b4       0x18 CMakeFiles/Engine.dir/home/jose/pico/pico-sdk/src/rp2_common/pico_double/double_aeabi.S.obj
                0x00000000100048b4                __wrap___aeabi_d2f
 .text.__aeabi_double_init
                0x00000000100048cc       0xc0 CMakeFiles/Engine.dir/home/jose/pico/pico-sdk/src/rp2_common/pico_double/double_init_rom.c.obj
                0x00000000100048cc                __aeabi_double_init
 .text.double_table_shim_on_use_helper
                0x000000001000498c       0x2c CMakeFiles/Engine.dir/home/jose/pico/pico-sdk/src/rp2_common/pico_double/double_v1_rom_shim.S.obj
                0x000000001000498c                double_table_shim_on_use_helper
 .text.__wrap___aeabi_dsub
                0x00000000100049b8       0x10 CMakeFiles/Engine.dir/home/jose/pico/pico-sdk/src/rp2_common/pico_double/double_v1_rom_shim.S.obj
                0x00000000100049b8                drsub_shim
                0x00000000100049be                dsub_shim
 .text.dadd_shim
                0x00000000100049c8      0x15c CMakeFiles/Engine.dir/home/jose/pico/pico-sdk/src/rp2_common/pico_double/double_v1_rom_shim.S.obj
                0x00000000100049c8                dadd_shim
 .text.dmul_shim
                0x0000000010004b24      0x15c CMakeFiles/Engine.dir/home/jose/pico/pico-sdk/src/rp2_common/pico_double/double_v1_rom_shim.S.obj
                0x0000000010004b24                dmul_shim
 .text.ddiv_shim
                0x0000000010004c80      0x1b0 CMakeFiles/Engine.dir/home/jose/pico/pico-sdk/src/rp2_common/pico_double/double_v1_rom_shim.S.obj
                0x0000000010004c80                ddiv_shim
 .text.double2uint_shim
                0x0000000010004e30        0xe CMakeFiles/Engine.dir/home/jose/pico/pico-sdk/src/rp2_common/pico_double/double_v1_rom_shim.S.obj
                0x0000000010004e30                double2uint_shim
                0x0000000010004e32                double2ufix_shim
 *fill*         0x0000000010004e3e        0x2 
 .text.double2uint64_shim
                0x0000000010004e40       0x70 CMakeFiles/Engine.dir/home/jose/pico/pico-sdk/src/rp2_common/pico_double/double_v1_rom_shim.S.obj
                0x0000000010004e40                double2uint64_shim
                0x0000000010004e42                double2ufix64_shim
                0x0000000010004e62                d2fix_a
 .text.double2float_shim
                0x0000000010004eb0       0x5c CMakeFiles/Engine.dir/home/jose/pico/pico-sdk/src/rp2_common/pico_double/double_v1_rom_shim.S.obj
                0x0000000010004eb0                double2float_shim
 .text.dunpacks
                0x0000000010004f0c       0x3c CMakeFiles/Engine.dir/home/jose/pico/pico-sdk/src/rp2_common/pico_double/double_v1_rom_shim.S.obj
                0x0000000010004f0c                dunpacks
 .text.__aeabi_lmul
                0x0000000010004f48       0x32 CMakeFiles/Engine.dir/home/jose/pico/pico-sdk/src/rp2_common/pico_int64_ops/pico_int64_ops_aeabi.S.obj
                0x0000000010004f48                __wrap___aeabi_lmul
 *fill*         0x0000000010004f7a        0x2 
 .text.__wrap___aeabi_farithmetic
                0x0000000010004f7c       0x48 CMakeFiles/Engine.dir/home/jose/pico/pico-sdk/src/rp2_common/pico_float/float_aeabi.S.obj
                0x0000000010004f7c                __wrap___aeabi_frsub
                0x0000000010004f82                __wrap___aeabi_fsub
                0x0000000010004f88                __wrap___aeabi_fadd
                0x0000000010004f8e                __wrap___aeabi_fdiv
                0x0000000010004fb6                __wrap___aeabi_fmul
 .text.__wrap___aeabi_cfcmple
                0x0000000010004fc4       0x50 CMakeFiles/Engine.dir/home/jose/pico/pico-sdk/src/rp2_common/pico_float/float_aeabi.S.obj
                0x0000000010004fc4                __wrap___aeabi_cfrcmple
                0x0000000010004fd0                __wrap___aeabi_cfcmpeq
                0x0000000010004fd0                __wrap___aeabi_cfcmple
 .text.__wrap___aeabi_fcmple
                0x0000000010005014       0x10 CMakeFiles/Engine.dir/home/jose/pico/pico-sdk/src/rp2_common/pico_float/float_aeabi.S.obj
                0x0000000010005014                __wrap___aeabi_fcmple
 .text.__wrap___aeabi_fcmpge
                0x0000000010005024       0x10 CMakeFiles/Engine.dir/home/jose/pico/pico-sdk/src/rp2_common/pico_float/float_aeabi.S.obj
                0x0000000010005024                __wrap___aeabi_fcmpge
 .text.__wrap___aeabi_fcmpgt
                0x0000000010005034        0xa CMakeFiles/Engine.dir/home/jose/pico/pico-sdk/src/rp2_common/pico_float/float_aeabi.S.obj
                0x0000000010005034                __wrap___aeabi_fcmpgt
 *fill*         0x000000001000503e        0x2 
 .text.__wrap___aeabi_i2f
                0x0000000010005040       0x44 CMakeFiles/Engine.dir/home/jose/pico/pico-sdk/src/rp2_common/pico_float/float_aeabi.S.obj
                0x0000000010005040                __wrap___aeabi_i2f
 .text.__wrap___aeabi_f2iz
                0x0000000010005084       0x4e CMakeFiles/Engine.dir/home/jose/pico/pico-sdk/src/rp2_common/pico_float/float_aeabi.S.obj
                0x0000000010005084                __wrap___aeabi_f2iz
                0x0000000010005084                float2int_z
 *fill*         0x00000000100050d2        0x2 
 .text.float2int
                0x00000000100050d4       0x14 CMakeFiles/Engine.dir/home/jose/pico/pico-sdk/src/rp2_common/pico_float/float_aeabi.S.obj
                0x00000000100050d4                float2int
 .text.__wrap___aeabi_f2uiz
                0x00000000100050e8        0xc CMakeFiles/Engine.dir/home/jose/pico/pico-sdk/src/rp2_common/pico_float/float_aeabi.S.obj
                0x00000000100050e8                __wrap___aeabi_f2uiz
 .text.__wrap___aeabi_f2d
                0x00000000100050f4       0x14 CMakeFiles/Engine.dir/home/jose/pico/pico-sdk/src/rp2_common/pico_float/float_aeabi.S.obj
                0x00000000100050f4                __wrap___aeabi_f2d
 .text.__aeabi_float_init
                0x0000000010005108       0x64 CMakeFiles/Engine.dir/home/jose/pico/pico-sdk/src/rp2_common/pico_float/float_init_rom.c.obj
                0x0000000010005108                __aeabi_float_init
 .text.float_table_shim_on_use_helper
                0x000000001000516c       0x2c CMakeFiles/Engine.dir/home/jose/pico/pico-sdk/src/rp2_common/pico_float/float_v1_rom_shim.S.obj
                0x000000001000516c                float_table_shim_on_use_helper
 .text.float232_shims
                0x0000000010005198       0x18 CMakeFiles/Engine.dir/home/jose/pico/pico-sdk/src/rp2_common/pico_float/float_v1_rom_shim.S.obj
                0x0000000010005198                float2int_shim
                0x000000001000519a                float2fix_shim
 .text.float2double_shim
                0x00000000100051b0       0x30 CMakeFiles/Engine.dir/home/jose/pico/pico-sdk/src/rp2_common/pico_float/float_v1_rom_shim.S.obj
                0x00000000100051b0                float2double_shim
 .text.__wrap_malloc
                0x00000000100051e0       0x3c CMakeFiles/Engine.dir/home/jose/pico/pico-sdk/src/rp2_common/pico_malloc/pico_malloc.c.obj
                0x00000000100051e0                __wrap_malloc
 .text.__wrap_free
                0x000000001000521c       0x20 CMakeFiles/Engine.dir/home/jose/pico/pico-sdk/src/rp2_common/pico_malloc/pico_malloc.c.obj
                0x000000001000521c                __wrap_free
 .text          0x000000001000523c       0x10 CMakeFiles/Engine.dir/home/jose/pico/pico-sdk/src/rp2_common/pico_mem_ops/mem_ops_aeabi.S.obj
                0x000000001000523c                __aeabi_mem_init
 .text.memset   0x000000001000524c        0xc CMakeFiles/Engine.dir/home/jose/pico/pico-sdk/src/rp2_common/pico_mem_ops/mem_ops_aeabi.S.obj
                0x000000001000524c                __wrap_memset
 .text.memcpy   0x0000000010005258        0xc CMakeFiles/Engine.dir/home/jose/pico/pico-sdk/src/rp2_common/pico_mem_ops/mem_ops_aeabi.S.obj
                0x0000000010005258                __wrap___aeabi_memcpy
                0x0000000010005258                __wrap_memcpy
 .text.stdio_out_chars_no_crlf
                0x0000000010005264       0x10 CMakeFiles/Engine.dir/home/jose/pico/pico-sdk/src/rp2_common/pico_stdio/stdio.c.obj
 .text.stdio_out_chars_crlf
                0x0000000010005274       0x94 CMakeFiles/Engine.dir/home/jose/pico/pico-sdk/src/rp2_common/pico_stdio/stdio.c.obj
 .text.stdio_buffered_printer
                0x0000000010005308       0x64 CMakeFiles/Engine.dir/home/jose/pico/pico-sdk/src/rp2_common/pico_stdio/stdio.c.obj
 .text.stdio_put_string
                0x000000001000536c      0x104 CMakeFiles/Engine.dir/home/jose/pico/pico-sdk/src/rp2_common/pico_stdio/stdio.c.obj
 .text.__wrap_putchar
                0x0000000010005470       0x98 CMakeFiles/Engine.dir/home/jose/pico/pico-sdk/src/rp2_common/pico_stdio/stdio.c.obj
                0x0000000010005470                __wrap_putchar
 .text.__wrap_puts
                0x0000000010005508       0x3c CMakeFiles/Engine.dir/home/jose/pico/pico-sdk/src/rp2_common/pico_stdio/stdio.c.obj
                0x0000000010005508                __wrap_puts
 .text.stdio_set_driver_enabled
                0x0000000010005544       0x30 CMakeFiles/Engine.dir/home/jose/pico/pico-sdk/src/rp2_common/pico_stdio/stdio.c.obj
                0x0000000010005544                stdio_set_driver_enabled
 .text.__wrap_vprintf
                0x0000000010005574       0xd8 CMakeFiles/Engine.dir/home/jose/pico/pico-sdk/src/rp2_common/pico_stdio/stdio.c.obj
                0x0000000010005574                __wrap_vprintf
 .text.__wrap_printf
                0x000000001000564c       0x18 CMakeFiles/Engine.dir/home/jose/pico/pico-sdk/src/rp2_common/pico_stdio/stdio.c.obj
                0x000000001000564c                __wrap_printf
 .text.stdio_init_all
                0x0000000010005664        0x8 CMakeFiles/Engine.dir/home/jose/pico/pico-sdk/src/rp2_common/pico_stdio/stdio.c.obj
                0x0000000010005664                stdio_init_all
 .text.resetd_init
                0x000000001000566c        0x4 CMakeFiles/Engine.dir/home/jose/pico/pico-sdk/src/rp2_common/pico_stdio_usb/reset_interface.c.obj
 .text.resetd_reset
                0x0000000010005670        0xc CMakeFiles/Engine.dir/home/jose/pico/pico-sdk/src/rp2_common/pico_stdio_usb/reset_interface.c.obj
 .text.resetd_open
                0x000000001000567c       0x28 CMakeFiles/Engine.dir/home/jose/pico/pico-sdk/src/rp2_common/pico_stdio_usb/reset_interface.c.obj
 .text.resetd_xfer_cb
                0x00000000100056a4        0x4 CMakeFiles/Engine.dir/home/jose/pico/pico-sdk/src/rp2_common/pico_stdio_usb/reset_interface.c.obj
 .text.resetd_control_xfer_cb
                0x00000000100056a8       0x64 CMakeFiles/Engine.dir/home/jose/pico/pico-sdk/src/rp2_common/pico_stdio_usb/reset_interface.c.obj
 .text.usbd_app_driver_get_cb
                0x000000001000570c        0xc CMakeFiles/Engine.dir/home/jose/pico/pico-sdk/src/rp2_common/pico_stdio_usb/reset_interface.c.obj
                0x000000001000570c                usbd_app_driver_get_cb
 .text.tud_cdc_line_coding_cb
                0x0000000010005718       0x34 CMakeFiles/Engine.dir/home/jose/pico/pico-sdk/src/rp2_common/pico_stdio_usb/reset_interface.c.obj
                0x0000000010005718                tud_cdc_line_coding_cb
 .text.stdio_usb_set_chars_available_callback
                0x000000001000574c       0x14 CMakeFiles/Engine.dir/home/jose/pico/pico-sdk/src/rp2_common/pico_stdio_usb/stdio_usb.c.obj
                0x000000001000574c                stdio_usb_set_chars_available_callback
 .text.usb_irq  0x0000000010005760       0x10 CMakeFiles/Engine.dir/home/jose/pico/pico-sdk/src/rp2_common/pico_stdio_usb/stdio_usb.c.obj
 .text.timer_task
                0x0000000010005770       0x54 CMakeFiles/Engine.dir/home/jose/pico/pico-sdk/src/rp2_common/pico_stdio_usb/stdio_usb.c.obj
 .text.stdio_usb_in_chars
                0x00000000100057c4       0x90 CMakeFiles/Engine.dir/home/jose/pico/pico-sdk/src/rp2_common/pico_stdio_usb/stdio_usb.c.obj
                0x00000000100057c4                stdio_usb_in_chars
 .text.stdio_usb_out_chars
                0x0000000010005854      0x100 CMakeFiles/Engine.dir/home/jose/pico/pico-sdk/src/rp2_common/pico_stdio_usb/stdio_usb.c.obj
 .text.low_priority_worker_irq
                0x0000000010005954       0xa8 CMakeFiles/Engine.dir/home/jose/pico/pico-sdk/src/rp2_common/pico_stdio_usb/stdio_usb.c.obj
 .text.tud_cdc_rx_cb
                0x00000000100059fc       0x20 CMakeFiles/Engine.dir/home/jose/pico/pico-sdk/src/rp2_common/pico_stdio_usb/stdio_usb.c.obj
                0x00000000100059fc                tud_cdc_rx_cb
 .text.stdio_usb_init
                0x0000000010005a1c       0xdc CMakeFiles/Engine.dir/home/jose/pico/pico-sdk/src/rp2_common/pico_stdio_usb/stdio_usb.c.obj
                0x0000000010005a1c                stdio_usb_init
 .text.tud_descriptor_device_cb
                0x0000000010005af8        0x8 CMakeFiles/Engine.dir/home/jose/pico/pico-sdk/src/rp2_common/pico_stdio_usb/stdio_usb_descriptors.c.obj
                0x0000000010005af8                tud_descriptor_device_cb
 .text.tud_descriptor_configuration_cb
                0x0000000010005b00        0x8 CMakeFiles/Engine.dir/home/jose/pico/pico-sdk/src/rp2_common/pico_stdio_usb/stdio_usb_descriptors.c.obj
                0x0000000010005b00                tud_descriptor_configuration_cb
 .text.tud_descriptor_string_cb
                0x0000000010005b08       0x70 CMakeFiles/Engine.dir/home/jose/pico/pico-sdk/src/rp2_common/pico_stdio_usb/stdio_usb_descriptors.c.obj
                0x0000000010005b08                tud_descriptor_string_cb
 .text.startup._retrieve_unique_id_on_boot
                0x0000000010005b78       0x10 CMakeFiles/Engine.dir/home/jose/pico/pico-sdk/src/rp2_common/pico_unique_id/unique_id.c.obj
 .text.pico_get_unique_board_id_string
                0x0000000010005b88      0x1bc CMakeFiles/Engine.dir/home/jose/pico/pico-sdk/src/rp2_common/pico_unique_id/unique_id.c.obj
                0x0000000010005b88                pico_get_unique_board_id_string
 .text.flash_get_unique_id
                0x0000000010005d44       0x40 CMakeFiles/Engine.dir/home/jose/pico/pico-sdk/src/rp2_common/hardware_flash/flash.c.obj
                0x0000000010005d44                flash_get_unique_id
 .text.dcd_int_enable
                0x0000000010005d84        0xc CMakeFiles/Engine.dir/home/jose/pico/pico-sdk/lib/tinyusb/src/portable/raspberrypi/rp2040/dcd_rp2040.c.obj
                0x0000000010005d84                dcd_int_enable
 .text.dcd_set_address
                0x0000000010005d90       0x14 CMakeFiles/Engine.dir/home/jose/pico/pico-sdk/lib/tinyusb/src/portable/raspberrypi/rp2040/dcd_rp2040.c.obj
                0x0000000010005d90                dcd_set_address
 .text.dcd_connect
                0x0000000010005da4       0x10 CMakeFiles/Engine.dir/home/jose/pico/pico-sdk/lib/tinyusb/src/portable/raspberrypi/rp2040/dcd_rp2040.c.obj
                0x0000000010005da4                dcd_connect
 .text.dcd_init
                0x0000000010005db4       0x9c CMakeFiles/Engine.dir/home/jose/pico/pico-sdk/lib/tinyusb/src/portable/raspberrypi/rp2040/dcd_rp2040.c.obj
                0x0000000010005db4                dcd_init
 .text.dcd_edpt0_status_complete
                0x0000000010005e50       0x1c CMakeFiles/Engine.dir/home/jose/pico/pico-sdk/lib/tinyusb/src/portable/raspberrypi/rp2040/dcd_rp2040.c.obj
                0x0000000010005e50                dcd_edpt0_status_complete
 .text.dcd_edpt_open
                0x0000000010005e6c      0x108 CMakeFiles/Engine.dir/home/jose/pico/pico-sdk/lib/tinyusb/src/portable/raspberrypi/rp2040/dcd_rp2040.c.obj
                0x0000000010005e6c                dcd_edpt_open
 .text.dcd_edpt_close_all
                0x0000000010005f74        0x8 CMakeFiles/Engine.dir/home/jose/pico/pico-sdk/lib/tinyusb/src/portable/raspberrypi/rp2040/dcd_rp2040.c.obj
                0x0000000010005f74                dcd_edpt_close_all
 .text.dcd_edpt_xfer
                0x0000000010005f7c       0x24 CMakeFiles/Engine.dir/home/jose/pico/pico-sdk/lib/tinyusb/src/portable/raspberrypi/rp2040/dcd_rp2040.c.obj
                0x0000000010005f7c                dcd_edpt_xfer
 .text.dcd_edpt_stall
                0x0000000010005fa0       0x38 CMakeFiles/Engine.dir/home/jose/pico/pico-sdk/lib/tinyusb/src/portable/raspberrypi/rp2040/dcd_rp2040.c.obj
                0x0000000010005fa0                dcd_edpt_stall
 .text.dcd_edpt_clear_stall
                0x0000000010005fd8       0x30 CMakeFiles/Engine.dir/home/jose/pico/pico-sdk/lib/tinyusb/src/portable/raspberrypi/rp2040/dcd_rp2040.c.obj
                0x0000000010005fd8                dcd_edpt_clear_stall
 .text.rp2040_usb_init
                0x0000000010006008       0x4c CMakeFiles/Engine.dir/home/jose/pico/pico-sdk/lib/tinyusb/src/portable/raspberrypi/rp2040/rp2040_usb.c.obj
                0x0000000010006008                rp2040_usb_init
 .text.hw_endpoint_xfer_start
                0x0000000010006054       0x54 CMakeFiles/Engine.dir/home/jose/pico/pico-sdk/lib/tinyusb/src/portable/raspberrypi/rp2040/rp2040_usb.c.obj
                0x0000000010006054                hw_endpoint_xfer_start
 .text.tud_mounted
                0x00000000100060a8       0x10 CMakeFiles/Engine.dir/home/jose/pico/pico-sdk/lib/tinyusb/src/device/usbd.c.obj
                0x00000000100060a8                tud_mounted
 .text.tud_suspended
                0x00000000100060b8       0x10 CMakeFiles/Engine.dir/home/jose/pico/pico-sdk/lib/tinyusb/src/device/usbd.c.obj
                0x00000000100060b8                tud_suspended
 .text.tud_inited
                0x00000000100060c8       0x14 CMakeFiles/Engine.dir/home/jose/pico/pico-sdk/lib/tinyusb/src/device/usbd.c.obj
                0x00000000100060c8                tud_inited
 .text.tud_init
                0x00000000100060dc       0xe4 CMakeFiles/Engine.dir/home/jose/pico/pico-sdk/lib/tinyusb/src/device/usbd.c.obj
                0x00000000100060dc                tud_init
 .text.tud_task_ext
                0x00000000100061c0      0x858 CMakeFiles/Engine.dir/home/jose/pico/pico-sdk/lib/tinyusb/src/device/usbd.c.obj
                0x00000000100061c0                tud_task_ext
 .text.usbd_open_edpt_pair
                0x0000000010006a18       0x9c CMakeFiles/Engine.dir/home/jose/pico/pico-sdk/lib/tinyusb/src/device/usbd.c.obj
                0x0000000010006a18                usbd_open_edpt_pair
 .text.usbd_defer_func
                0x0000000010006ab4       0x4c CMakeFiles/Engine.dir/home/jose/pico/pico-sdk/lib/tinyusb/src/device/usbd.c.obj
                0x0000000010006ab4                usbd_defer_func
 .text.usbd_edpt_open
                0x0000000010006b00       0x34 CMakeFiles/Engine.dir/home/jose/pico/pico-sdk/lib/tinyusb/src/device/usbd.c.obj
                0x0000000010006b00                usbd_edpt_open
 .text.usbd_edpt_claim
                0x0000000010006b34       0x28 CMakeFiles/Engine.dir/home/jose/pico/pico-sdk/lib/tinyusb/src/device/usbd.c.obj
                0x0000000010006b34                usbd_edpt_claim
 .text.usbd_edpt_release
                0x0000000010006b5c       0x28 CMakeFiles/Engine.dir/home/jose/pico/pico-sdk/lib/tinyusb/src/device/usbd.c.obj
                0x0000000010006b5c                usbd_edpt_release
 .text.usbd_edpt_xfer
                0x0000000010006b84       0x4c CMakeFiles/Engine.dir/home/jose/pico/pico-sdk/lib/tinyusb/src/device/usbd.c.obj
                0x0000000010006b84                usbd_edpt_xfer
 .text.tud_control_status
                0x0000000010006bd0       0x30 CMakeFiles/Engine.dir/home/jose/pico/pico-sdk/lib/tinyusb/src/device/usbd_control.c.obj
                0x0000000010006bd0                tud_control_status
 .text.tud_control_xfer
                0x0000000010006c00       0xb8 CMakeFiles/Engine.dir/home/jose/pico/pico-sdk/lib/tinyusb/src/device/usbd_control.c.obj
                0x0000000010006c00                tud_control_xfer
 .text.usbd_control_reset
                0x0000000010006cb8       0x14 CMakeFiles/Engine.dir/home/jose/pico/pico-sdk/lib/tinyusb/src/device/usbd_control.c.obj
                0x0000000010006cb8                usbd_control_reset
 .text.usbd_control_set_complete_callback
                0x0000000010006ccc        0xc CMakeFiles/Engine.dir/home/jose/pico/pico-sdk/lib/tinyusb/src/device/usbd_control.c.obj
                0x0000000010006ccc                usbd_control_set_complete_callback
 .text.usbd_control_set_request
                0x0000000010006cd8       0x1c CMakeFiles/Engine.dir/home/jose/pico/pico-sdk/lib/tinyusb/src/device/usbd_control.c.obj
                0x0000000010006cd8                usbd_control_set_request
 .text.usbd_control_xfer_cb
                0x0000000010006cf4       0xf8 CMakeFiles/Engine.dir/home/jose/pico/pico-sdk/lib/tinyusb/src/device/usbd_control.c.obj
                0x0000000010006cf4                usbd_control_xfer_cb
 .text.tud_cdc_n_connected
                0x0000000010006dec       0x30 CMakeFiles/Engine.dir/home/jose/pico/pico-sdk/lib/tinyusb/src/class/cdc/cdc_device.c.obj
                0x0000000010006dec                tud_cdc_n_connected
 .text.tud_cdc_n_available
                0x0000000010006e1c       0x18 CMakeFiles/Engine.dir/home/jose/pico/pico-sdk/lib/tinyusb/src/class/cdc/cdc_device.c.obj
                0x0000000010006e1c                tud_cdc_n_available
 .text.tud_cdc_n_read
                0x0000000010006e34       0x70 CMakeFiles/Engine.dir/home/jose/pico/pico-sdk/lib/tinyusb/src/class/cdc/cdc_device.c.obj
                0x0000000010006e34                tud_cdc_n_read
 .text.tud_cdc_n_write_flush
                0x0000000010006ea4       0x78 CMakeFiles/Engine.dir/home/jose/pico/pico-sdk/lib/tinyusb/src/class/cdc/cdc_device.c.obj
                0x0000000010006ea4                tud_cdc_n_write_flush
 .text.tud_cdc_n_write
                0x0000000010006f1c       0x34 CMakeFiles/Engine.dir/home/jose/pico/pico-sdk/lib/tinyusb/src/class/cdc/cdc_device.c.obj
                0x0000000010006f1c                tud_cdc_n_write
 .text.tud_cdc_n_write_available
                0x0000000010006f50       0x18 CMakeFiles/Engine.dir/home/jose/pico/pico-sdk/lib/tinyusb/src/class/cdc/cdc_device.c.obj
                0x0000000010006f50                tud_cdc_n_write_available
 .text.cdcd_init
                0x0000000010006f68       0x7c CMakeFiles/Engine.dir/home/jose/pico/pico-sdk/lib/tinyusb/src/class/cdc/cdc_device.c.obj
                0x0000000010006f68                cdcd_init
 .text.cdcd_reset
                0x0000000010006fe4       0x2c CMakeFiles/Engine.dir/home/jose/pico/pico-sdk/lib/tinyusb/src/class/cdc/cdc_device.c.obj
                0x0000000010006fe4                cdcd_reset
 .text.cdcd_open
                0x0000000010007010       0xe8 CMakeFiles/Engine.dir/home/jose/pico/pico-sdk/lib/tinyusb/src/class/cdc/cdc_device.c.obj
                0x0000000010007010                cdcd_open
 .text.cdcd_control_xfer_cb
                0x00000000100070f8       0xe4 CMakeFiles/Engine.dir/home/jose/pico/pico-sdk/lib/tinyusb/src/class/cdc/cdc_device.c.obj
                0x00000000100070f8                cdcd_control_xfer_cb
 .text.cdcd_xfer_cb
                0x00000000100071dc      0x198 CMakeFiles/Engine.dir/home/jose/pico/pico-sdk/lib/tinyusb/src/class/cdc/cdc_device.c.obj
                0x00000000100071dc                cdcd_xfer_cb
 .text.tusb_init
                0x0000000010007374        0xc CMakeFiles/Engine.dir/home/jose/pico/pico-sdk/lib/tinyusb/src/tusb.c.obj
                0x0000000010007374                tusb_init
 .text.tusb_inited
                0x0000000010007380        0x8 CMakeFiles/Engine.dir/home/jose/pico/pico-sdk/lib/tinyusb/src/tusb.c.obj
                0x0000000010007380                tusb_inited
 .text.tu_edpt_claim
                0x0000000010007388       0x50 CMakeFiles/Engine.dir/home/jose/pico/pico-sdk/lib/tinyusb/src/tusb.c.obj
                0x0000000010007388                tu_edpt_claim
 .text.tu_edpt_release
                0x00000000100073d8       0x38 CMakeFiles/Engine.dir/home/jose/pico/pico-sdk/lib/tinyusb/src/tusb.c.obj
                0x00000000100073d8                tu_edpt_release
 .text.tu_edpt_validate
                0x0000000010007410       0x78 CMakeFiles/Engine.dir/home/jose/pico/pico-sdk/lib/tinyusb/src/tusb.c.obj
                0x0000000010007410                tu_edpt_validate
 .text.tu_edpt_bind_driver
                0x0000000010007488       0x34 CMakeFiles/Engine.dir/home/jose/pico/pico-sdk/lib/tinyusb/src/tusb.c.obj
                0x0000000010007488                tu_edpt_bind_driver
 .text.tu_fifo_config
                0x00000000100074bc       0x70 CMakeFiles/Engine.dir/home/jose/pico/pico-sdk/lib/tinyusb/src/common/tusb_fifo.c.obj
                0x00000000100074bc                tu_fifo_config
 .text.tu_fifo_count
                0x000000001000752c       0x2c CMakeFiles/Engine.dir/home/jose/pico/pico-sdk/lib/tinyusb/src/common/tusb_fifo.c.obj
                0x000000001000752c                tu_fifo_count
 .text.tu_fifo_empty
                0x0000000010007558       0x10 CMakeFiles/Engine.dir/home/jose/pico/pico-sdk/lib/tinyusb/src/common/tusb_fifo.c.obj
                0x0000000010007558                tu_fifo_empty
 .text.tu_fifo_remaining
                0x0000000010007568       0x2c CMakeFiles/Engine.dir/home/jose/pico/pico-sdk/lib/tinyusb/src/common/tusb_fifo.c.obj
                0x0000000010007568                tu_fifo_remaining
 .text.tu_fifo_read
                0x0000000010007594       0x9c CMakeFiles/Engine.dir/home/jose/pico/pico-sdk/lib/tinyusb/src/common/tusb_fifo.c.obj
                0x0000000010007594                tu_fifo_read
 .text.tu_fifo_read_n
                0x0000000010007630       0xf0 CMakeFiles/Engine.dir/home/jose/pico/pico-sdk/lib/tinyusb/src/common/tusb_fifo.c.obj
                0x0000000010007630                tu_fifo_read_n
 .text.tu_fifo_write
                0x0000000010007720       0x88 CMakeFiles/Engine.dir/home/jose/pico/pico-sdk/lib/tinyusb/src/common/tusb_fifo.c.obj
                0x0000000010007720                tu_fifo_write
 .text.tu_fifo_write_n
                0x00000000100077a8      0x158 CMakeFiles/Engine.dir/home/jose/pico/pico-sdk/lib/tinyusb/src/common/tusb_fifo.c.obj
                0x00000000100077a8                tu_fifo_write_n
 .text.tu_fifo_clear
                0x0000000010007900       0x40 CMakeFiles/Engine.dir/home/jose/pico/pico-sdk/lib/tinyusb/src/common/tusb_fifo.c.obj
                0x0000000010007900                tu_fifo_clear
 .text.tu_fifo_set_overwritable
                0x0000000010007940       0x48 CMakeFiles/Engine.dir/home/jose/pico/pico-sdk/lib/tinyusb/src/common/tusb_fifo.c.obj
                0x0000000010007940                tu_fifo_set_overwritable
 .text.vPortSVCHandler
                0x0000000010007988        0x4 CMakeFiles/Engine.dir/home/jose/pico/FreeRTOS/FreeRTOS/Source/portable/ThirdParty/GCC/RP2040/port.c.obj
                0x0000000010007988                vPortSVCHandler
 *fill*         0x000000001000798c        0x4 
 .text.vPortStartFirstTask
                0x0000000010007990       0x34 CMakeFiles/Engine.dir/home/jose/pico/FreeRTOS/FreeRTOS/Source/portable/ThirdParty/GCC/RP2040/port.c.obj
 *fill*         0x00000000100079c4        0xc 
 .text.xPortPendSVHandler
                0x00000000100079d0       0x64 CMakeFiles/Engine.dir/home/jose/pico/FreeRTOS/FreeRTOS/Source/portable/ThirdParty/GCC/RP2040/port.c.obj
                0x00000000100079d0                xPortPendSVHandler
 .text.prvTaskExitError
                0x0000000010007a34        0x8 CMakeFiles/Engine.dir/home/jose/pico/FreeRTOS/FreeRTOS/Source/portable/ThirdParty/GCC/RP2040/port.c.obj
 .text.pxPortInitialiseStack
                0x0000000010007a3c       0x20 CMakeFiles/Engine.dir/home/jose/pico/FreeRTOS/FreeRTOS/Source/portable/ThirdParty/GCC/RP2040/port.c.obj
                0x0000000010007a3c                pxPortInitialiseStack
 .text.vPortYield
                0x0000000010007a5c       0x18 CMakeFiles/Engine.dir/home/jose/pico/FreeRTOS/FreeRTOS/Source/portable/ThirdParty/GCC/RP2040/port.c.obj
                0x0000000010007a5c                vPortYield
 .text.vPortEnterCritical
                0x0000000010007a74       0x18 CMakeFiles/Engine.dir/home/jose/pico/FreeRTOS/FreeRTOS/Source/portable/ThirdParty/GCC/RP2040/port.c.obj
                0x0000000010007a74                vPortEnterCritical
 .text.vPortExitCritical
                0x0000000010007a8c       0x34 CMakeFiles/Engine.dir/home/jose/pico/FreeRTOS/FreeRTOS/Source/portable/ThirdParty/GCC/RP2040/port.c.obj
                0x0000000010007a8c                vPortExitCritical
 .text.ulSetInterruptMaskFromISR
                0x0000000010007ac0        0x8 CMakeFiles/Engine.dir/home/jose/pico/FreeRTOS/FreeRTOS/Source/portable/ThirdParty/GCC/RP2040/port.c.obj
                0x0000000010007ac0                ulSetInterruptMaskFromISR
 .text.vClearInterruptMaskFromISR
                0x0000000010007ac8        0x8 CMakeFiles/Engine.dir/home/jose/pico/FreeRTOS/FreeRTOS/Source/portable/ThirdParty/GCC/RP2040/port.c.obj
                0x0000000010007ac8                vClearInterruptMaskFromISR
 .text.xPortSysTickHandler
                0x0000000010007ad0       0x24 CMakeFiles/Engine.dir/home/jose/pico/FreeRTOS/FreeRTOS/Source/portable/ThirdParty/GCC/RP2040/port.c.obj
                0x0000000010007ad0                xPortSysTickHandler
 .text.vPortSetupTimerInterrupt
                0x0000000010007af4       0x34 CMakeFiles/Engine.dir/home/jose/pico/FreeRTOS/FreeRTOS/Source/portable/ThirdParty/GCC/RP2040/port.c.obj
                0x0000000010007af4                vPortSetupTimerInterrupt
 .text.xPortStartScheduler
                0x0000000010007b28       0x70 CMakeFiles/Engine.dir/home/jose/pico/FreeRTOS/FreeRTOS/Source/portable/ThirdParty/GCC/RP2040/port.c.obj
                0x0000000010007b28                xPortStartScheduler
 .text.ulPortLockGetCurrentOwnerId
                0x0000000010007b98       0x2c CMakeFiles/Engine.dir/home/jose/pico/FreeRTOS/FreeRTOS/Source/portable/ThirdParty/GCC/RP2040/port.c.obj
                0x0000000010007b98                ulPortLockGetCurrentOwnerId
 .text.vPortLockInternalSpinUnlockWithWait
                0x0000000010007bc4       0x68 CMakeFiles/Engine.dir/home/jose/pico/FreeRTOS/FreeRTOS/Source/portable/ThirdParty/GCC/RP2040/port.c.obj
                0x0000000010007bc4                vPortLockInternalSpinUnlockWithWait
 .text.vPortLockInternalSpinUnlockWithNotify
                0x0000000010007c2c       0x84 CMakeFiles/Engine.dir/home/jose/pico/FreeRTOS/FreeRTOS/Source/portable/ThirdParty/GCC/RP2040/port.c.obj
                0x0000000010007c2c                vPortLockInternalSpinUnlockWithNotify
 .text.xPortLockInternalSpinUnlockWithBestEffortWaitOrTimeout
                0x0000000010007cb0       0xfc CMakeFiles/Engine.dir/home/jose/pico/FreeRTOS/FreeRTOS/Source/portable/ThirdParty/GCC/RP2040/port.c.obj
                0x0000000010007cb0                xPortLockInternalSpinUnlockWithBestEffortWaitOrTimeout
 .text.startup.prvRuntimeInitializer
                0x0000000010007dac       0x10 CMakeFiles/Engine.dir/home/jose/pico/FreeRTOS/FreeRTOS/Source/portable/ThirdParty/GCC/RP2040/port.c.obj
 .text.vEventGroupSetBitsCallback
                0x0000000010007dbc       0x8c CMakeFiles/Engine.dir/home/jose/pico/FreeRTOS/FreeRTOS/Source/event_groups.c.obj
                0x0000000010007dbc                vEventGroupSetBitsCallback
 .text.xEventGroupCreate
                0x0000000010007e48       0x18 CMakeFiles/Engine.dir/home/jose/pico/FreeRTOS/FreeRTOS/Source/event_groups.c.obj
                0x0000000010007e48                xEventGroupCreate
 .text.xEventGroupWaitBits
                0x0000000010007e60       0xb8 CMakeFiles/Engine.dir/home/jose/pico/FreeRTOS/FreeRTOS/Source/event_groups.c.obj
                0x0000000010007e60                xEventGroupWaitBits
 .text.xEventGroupSetBits
                0x0000000010007f18       0x90 CMakeFiles/Engine.dir/home/jose/pico/FreeRTOS/FreeRTOS/Source/event_groups.c.obj
                0x0000000010007f18                xEventGroupSetBits
 .text.xEventGroupSetBitsFromISR
                0x0000000010007fa8       0x14 CMakeFiles/Engine.dir/home/jose/pico/FreeRTOS/FreeRTOS/Source/event_groups.c.obj
                0x0000000010007fa8                xEventGroupSetBitsFromISR
 .text.vListInitialise
                0x0000000010007fbc       0x18 CMakeFiles/Engine.dir/home/jose/pico/FreeRTOS/FreeRTOS/Source/list.c.obj
                0x0000000010007fbc                vListInitialise
 .text.vListInitialiseItem
                0x0000000010007fd4        0x8 CMakeFiles/Engine.dir/home/jose/pico/FreeRTOS/FreeRTOS/Source/list.c.obj
                0x0000000010007fd4                vListInitialiseItem
 .text.vListInsert
                0x0000000010007fdc       0x30 CMakeFiles/Engine.dir/home/jose/pico/FreeRTOS/FreeRTOS/Source/list.c.obj
                0x0000000010007fdc                vListInsert
 .text.uxListRemove
                0x000000001000800c       0x24 CMakeFiles/Engine.dir/home/jose/pico/FreeRTOS/FreeRTOS/Source/list.c.obj
                0x000000001000800c                uxListRemove
 .text.prvUnlockQueue
                0x0000000010008030      0x148 CMakeFiles/Engine.dir/home/jose/pico/FreeRTOS/FreeRTOS/Source/queue.c.obj
 .text.prvNotifyQueueSetContainer
                0x0000000010008178       0x9c CMakeFiles/Engine.dir/home/jose/pico/FreeRTOS/FreeRTOS/Source/queue.c.obj
 .text.xQueueGenericCreate
                0x0000000010008214       0xa0 CMakeFiles/Engine.dir/home/jose/pico/FreeRTOS/FreeRTOS/Source/queue.c.obj
                0x0000000010008214                xQueueGenericCreate
 .text.xQueueGenericSend
                0x00000000100082b4      0x1cc CMakeFiles/Engine.dir/home/jose/pico/FreeRTOS/FreeRTOS/Source/queue.c.obj
                0x00000000100082b4                xQueueGenericSend
 .text.xQueueCreateMutex
                0x0000000010008480       0x6c CMakeFiles/Engine.dir/home/jose/pico/FreeRTOS/FreeRTOS/Source/queue.c.obj
                0x0000000010008480                xQueueCreateMutex
 .text.xQueueGenericSendFromISR
                0x00000000100084ec      0x134 CMakeFiles/Engine.dir/home/jose/pico/FreeRTOS/FreeRTOS/Source/queue.c.obj
                0x00000000100084ec                xQueueGenericSendFromISR
 .text.xQueueGiveFromISR
                0x0000000010008620       0x7c CMakeFiles/Engine.dir/home/jose/pico/FreeRTOS/FreeRTOS/Source/queue.c.obj
                0x0000000010008620                xQueueGiveFromISR
 .text.xQueueReceive
                0x000000001000869c      0x124 CMakeFiles/Engine.dir/home/jose/pico/FreeRTOS/FreeRTOS/Source/queue.c.obj
                0x000000001000869c                xQueueReceive
 .text.xQueueSemaphoreTake
                0x00000000100087c0      0x150 CMakeFiles/Engine.dir/home/jose/pico/FreeRTOS/FreeRTOS/Source/queue.c.obj
                0x00000000100087c0                xQueueSemaphoreTake
 .text.xQueueReceiveFromISR
                0x0000000010008910       0x90 CMakeFiles/Engine.dir/home/jose/pico/FreeRTOS/FreeRTOS/Source/queue.c.obj
                0x0000000010008910                xQueueReceiveFromISR
 .text.vQueueAddToRegistry
                0x00000000100089a0       0xec CMakeFiles/Engine.dir/home/jose/pico/FreeRTOS/FreeRTOS/Source/queue.c.obj
                0x00000000100089a0                vQueueAddToRegistry
 .text.vQueueWaitForMessageRestricted
                0x0000000010008a8c       0x48 CMakeFiles/Engine.dir/home/jose/pico/FreeRTOS/FreeRTOS/Source/queue.c.obj
                0x0000000010008a8c                vQueueWaitForMessageRestricted
 .text.prvIdleTask
                0x0000000010008ad4       0x60 CMakeFiles/Engine.dir/home/jose/pico/FreeRTOS/FreeRTOS/Source/tasks.c.obj
 .text.xTaskIncrementTick.part.0
                0x0000000010008b34      0x1a0 CMakeFiles/Engine.dir/home/jose/pico/FreeRTOS/FreeRTOS/Source/tasks.c.obj
 .text.xTaskCreate
                0x0000000010008cd4      0x280 CMakeFiles/Engine.dir/home/jose/pico/FreeRTOS/FreeRTOS/Source/tasks.c.obj
                0x0000000010008cd4                xTaskCreate
 .text.vTaskStartScheduler
                0x0000000010008f54      0x1e0 CMakeFiles/Engine.dir/home/jose/pico/FreeRTOS/FreeRTOS/Source/tasks.c.obj
                0x0000000010008f54                vTaskStartScheduler
 .text.vTaskSuspendAll
                0x0000000010009134       0x10 CMakeFiles/Engine.dir/home/jose/pico/FreeRTOS/FreeRTOS/Source/tasks.c.obj
                0x0000000010009134                vTaskSuspendAll
 .text.xTaskResumeAll
                0x0000000010009144      0x190 CMakeFiles/Engine.dir/home/jose/pico/FreeRTOS/FreeRTOS/Source/tasks.c.obj
                0x0000000010009144                xTaskResumeAll
 .text.vTaskDelay
                0x00000000100092d4       0x78 CMakeFiles/Engine.dir/home/jose/pico/FreeRTOS/FreeRTOS/Source/tasks.c.obj
                0x00000000100092d4                vTaskDelay
 .text.xTaskGetTickCount
                0x000000001000934c        0xc CMakeFiles/Engine.dir/home/jose/pico/FreeRTOS/FreeRTOS/Source/tasks.c.obj
                0x000000001000934c                xTaskGetTickCount
 .text.uxTaskGetNumberOfTasks
                0x0000000010009358        0xc CMakeFiles/Engine.dir/home/jose/pico/FreeRTOS/FreeRTOS/Source/tasks.c.obj
                0x0000000010009358                uxTaskGetNumberOfTasks
 .text.xTaskIncrementTick
                0x0000000010009364       0x24 CMakeFiles/Engine.dir/home/jose/pico/FreeRTOS/FreeRTOS/Source/tasks.c.obj
                0x0000000010009364                xTaskIncrementTick
 .text.vTaskSwitchContext
                0x0000000010009388       0x6c CMakeFiles/Engine.dir/home/jose/pico/FreeRTOS/FreeRTOS/Source/tasks.c.obj
                0x0000000010009388                vTaskSwitchContext
 .text.vTaskPlaceOnEventList
                0x00000000100093f4       0x98 CMakeFiles/Engine.dir/home/jose/pico/FreeRTOS/FreeRTOS/Source/tasks.c.obj
                0x00000000100093f4                vTaskPlaceOnEventList
 .text.vTaskPlaceOnUnorderedEventList
                0x000000001000948c       0xbc CMakeFiles/Engine.dir/home/jose/pico/FreeRTOS/FreeRTOS/Source/tasks.c.obj
                0x000000001000948c                vTaskPlaceOnUnorderedEventList
 .text.vTaskPlaceOnEventListRestricted
                0x0000000010009548       0xc4 CMakeFiles/Engine.dir/home/jose/pico/FreeRTOS/FreeRTOS/Source/tasks.c.obj
                0x0000000010009548                vTaskPlaceOnEventListRestricted
 .text.xTaskRemoveFromEventList
                0x000000001000960c       0xd8 CMakeFiles/Engine.dir/home/jose/pico/FreeRTOS/FreeRTOS/Source/tasks.c.obj
                0x000000001000960c                xTaskRemoveFromEventList
 .text.vTaskRemoveFromUnorderedEventList
                0x00000000100096e4       0x98 CMakeFiles/Engine.dir/home/jose/pico/FreeRTOS/FreeRTOS/Source/tasks.c.obj
                0x00000000100096e4                vTaskRemoveFromUnorderedEventList
 .text.vTaskInternalSetTimeOutState
                0x000000001000977c       0x18 CMakeFiles/Engine.dir/home/jose/pico/FreeRTOS/FreeRTOS/Source/tasks.c.obj
                0x000000001000977c                vTaskInternalSetTimeOutState
 .text.xTaskCheckForTimeOut
                0x0000000010009794       0x74 CMakeFiles/Engine.dir/home/jose/pico/FreeRTOS/FreeRTOS/Source/tasks.c.obj
                0x0000000010009794                xTaskCheckForTimeOut
 .text.vTaskMissedYield
                0x0000000010009808        0xc CMakeFiles/Engine.dir/home/jose/pico/FreeRTOS/FreeRTOS/Source/tasks.c.obj
                0x0000000010009808                vTaskMissedYield
 .text.xTaskGetCurrentTaskHandle
                0x0000000010009814        0xc CMakeFiles/Engine.dir/home/jose/pico/FreeRTOS/FreeRTOS/Source/tasks.c.obj
                0x0000000010009814                xTaskGetCurrentTaskHandle
 .text.xTaskPriorityInherit
                0x0000000010009820       0x94 CMakeFiles/Engine.dir/home/jose/pico/FreeRTOS/FreeRTOS/Source/tasks.c.obj
                0x0000000010009820                xTaskPriorityInherit
 .text.xTaskPriorityDisinherit
                0x00000000100098b4       0x64 CMakeFiles/Engine.dir/home/jose/pico/FreeRTOS/FreeRTOS/Source/tasks.c.obj
                0x00000000100098b4                xTaskPriorityDisinherit
 .text.vTaskPriorityDisinheritAfterTimeout
                0x0000000010009918       0x80 CMakeFiles/Engine.dir/home/jose/pico/FreeRTOS/FreeRTOS/Source/tasks.c.obj
                0x0000000010009918                vTaskPriorityDisinheritAfterTimeout
 .text.uxTaskResetEventItemValue
                0x0000000010009998       0x18 CMakeFiles/Engine.dir/home/jose/pico/FreeRTOS/FreeRTOS/Source/tasks.c.obj
                0x0000000010009998                uxTaskResetEventItemValue
 .text.pvTaskIncrementMutexHeldCount
                0x00000000100099b0       0x18 CMakeFiles/Engine.dir/home/jose/pico/FreeRTOS/FreeRTOS/Source/tasks.c.obj
                0x00000000100099b0                pvTaskIncrementMutexHeldCount
 .text.prvTimerTask
                0x00000000100099c8      0x360 CMakeFiles/Engine.dir/home/jose/pico/FreeRTOS/FreeRTOS/Source/timers.c.obj
 .text.xTimerCreateTimerTask
                0x0000000010009d28       0x8c CMakeFiles/Engine.dir/home/jose/pico/FreeRTOS/FreeRTOS/Source/timers.c.obj
                0x0000000010009d28                xTimerCreateTimerTask
 .text.xTimerPendFunctionCallFromISR
                0x0000000010009db4       0x28 CMakeFiles/Engine.dir/home/jose/pico/FreeRTOS/FreeRTOS/Source/timers.c.obj
                0x0000000010009db4                xTimerPendFunctionCallFromISR
 .text.exception_set_exclusive_handler
                0x0000000010009ddc       0x48 CMakeFiles/Engine.dir/home/jose/pico/pico-sdk/src/rp2_common/hardware_exception/exception.c.obj
                0x0000000010009ddc                exception_set_exclusive_handler
 .text.pvPortMalloc
                0x0000000010009e24      0x144 CMakeFiles/Engine.dir/home/jose/pico/FreeRTOS/FreeRTOS/Source/portable/MemMang/heap_4.c.obj
                0x0000000010009e24                pvPortMalloc
 .text.vPortFree
                0x0000000010009f68       0x8c CMakeFiles/Engine.dir/home/jose/pico/FreeRTOS/FreeRTOS/Source/portable/MemMang/heap_4.c.obj
                0x0000000010009f68                vPortFree
 .text          0x0000000010009ff4       0x28 /usr/lib/gcc/arm-none-eabi/9.2.1/../../../arm-none-eabi/lib/thumb/v6-m/nofp/libc.a(lib_a-malloc.o)
                0x0000000010009ff4                malloc
                0x000000001000a008                free
 .text          0x000000001000a01c      0x58c /usr/lib/gcc/arm-none-eabi/9.2.1/../../../arm-none-eabi/lib/thumb/v6-m/nofp/libc.a(lib_a-mallocr.o)
                0x000000001000a01c                _malloc_r
 .text          0x000000001000a5a8        0x8 /usr/lib/gcc/arm-none-eabi/9.2.1/../../../arm-none-eabi/lib/thumb/v6-m/nofp/libc.a(lib_a-mlock.o)
                0x000000001000a5a8                __malloc_lock
                0x000000001000a5ac                __malloc_unlock
 .text          0x000000001000a5b0       0x24 /usr/lib/gcc/arm-none-eabi/9.2.1/../../../arm-none-eabi/lib/thumb/v6-m/nofp/libc.a(lib_a-sbrkr.o)
                0x000000001000a5b0                _sbrk_r
 .text          0x000000001000a5d4       0x68 /usr/lib/gcc/arm-none-eabi/9.2.1/../../../arm-none-eabi/lib/thumb/v6-m/nofp/libc.a(lib_a-strlen-stub.o)
                0x000000001000a5d4                strlen
 .text          0x000000001000a63c      0x184 /usr/lib/gcc/arm-none-eabi/9.2.1/../../../arm-none-eabi/lib/thumb/v6-m/nofp/libc.a(lib_a-strtol.o)
                0x000000001000a788                _strtol_r
                0x000000001000a790                strtol_l
                0x000000001000a7a8                strtol
 .text          0x000000001000a7c0       0x34 /usr/lib/gcc/arm-none-eabi/9.2.1/../../../arm-none-eabi/lib/thumb/v6-m/nofp/libc.a(lib_a-time.o)
                0x000000001000a7c0                time
 .text          0x000000001000a7f4        0xc /usr/lib/gcc/arm-none-eabi/9.2.1/../../../arm-none-eabi/lib/thumb/v6-m/nofp/libc.a(lib_a-errno.o)
                0x000000001000a7f4                __errno
 .text          0x000000001000a800      0x27c /usr/lib/gcc/arm-none-eabi/9.2.1/../../../arm-none-eabi/lib/thumb/v6-m/nofp/libc.a(lib_a-freer.o)
                0x000000001000a800                _malloc_trim_r
                0x000000001000a8a0                _free_r
 .text          0x000000001000aa7c       0x28 /usr/lib/gcc/arm-none-eabi/9.2.1/../../../arm-none-eabi/lib/thumb/v6-m/nofp/libc.a(lib_a-gettimeofdayr.o)
                0x000000001000aa7c                _gettimeofday_r
 *(.fini)
 .fini          0x000000001000aaa4        0x4 /usr/lib/gcc/arm-none-eabi/9.2.1/thumb/v6-m/nofp/crti.o
                0x000000001000aaa4                _fini
 .fini.__stub   0x000000001000aaa8       0xe0 linker stubs
 *crtbegin.o(.ctors)
 *crtbegin?.o(.ctors)
 *(EXCLUDE_FILE(*crtend.o *crtend?.o) .ctors)
 *(SORT_BY_NAME(.ctors.*))
 *(.ctors)
 *crtbegin.o(.dtors)
 *crtbegin?.o(.dtors)
 *(EXCLUDE_FILE(*crtend.o *crtend?.o) .dtors)
 *(SORT_BY_NAME(.dtors.*))
 *(.dtors)
 *(.eh_frame*)
 .eh_frame      0x000000001000ab88        0x0 /usr/lib/gcc/arm-none-eabi/9.2.1/thumb/v6-m/nofp/crtbegin.o
                0x000000001000ab88                . = ALIGN (0x4)

.glue_7         0x000000001000ab88        0x0
 .glue_7        0x000000001000ab88        0x0 linker stubs

.glue_7t        0x000000001000ab88        0x0
 .glue_7t       0x000000001000ab88        0x0 linker stubs

.vfp11_veneer   0x000000001000ab88        0x0
 .vfp11_veneer  0x000000001000ab88        0x0 linker stubs

.v4_bx          0x000000001000ab88        0x0
 .v4_bx         0x000000001000ab88        0x0 linker stubs

.iplt           0x000000001000ab88        0x0
 .iplt          0x000000001000ab88        0x0 /usr/lib/gcc/arm-none-eabi/9.2.1/thumb/v6-m/nofp/crtbegin.o

.rodata         0x000000001000ab88      0x710
 *(EXCLUDE_FILE(*libm.a: *libc.a:*lib_a-mem*.o *libgcc.a:) .rodata*)
 .rodata.engineControl.str1.4
                0x000000001000ab88       0x1d CMakeFiles/Engine.dir/Engine.c.obj
 *fill*         0x000000001000aba5        0x3 
 .rodata.uart_task2_send.str1.4
                0x000000001000aba8        0x9 CMakeFiles/Engine.dir/Engine.c.obj
 *fill*         0x000000001000abb1        0x3 
 .rodata.main.str1.4
                0x000000001000abb4       0x6e CMakeFiles/Engine.dir/Engine.c.obj
 *fill*         0x000000001000ac22        0x2 
 .rodata.spin_lock_claim_unused.str1.4
                0x000000001000ac24       0x1b CMakeFiles/Engine.dir/home/jose/pico/pico-sdk/src/rp2_common/hardware_sync/sync.c.obj
 *fill*         0x000000001000ac3f        0x1 
 .rodata.user_irq_claim_unused.str1.4
                0x000000001000ac40       0x1b CMakeFiles/Engine.dir/home/jose/pico/pico-sdk/src/rp2_common/hardware_irq/irq.c.obj
 *fill*         0x000000001000ac5b        0x1 
 .rodata.hardware_alarm_claim.str1.4
                0x000000001000ac5c       0x22 CMakeFiles/Engine.dir/home/jose/pico/pico-sdk/src/rp2_common/hardware_timer/timer.c.obj
 *fill*         0x000000001000ac7e        0x2 
 .rodata.panic.str1.4
                0x000000001000ac80       0x12 CMakeFiles/Engine.dir/home/jose/pico/pico-sdk/src/rp2_common/pico_runtime/runtime.c.obj
 *fill*         0x000000001000ac92        0x2 
 .rodata.panic_unsupported.str1.4
                0x000000001000ac94        0xe CMakeFiles/Engine.dir/home/jose/pico/pico-sdk/src/rp2_common/pico_runtime/runtime.c.obj
 *fill*         0x000000001000aca2        0x2 
 .rodata.hard_assertion_failure.str1.4
                0x000000001000aca4        0xc CMakeFiles/Engine.dir/home/jose/pico/pico-sdk/src/rp2_common/pico_runtime/runtime.c.obj
 .rodata._ftoa.str1.4
                0x000000001000acb0       0x15 CMakeFiles/Engine.dir/home/jose/pico/pico-sdk/src/rp2_common/pico_printf/printf.c.obj
 *fill*         0x000000001000acc5        0x3 
 .rodata._vsnprintf
                0x000000001000acc8      0x1e0 CMakeFiles/Engine.dir/home/jose/pico/pico-sdk/src/rp2_common/pico_printf/printf.c.obj
 .rodata.pow10.5483
                0x000000001000aea8       0x50 CMakeFiles/Engine.dir/home/jose/pico/pico-sdk/src/rp2_common/pico_printf/printf.c.obj
 .rodata.__wrap_malloc.str1.4
                0x000000001000aef8        0xe CMakeFiles/Engine.dir/home/jose/pico/pico-sdk/src/rp2_common/pico_malloc/pico_malloc.c.obj
 *fill*         0x000000001000af06        0x2 
 .rodata.str1.4
                0x000000001000af08       0x3c CMakeFiles/Engine.dir/home/jose/pico/pico-sdk/src/rp2_common/pico_standard_link/binary_info.c.obj
 .rodata.__bi_44
                0x000000001000af44        0xc CMakeFiles/Engine.dir/home/jose/pico/pico-sdk/src/rp2_common/pico_standard_link/binary_info.c.obj
 .rodata.__bi_75
                0x000000001000af50        0xc CMakeFiles/Engine.dir/home/jose/pico/pico-sdk/src/rp2_common/pico_standard_link/binary_info.c.obj
 .rodata.__bi_81
                0x000000001000af5c        0xc CMakeFiles/Engine.dir/home/jose/pico/pico-sdk/src/rp2_common/pico_standard_link/binary_info.c.obj
 .rodata.crlf_str.6116
                0x000000001000af68        0x2 CMakeFiles/Engine.dir/home/jose/pico/pico-sdk/src/rp2_common/pico_stdio/stdio.c.obj
 *fill*         0x000000001000af6a        0x2 
 .rodata._resetd_driver
                0x000000001000af6c       0x18 CMakeFiles/Engine.dir/home/jose/pico/pico-sdk/src/rp2_common/pico_stdio_usb/reset_interface.c.obj
 .rodata.str1.4
                0x000000001000af84       0x13 CMakeFiles/Engine.dir/home/jose/pico/pico-sdk/src/rp2_common/pico_stdio_usb/stdio_usb.c.obj
 *fill*         0x000000001000af97        0x1 
 .rodata.__bi_188.7687
                0x000000001000af98        0xc CMakeFiles/Engine.dir/home/jose/pico/pico-sdk/src/rp2_common/pico_stdio_usb/stdio_usb.c.obj
 .rodata.str1.4
                0x000000001000afa4       0x2a CMakeFiles/Engine.dir/home/jose/pico/pico-sdk/src/rp2_common/pico_stdio_usb/stdio_usb_descriptors.c.obj
 *fill*         0x000000001000afce        0x2 
 .rodata.usbd_desc_cfg
                0x000000001000afd0       0x54 CMakeFiles/Engine.dir/home/jose/pico/pico-sdk/src/rp2_common/pico_stdio_usb/stdio_usb_descriptors.c.obj
 .rodata.usbd_desc_device
                0x000000001000b024       0x12 CMakeFiles/Engine.dir/home/jose/pico/pico-sdk/src/rp2_common/pico_stdio_usb/stdio_usb_descriptors.c.obj
 *fill*         0x000000001000b036        0x2 
 .rodata.usbd_desc_str
                0x000000001000b038       0x18 CMakeFiles/Engine.dir/home/jose/pico/pico-sdk/src/rp2_common/pico_stdio_usb/stdio_usb_descriptors.c.obj
 .rodata.str1.4
                0x000000001000b050       0x14 CMakeFiles/Engine.dir/home/jose/pico/pico-sdk/lib/tinyusb/src/portable/raspberrypi/rp2040/dcd_rp2040.c.obj
 .rodata.str1.4
                0x000000001000b064       0x53 CMakeFiles/Engine.dir/home/jose/pico/pico-sdk/lib/tinyusb/src/portable/raspberrypi/rp2040/rp2040_usb.c.obj
 *fill*         0x000000001000b0b7        0x1 
 .rodata.tud_task_ext
                0x000000001000b0b8       0x8c CMakeFiles/Engine.dir/home/jose/pico/pico-sdk/lib/tinyusb/src/device/usbd.c.obj
 .rodata._usbd_driver
                0x000000001000b144       0x18 CMakeFiles/Engine.dir/home/jose/pico/pico-sdk/lib/tinyusb/src/device/usbd.c.obj
 .rodata.prvTimerTask
                0x000000001000b15c       0x28 CMakeFiles/Engine.dir/home/jose/pico/FreeRTOS/FreeRTOS/Source/timers.c.obj
 .rodata.xTimerCreateTimerTask.str1.4
                0x000000001000b184       0x10 CMakeFiles/Engine.dir/home/jose/pico/FreeRTOS/FreeRTOS/Source/timers.c.obj
 .rodata        0x000000001000b194      0x101 /usr/lib/gcc/arm-none-eabi/9.2.1/../../../arm-none-eabi/lib/thumb/v6-m/nofp/libc.a(lib_a-ctype_.o)
                0x000000001000b194                _ctype_
                0x000000001000b298                . = ALIGN (0x4)
 *fill*         0x000000001000b295        0x3 
 *(SORT_BY_ALIGNMENT(SORT_BY_NAME(.flashdata*)))
                0x000000001000b298                . = ALIGN (0x4)

.rel.dyn        0x000000001000b298        0x0
 .rel.iplt      0x000000001000b298        0x0 /usr/lib/gcc/arm-none-eabi/9.2.1/thumb/v6-m/nofp/crtbegin.o

.ARM.extab
 *(.ARM.extab* .gnu.linkonce.armextab.*)
                0x000000001000b298                __exidx_start = .

.ARM.exidx
 *(.ARM.exidx* .gnu.linkonce.armexidx.*)
                0x000000001000b298                __exidx_end = .
                0x000000001000b298                . = ALIGN (0x4)
                0x000000001000b298                __binary_info_start = .

.binary_info    0x000000001000b298       0x20
 *(.binary_info.keep.*)
 .binary_info.keep.__bi_ptr22
                0x000000001000b298        0x4 CMakeFiles/Engine.dir/home/jose/pico/pico-sdk/src/rp2_common/pico_standard_link/binary_info.c.obj
 .binary_info.keep.__bi_ptr30
                0x000000001000b29c        0x4 CMakeFiles/Engine.dir/home/jose/pico/pico-sdk/src/rp2_common/pico_standard_link/binary_info.c.obj
 .binary_info.keep.__bi_ptr38
                0x000000001000b2a0        0x4 CMakeFiles/Engine.dir/home/jose/pico/pico-sdk/src/rp2_common/pico_standard_link/binary_info.c.obj
 .binary_info.keep.__bi_ptr44
                0x000000001000b2a4        0x4 CMakeFiles/Engine.dir/home/jose/pico/pico-sdk/src/rp2_common/pico_standard_link/binary_info.c.obj
 .binary_info.keep.__bi_ptr50
                0x000000001000b2a8        0x4 CMakeFiles/Engine.dir/home/jose/pico/pico-sdk/src/rp2_common/pico_standard_link/binary_info.c.obj
 .binary_info.keep.__bi_ptr75
                0x000000001000b2ac        0x4 CMakeFiles/Engine.dir/home/jose/pico/pico-sdk/src/rp2_common/pico_standard_link/binary_info.c.obj
 .binary_info.keep.__bi_ptr81
                0x000000001000b2b0        0x4 CMakeFiles/Engine.dir/home/jose/pico/pico-sdk/src/rp2_common/pico_standard_link/binary_info.c.obj
 *(.binary_info.*)
 .binary_info.__bi_ptr188
                0x000000001000b2b4        0x4 CMakeFiles/Engine.dir/home/jose/pico/pico-sdk/src/rp2_common/pico_stdio_usb/stdio_usb.c.obj
                0x000000001000b2b8                __binary_info_end = .
                0x000000001000b2b8                . = ALIGN (0x4)
                0x000000001000b2b8                __etext = .

.ram_vector_table
                0x0000000020000000       0xc0
 *(.ram_vector_table)
 .ram_vector_table
                0x0000000020000000       0xc0 CMakeFiles/Engine.dir/home/jose/pico/pico-sdk/src/rp2_common/pico_runtime/runtime.c.obj
                0x0000000020000000                ram_vector_table

.data           0x00000000200000c0     0x1724 load address 0x000000001000b2b8
                0x00000000200000c0                __data_start__ = .
 *(vtable)
 *(.time_critical*)
 .time_critical.mutex_enter_blocking
                0x00000000200000c0       0x3c CMakeFiles/Engine.dir/home/jose/pico/pico-sdk/src/common/pico_sync/mutex.c.obj
                0x00000000200000c0                mutex_enter_blocking
 .time_critical.mutex_try_enter
                0x00000000200000fc       0x44 CMakeFiles/Engine.dir/home/jose/pico/pico-sdk/src/common/pico_sync/mutex.c.obj
                0x00000000200000fc                mutex_try_enter
 .time_critical.mutex_try_enter_block_until
                0x0000000020000140       0x9c CMakeFiles/Engine.dir/home/jose/pico/pico-sdk/src/common/pico_sync/mutex.c.obj
                0x0000000020000140                mutex_try_enter_block_until
 .time_critical.mutex_enter_timeout_ms
                0x00000000200001dc       0x78 CMakeFiles/Engine.dir/home/jose/pico/pico-sdk/src/common/pico_sync/mutex.c.obj
                0x00000000200001dc                mutex_enter_timeout_ms
 .time_critical.mutex_exit
                0x0000000020000254       0x20 CMakeFiles/Engine.dir/home/jose/pico/pico-sdk/src/common/pico_sync/mutex.c.obj
                0x0000000020000254                mutex_exit
 .time_critical.flash_init_boot2_copyout
                0x0000000020000274       0x30 CMakeFiles/Engine.dir/home/jose/pico/pico-sdk/src/rp2_common/hardware_flash/flash.c.obj
 .time_critical.flash_enable_xip_via_boot2
                0x00000000200002a4       0x10 CMakeFiles/Engine.dir/home/jose/pico/pico-sdk/src/rp2_common/hardware_flash/flash.c.obj
 .time_critical.flash_cs_force
                0x00000000200002b4       0x38 CMakeFiles/Engine.dir/home/jose/pico/pico-sdk/src/rp2_common/hardware_flash/flash.c.obj
 .time_critical.flash_do_cmd
                0x00000000200002ec       0xc4 CMakeFiles/Engine.dir/home/jose/pico/pico-sdk/src/rp2_common/hardware_flash/flash.c.obj
                0x00000000200002ec                flash_do_cmd
 .time_critical.reset_non_control_endpoints
                0x00000000200003b0       0xbc CMakeFiles/Engine.dir/home/jose/pico/pico-sdk/lib/tinyusb/src/portable/raspberrypi/rp2040/dcd_rp2040.c.obj
 .time_critical.hw_handle_buff_status
                0x000000002000046c       0xb4 CMakeFiles/Engine.dir/home/jose/pico/pico-sdk/lib/tinyusb/src/portable/raspberrypi/rp2040/dcd_rp2040.c.obj
 .time_critical.dcd_rp2040_irq
                0x0000000020000520      0x4f4 CMakeFiles/Engine.dir/home/jose/pico/pico-sdk/lib/tinyusb/src/portable/raspberrypi/rp2040/dcd_rp2040.c.obj
 .time_critical.prepare_ep_buffer
                0x0000000020000a14       0x70 CMakeFiles/Engine.dir/home/jose/pico/pico-sdk/lib/tinyusb/src/portable/raspberrypi/rp2040/rp2040_usb.c.obj
 .time_critical.sync_ep_buffer
                0x0000000020000a84       0x4c CMakeFiles/Engine.dir/home/jose/pico/pico-sdk/lib/tinyusb/src/portable/raspberrypi/rp2040/rp2040_usb.c.obj
 .time_critical._hw_endpoint_xfer_sync
                0x0000000020000ad0       0x28 CMakeFiles/Engine.dir/home/jose/pico/pico-sdk/lib/tinyusb/src/portable/raspberrypi/rp2040/rp2040_usb.c.obj
 .time_critical.e15_is_bulkin_ep
                0x0000000020000af8       0x28 CMakeFiles/Engine.dir/home/jose/pico/pico-sdk/lib/tinyusb/src/portable/raspberrypi/rp2040/rp2040_usb.c.obj
 .time_critical.e15_is_critical_frame_period
                0x0000000020000b20       0x38 CMakeFiles/Engine.dir/home/jose/pico/pico-sdk/lib/tinyusb/src/portable/raspberrypi/rp2040/rp2040_usb.c.obj
 .time_critical.hw_endpoint_reset_transfer
                0x0000000020000b58        0xc CMakeFiles/Engine.dir/home/jose/pico/pico-sdk/lib/tinyusb/src/portable/raspberrypi/rp2040/rp2040_usb.c.obj
                0x0000000020000b58                hw_endpoint_reset_transfer
 .time_critical._hw_endpoint_buffer_control_update32
                0x0000000020000b64       0x58 CMakeFiles/Engine.dir/home/jose/pico/pico-sdk/lib/tinyusb/src/portable/raspberrypi/rp2040/rp2040_usb.c.obj
                0x0000000020000b64                _hw_endpoint_buffer_control_update32
 .time_critical.hw_endpoint_start_next_buffer
                0x0000000020000bbc       0x6c CMakeFiles/Engine.dir/home/jose/pico/pico-sdk/lib/tinyusb/src/portable/raspberrypi/rp2040/rp2040_usb.c.obj
                0x0000000020000bbc                hw_endpoint_start_next_buffer
 .time_critical.hw_endpoint_xfer_continue
                0x0000000020000c28       0x50 CMakeFiles/Engine.dir/home/jose/pico/pico-sdk/lib/tinyusb/src/portable/raspberrypi/rp2040/rp2040_usb.c.obj
                0x0000000020000c28                hw_endpoint_xfer_continue
 .time_critical.tinyusb
                0x0000000020000c78      0x170 CMakeFiles/Engine.dir/home/jose/pico/pico-sdk/lib/tinyusb/src/device/usbd.c.obj
                0x0000000020000c78                dcd_event_handler
 *(.text*)
 .text          0x0000000020000de8        0x4 /usr/lib/gcc/arm-none-eabi/9.2.1/thumb/v6-m/nofp/libgcc.a(_dvmd_tls.o)
                0x0000000020000de8                __aeabi_ldiv0
                0x0000000020000de8                __aeabi_idiv0
 *fill*         0x0000000020000dec        0x4 
 .text.__stub   0x0000000020000df0       0xa0 linker stubs
                0x0000000020000e90                . = ALIGN (0x4)
 *(.rodata*)
                0x0000000020000e90                . = ALIGN (0x4)
 *(.data*)
 .data.engine_state
                0x0000000020000e90        0x1 CMakeFiles/Engine.dir/Engine.c.obj
 .data.striped_spin_lock_num
                0x0000000020000e91        0x1 CMakeFiles/Engine.dir/home/jose/pico/pico-sdk/src/rp2_common/hardware_sync/sync.c.obj
 *fill*         0x0000000020000e92        0x2 
 .data          0x0000000020000e94       0x48 CMakeFiles/Engine.dir/home/jose/pico/pico-sdk/src/rp2_common/hardware_irq/irq_handler_chain.S.obj
                0x0000000020000e94                irq_handler_chain_slots
                0x0000000020000ec4                irq_handler_chain_first_slot
                0x0000000020000ece                irq_handler_chain_remove_tail
 .data.default_alarm_pool
                0x0000000020000edc       0x18 CMakeFiles/Engine.dir/home/jose/pico/pico-sdk/src/common/pico_time/time.c.obj
 .data.default_alarm_pool_heap
                0x0000000020000ef4       0x10 CMakeFiles/Engine.dir/home/jose/pico/pico-sdk/src/common/pico_time/time.c.obj
 *fill*         0x0000000020000f04        0xc 
 .data.aeabi_bits_funcs
                0x0000000020000f10       0x10 CMakeFiles/Engine.dir/home/jose/pico/pico-sdk/src/rp2_common/pico_bit_ops/bit_ops_aeabi.S.obj
                0x0000000020000f10                aeabi_bits_funcs
                0x0000000020000f20                aeabi_bits_funcs_end
 .data.aeabi_mem_funcs
                0x0000000020000f20       0x10 CMakeFiles/Engine.dir/home/jose/pico/pico-sdk/src/rp2_common/pico_mem_ops/mem_ops_aeabi.S.obj
                0x0000000020000f20                aeabi_mem_funcs
                0x0000000020000f30                aeabi_mem_funcs_end
 .data.stdio_usb
                0x0000000020000f30       0x18 CMakeFiles/Engine.dir/home/jose/pico/pico-sdk/src/rp2_common/pico_stdio_usb/stdio_usb.c.obj
                0x0000000020000f30                stdio_usb
 .data.ep_dir_string
                0x0000000020000f48        0x8 CMakeFiles/Engine.dir/home/jose/pico/pico-sdk/lib/tinyusb/src/portable/raspberrypi/rp2040/rp2040_usb.c.obj
                0x0000000020000f48                ep_dir_string
 .data._usbd_qdef
                0x0000000020000f50       0x1c CMakeFiles/Engine.dir/home/jose/pico/pico-sdk/lib/tinyusb/src/device/usbd.c.obj
                0x0000000020000f50                _usbd_qdef
 .data._usbd_rhport
                0x0000000020000f6c        0x1 CMakeFiles/Engine.dir/home/jose/pico/pico-sdk/lib/tinyusb/src/device/usbd.c.obj
 .data.ucLaunchCoreNum
                0x0000000020000f6d        0x1 CMakeFiles/Engine.dir/home/jose/pico/FreeRTOS/FreeRTOS/Source/portable/ThirdParty/GCC/RP2040/port.c.obj
 *fill*         0x0000000020000f6e        0x2 
 .data.uxTopUsedPriority
                0x0000000020000f70        0x4 CMakeFiles/Engine.dir/home/jose/pico/FreeRTOS/FreeRTOS/Source/tasks.c.obj
                0x0000000020000f70                uxTopUsedPriority
 *fill*         0x0000000020000f74        0x4 
 .data          0x0000000020000f78      0x430 /usr/lib/gcc/arm-none-eabi/9.2.1/../../../arm-none-eabi/lib/thumb/v6-m/nofp/libc.a(lib_a-impure.o)
                0x0000000020000f78                _impure_ptr
 .data          0x00000000200013a8      0x410 /usr/lib/gcc/arm-none-eabi/9.2.1/../../../arm-none-eabi/lib/thumb/v6-m/nofp/libc.a(lib_a-mallocr.o)
                0x00000000200013a8                __malloc_sbrk_base
                0x00000000200013ac                __malloc_trim_threshold
                0x00000000200013b0                __malloc_av_
                0x00000000200017b8                . = ALIGN (0x4)
 *(.after_data.*)
                0x00000000200017b8                . = ALIGN (0x4)
                0x00000000200017b8                PROVIDE (__mutex_array_start = .)
 *(SORT_BY_NAME(.mutex_array.*))
 *(.mutex_array)
 .mutex_array   0x00000000200017b8        0x8 CMakeFiles/Engine.dir/home/jose/pico/pico-sdk/src/rp2_common/pico_malloc/pico_malloc.c.obj
 .mutex_array   0x00000000200017c0        0x8 CMakeFiles/Engine.dir/home/jose/pico/pico-sdk/src/rp2_common/pico_stdio/stdio.c.obj
                0x00000000200017c8                PROVIDE (__mutex_array_end = .)
                0x00000000200017c8                . = ALIGN (0x4)
                0x00000000200017c8                PROVIDE (__preinit_array_start = .)
 *(SORT_BY_NAME(.preinit_array.*))
 .preinit_array.00001
                0x00000000200017c8        0x4 CMakeFiles/Engine.dir/home/jose/pico/pico-sdk/src/rp2_common/pico_mem_ops/mem_ops_aeabi.S.obj
 .preinit_array.00010
                0x00000000200017cc        0x4 CMakeFiles/Engine.dir/home/jose/pico/pico-sdk/src/rp2_common/pico_bit_ops/bit_ops_aeabi.S.obj
 .preinit_array.00020
                0x00000000200017d0        0x4 CMakeFiles/Engine.dir/home/jose/pico/pico-sdk/src/rp2_common/pico_double/double_aeabi.S.obj
 .preinit_array.00020
                0x00000000200017d4        0x4 CMakeFiles/Engine.dir/home/jose/pico/pico-sdk/src/rp2_common/pico_float/float_aeabi.S.obj
 *(.preinit_array)
                0x00000000200017d8                PROVIDE (__preinit_array_end = .)
                0x00000000200017d8                . = ALIGN (0x4)
                0x00000000200017d8                PROVIDE (__init_array_start = .)
 *(SORT_BY_NAME(.init_array.*))
 *(.init_array)
 .init_array    0x00000000200017d8        0x4 /usr/lib/gcc/arm-none-eabi/9.2.1/thumb/v6-m/nofp/crtbegin.o
 .init_array    0x00000000200017dc        0x4 CMakeFiles/Engine.dir/home/jose/pico/pico-sdk/src/rp2_common/pico_unique_id/unique_id.c.obj
 .init_array    0x00000000200017e0        0x4 CMakeFiles/Engine.dir/home/jose/pico/FreeRTOS/FreeRTOS/Source/portable/ThirdParty/GCC/RP2040/port.c.obj
                0x00000000200017e4                PROVIDE (__init_array_end = .)
                0x00000000200017e4                . = ALIGN (0x4)
                0x00000000200017e4                PROVIDE (__fini_array_start = .)
 *(SORT_BY_NAME(.fini_array.*))
 *(.fini_array)
                0x00000000200017e4                PROVIDE (__fini_array_end = .)
 *(.jcr)
                0x00000000200017e4                . = ALIGN (0x4)
                0x00000000200017e4                __data_end__ = .

.tm_clone_table
                0x00000000200017e4        0x0 load address 0x000000001000c9dc
 .tm_clone_table
                0x00000000200017e4        0x0 /usr/lib/gcc/arm-none-eabi/9.2.1/thumb/v6-m/nofp/crtbegin.o
 .tm_clone_table
                0x00000000200017e4        0x0 /usr/lib/gcc/arm-none-eabi/9.2.1/thumb/v6-m/nofp/crtend.o

.igot.plt       0x00000000200017e4        0x0 load address 0x000000001000c9dc
 .igot.plt      0x00000000200017e4        0x0 /usr/lib/gcc/arm-none-eabi/9.2.1/thumb/v6-m/nofp/crtbegin.o

.uninitialized_data
                0x00000000200017e4        0x0 load address 0x000000001000c9dc